border_size=1
usage=map

Xos         , Xos         , Xos         , Xos         , Xos         , Xos         , Yhr         , Yhr^Ii      , Uu          , Uu^Ufi      , Yhr^Ii      , Yhr^Ii      , Yhr         , Uu^Ufi      , Xos         , Xos         , Xos         , Xos         , Xu          , Xu          , Xu          , Xu          , Xu          , Xu          , Xu          , Xos         , Xos         , Xos         , Xos         , Xos         , Wo          , Wo          , Ww          , Xu          , Xu          , Xu          , Xu          , Xu          , Xu          , Xos         , Xos         , Xos         , Xos         , Xos         , Xos         , Xos         , Xos         , Xos         , Xos         , Xos         , Xos         , Xos         , Xos         , Xos         , Cud         , Cud         , Uu          
Xos         , Xos         , Xos         , Xos         , Yhr^Xp      , Yhr         , Yhr^Ii      , Uu^Ii       , Uu^Ufi      , Uu^Uf       , Yhr         , Yhr^Xp      , Xos         , Xos         , Yhr^Xp      , Xu          , Xu          , Xu          , Yhl         , Yhl         , Re^Uf       , Yhl         , Uu          , Yhl         , Cud         , Xu          , Uu^Cd       , Xos         , Xos         , Xos         , Wo          , Wo          , Wo          , Ww          , Xu          , Xu          , Wwf         , Xu          , Uu^Vu       , Xu          , Xu          , Xos         , Xos         , Xos         , Cud         , Cud         , Cud         , Cud         , Xos         , Xos         , Xos         , Xos         , Uh          , Uh          , Rd          , Rd          , Rd          
Xos         , Xos         , Yhr         , Yhr         , Yhr         , Yhr         , Yhr^Ii      , Uu^Ii       , Yhr         , Yhr         , Xos         , Uu^Xo       , Yhr^Xp      , Xos         , Xos         , Zw          , Uu^Ii       , Yhl         , Uu^Uf       , Re^Uf       , Yhl         , Uu^Uf       , Xos         , Xos         , Xos         , Uu^Cd       , Uu^Ii       , Uu^Cd       , Uu^Cd       , Xos         , Xos         , Xos         , Wo          , Wo          , Wo          , Ww          , Ww          , Uu          , Uu          , Uu          , Xu          , Xu          , Xu          , Cud         , Uu          , Uh          , Uu^Uf       , Uh          , Uu^Uf       , Uu^Uf       , Ce          , Ce          , Uu^Uf       , Uu          , Rd          , Uh          , Cud
Uu          , Yhr         , Yhr         , Yhr         , Uu^Uf       , Yhr^Ii      , Yhr^Ii      , Yhr^Ii      , Yhr         , Xos         , Xos         , Xos         , Xos         , Zw          , Uu^Ii       , Uu^Ii       , Ur          , Ur          , Uh          , Xos         , Xos         , Uu^Uf       , Xos         , Xos         , Xos         , Uu^Cd       , Uu^Cd       , Uu^Cd       , Uu^Cd       , Uu^Cd       , Cud         , Xos         , Wo          , Wo          , Wo          , Wo          , Wo          , Ww          , Wwf         , Uu          , Uh          , Xu          , Rd          , Re          , Rd          , Re^Uf       , Re^Uf       , Re^Uf       , Uu^Vu       , Re^Uf       , Ce          , 1 Ke        , Ce          , Rd          , Cud         , Xos         , Xos         
Yhr         , Yhr         , Yhr         , Yhr^Ii      , Uu^Uf       , Uu^Ufi      , Yhr^Ii      , Yhr         , Yhr^Xp      , Xos         , Xos         , Xos         , Xu          , Xos         , Xos         , Uu^Ufi      , Ur          , Uu^Vu       , Uu^Uf       , Xos         , Xos         , Xos         , Xos         , Xos         , Cud         , Uu^Cd       , Uu^Cd       , Uu^Ii       , Uu^Cd       , Xu          , Xu          , Wwf         , Ww          , Ww          , Ww          , Wwf         , Ww          , Ww          , Wwf         , Uu          , Uu          , Rd          , Re^Uf       , Uu          , Uh          , Uh          , Uu          , Uu          , Rd          , Rd          , Uh          , Ce          , Uu^Uf       , Uh          , Cud         , Xos         , Xos         
Yhr         , Yhr^Xp      , Yhr         , Uu^Ufi      , Uu^Ii       , Yhr^Ii      , Yhr         , Yhr         , Yhr         , Uu^Xo       , Cud         , Xu          , Uh          , Re^Uf       , Uu^Uf       , Uu^Uf       , Ur          , Uu^Uf       , Uu^Uf       , Uh          , Uh          , Xos         , Cud         , Ryd^Z\      , Xos         , Xos         , Xu          , Uu^Cd       , Xu          , Xu          , Xu          , Wo          , Wo          , Wwf         , Uh          , Ww          , Uh          , Wwf         , Uu          , Re          , Uh          , Uu          , Re^Uf       , Re^Uf       , Uh          , Cud         , Uu^Uf       , Uu          , Uu          , Uu          , Uu          , Uu^Uf       , Uu^Uf       , Cud         , Xos         , Xos         , Xos
Yhr^Ii      , Yhr         , Yhr         , Uu^Ii       , Uu^Ufi      , Yhr^Ii      , Yhr         , Yhr         , Xos         , Xos         , Yhr         , Xu          , Uh          , Uu^Uf       , Ur          , Ur          , Uu^Uf       , Ur          , Uu^Uf       , Uu^Uf       , Uh          , Uu          , Xos         , Xos         , Xu          , Xu          , Xu          , Cud         , Xu          , Xu          , Wo          , Wo          , Wo          , Uu          , Uh          , Uu          , Re          , Uu          , Uu          , Re          , Uu^Uf       , Re          , Uu          , Uu^Uf       , Uu          , Cud         , Re          , Re          , Uh          , Uu          , Uu          , Uu          , Uu          , Xu          , Xu          , Xu          , Xu          
Yhr^Ii      , Yhr^Ii      , Yhr         , Yhr         , Uu^Ufi      , Uu^Uf       , Yhr         , Yhr         , Xos         , Xos         , Yhr         , Xu          , Xu          , Xu          , Cud         , Xu          , Re^Uf       , Uu^Uf       , Uu^Uf       , Ur          , Uu          , Xos         , Xu          , Xu          , Xu          , Xu          , Uu          , Uu          , Uu          , Xu          , Xu          , Wo          , Ww          , Uu^Uf       , Uu          , Re          , Uu          , Uh          , Uu          , Uu^Uf       , Rd          , Rd          , Yhl         , Uu          , Re          , Uu          , Rd          , Cud         , Cud         , Cud         , Cud         , Uu^Uf       , Uh          , Uu^Uf       , Uh          , Uu^Vud      , Xu          
Yhr         , Yhr         , Yhr         , Yhr         , Uu          , Yhr         , Yhr         , Yhr^Xp      , Yhr         , Xos         , Xos         , Cud         , Uu^Cd       , Uu^Cd       , Xu          , Xu          , Xu          , Uh          , Xu          , Ur          , Ur          , Uh          , Xu          , Xu          , Xu          , Xu          , Uu          , Ur          , Uu          , Xu          , 4 Kud       , Xu          , Uu          , Wwf         , Wwf         , Wwf         , Ww          , Wwf         , Wwf         , Uu          , Uu          , Ryd         , Ryd         , Re          , Re^Uf       , Re^Uf       , Uu^Uf       , Uu          , Xu          , Xu          , Cud         , Xu          , Yhr^Xp      , Uh          , Uu^Uf       , Uu          , Uh          
Xu          , Yhr^Xp      , Yhr         , Uu^Uf       , Yhr         , Yhr         , Xos         , Yhr         , Uu^Uf       , Xos         , Xos         , Uu^Cd       , Uu^Ii       , Uu^Cd       , Xu          , Xu          , Xu          , Xu          , Xu          , Xu          , Yhr^Xp      , Uu^Uf       , Xu          , Xu          , Xu          , Uu          , Uu          , Ur          , Uu          , Cud         , Cud         , Cud         , Uu          , Uu^Vud      , Uu          , Uu          , Uu          , Ww          , Wwf         , Wwf         , Uu          , Ryd         , Yhl         , Yhl         , Xu          , Xu          , Xu          , Rd          , Cud         , Xu          , Uu^Cd       , Xu          , Xu          , Xu          , Uu          , Uh          , Uh          
Xu          , Xu          , Yhr^Ii      , Yhr         , Xos         , Xos         , Xos         , Yhr         , Uu^Ufi      , Xos         , Cud         , Uu^Cd       , Uu^Cd       , Uu^Cd       , Cud         , Xu          , Xu          , Xu          , Yhr^Xp      , Xu          , Xu          , Zw          , Uh^Ii       , Xu          , Ryd^Z\      , Uu          , Uu          , Uu          , Uu^Vu       , Uu          , Uu          , Uu          , Uu          , Ryd         , Ryd         , Uu          , Cud         , Wwf         , Ww          , Wwf         , Ww          , Yhl         , Ryd         , Yhl         , Cud         , Xu          , Uu^Cd       , Xu          , Xu          , Uu^Cd       , Uu^Cd       , Uu^Cd       , Uu^Cd       , Cud         , Xu          , Uu          , Ww          
Xu          , Uu^Ufi      , Yhr^Ii      , Yhr         , Xu          , Xu          , Xos         , Yhr         , Yhr         , Uu^Xo       , Xos         , Xos         , Cud         , Xu          , Uu^Cd       , Uu^Cd       , Uu^Cd       , Xu          , Xu          , Zw          , Uh^Ii       , Uh^Ii       , Uh^Ii       , Uu          , Xu          , Xu          , Ur          , Ur          , Ryd         , Uu          , Uu          , Ur          , Ur          , Ur          , Ur          , Uu          , Cud         , Xos         , Wo          , Ww          , Wwf         , Xu          , Xu          , Xu          , Xu          , Uu^Cd       , Uu^Cd       , Uu^Cd       , Uu^Cd       , Uu^Cd       , Uu^Cd       , Uu^Ii       , Uu^Cd       , Xu          , Xu          , Ww          , Wo
Yhr         , Yhr^Ii      , Yhr         , Yhr         , Yhr^Xp      , Xu          , Xu          , Xos         , Yhr         , Yhr         , Xos         , Xos         , Yhr         , Xu          , Uu^Cd       , Uu^Ii       , Uu^Cd       , Cud         , Xu          , Xu          , Zw          , Uh^Ii       , Zw          , Xu          , Xu          , Xu          , Ur          , Ryd         , Uu          , Uu          , Cud         , Ur          , Ur          , Ur          , Ryd         , Uu^Vu       , Cud         , Xos         , Xos         , Ww          , Ww          , Wwf         , Ww          , Xu          , Xu          , Uu^Cd       , Uu^Cd       , Uu^Ii       , Uu^Cd       , Uu^Cd       , Uu^Cd       , Uu^Cd       , Xu          , Cud         , Ww          , Ww          , Wo          
Yhr         , Yhr         , Xu          , Yhr         , Yhr         , Yhr         , Yhr         , Yhr         , Yhr         , Yhr^Xp      , Xos         , Xos         , Cud         , Cud         , Uu^Cd       , Uu^Cd       , Uu^Cd       , Cud         , Cud         , Yhr^Xp      , Xu          , Xu          , Xu          , Yhr^Xp      , Yhr         , Uh          , Yhr         , Uu          , Xu          , Cud         , Uu          , Uu          , Uu          , Ryd         , Uu          , Ryd         , Cud         , Xos         , Xos         , Xos         , Xos         , Ww          , Wo          , Wo          , Ww          , Xu          , Xu          , Uu^Cd       , Xu          , Uu^Cd       , Xu          , Xu          , Xu          , Xu          , Wo          , Wo          , Wo          
Yhr^Xp      , Xu          , Uu^Ii       , Xu          , Uu^Ufi      , Yhr^Ii      , Yhr^Ii      , Yhr         , Xos         , Xos         , Yhr         , Cud         , Cud         , Cud         , Uu^Cd       , Uu^Ii       , Uu^Cd       , Cud         , Cud         , Xu          , Uu^Uf       , Xu          , Xu          , Xu          , Yhr         , Yhr         , Yhr         , Uh          , Xu          , Cud         , Cud         , Uu^Uf       , Uu          , Uu          , Uu          , Cud         , Xos         , Uu^Cd       , Uu^Cd       , Uu^Cd       , Uu^Cd       , Xos         , Xos         , Wo          , Ww          , Wwf         , Xu          , Cud         , Xu          , Xu          , Wo          , Xu          , Wo          , Wo          , Wo          , Wo          , Wo          
Xu          , Xu          , Uu          , Xu          , Yhr^Ii      , Yhr^Ii      , Uu^Ufi      , Xos         , Xos         , Xos         , Re^Uf       , Ss          , Cud         , Cud         , Cud         , Uu^Cd       , Cud         , Cud         , Xu          , Xu          , Uu^Uf       , Xu          , Uh          , Yhr         , Uu^Ii       , Yhr         , Ss          , Ss          , Uh          , Xu          , Xu          , Cud         , Ur          , Ur          , Uu          , Uu^Uf       , Uu^Uf       , Xos         , Uu^Cd       , Uu^Ii       , Uu^Cd       , Xos         , Uh          , Ww          , Wwf         , Ww          , Wwf         , Wwf         , Ww          , Ww          , Ww          , Wo          , Wo          , Wo          , Wo          , Wo          , Wo          
Xu          , Xu          , Uu^Uf       , Uu^Ufi      , Yhr         , Yhr         , Yhr         , Xos         , Xos         , Xos         , Re^Uf       , Ss          , Ss          , Cud         , Cud         , Cud         , Cud         , Xu          , Uu^Uf       , Re^Uf       , Uu^Uf       , Uu          , Uh          , Yhr         , Yhr         , Yhr         , Ss          , Ss          , Uh          , Uh          , Xu          , Cud         , Ryd         , Ur          , Uu          , Uu^Uf       , Xos         , Xos         , Uu^Cd       , Uu^Cd       , Uu^Cd       , Xos         , Uh          , Ww          , Ww          , Wwf         , Uu          , Wwf         , Uh          , Wwf         , Xos         , Xos         , Xos         , Xos         , Xos         , Xos         , Xos         
Xu          , Yhr^Xp      , Yhr         , Yhr         , Yhr         , Yhr         , Yhr         , Yhr         , Yhr^Xp      , Xos         , Xos         , Re^Uf       , Ss          , Ss          , Uu^Uf       , Cud         , Uu          , Re^Uf       , Uu          , Re^Uf       , Uh          , Xu          , Xu          , Xu          , Uu          , Ss          , Ss          , Ss          , Ss          , Xu          , Xu          , Xu          , Ss          , Ryd         , Uh          , Uu          , Xos         , Xos         , Uu^Cd       , Uu^Ii       , Uu^Cd       , Xos         , Xos         , Uh          , Ww          , Uu^Uf       , Ur          , Uu^Vud      , Uu^Uf       , Uh          , Uh          , Cud         , Cud         , Xos         , Xu          , Xu          , Xu          
Yhr         , Yhr         , Yhr         , Xos         , Yhr         , Yhr         , Xu          , Yhr         , Xu          , Xu          , Xos         , Re^Uf       , Uu^Uf       , Re^Uf       , Uu^Ii       , Uu          , Uh          , Re^Uf       , Uu          , Uu^Uf       , Re^Uf       , Xu          , Uu          , Cud         , Xu          , Ss^Bw\      , Ss^Bw|      , Ss          , Ss          , Ss          , Ss          , Ss          , Ss          , Ss^Bw|      , Ss          , Ss          , Ss^Bw/      , Cud         , Xos         , Uu^Cd       , Xos         , Cud         , Uu          , Uh          , Uu^Uf       , Uu^Uf       , Ur          , Uh          , Uu^Uf       , Uu^Uf       , Cud         , Uu^Uf       , Cud         , Xos         , Xu          , Xu          , Xu          
Yhr         , Yhr         , Xos         , Xos         , Yhr         , Yhr         , Xu          , Xu          , Yhr         , Xos         , Ss          , Xos         , Uu^Uf       , Re^Uf       , Uu          , Uu          , Uh          , Uu          , Uu          , Uu^Uf       , Re^Uf       , Uu^Uf       , Uu          , Xu          , Xu          , Ss          , Yhr         , Ss          , Ss          , Ss          , Ss          , Ss          , Ss          , Ss^Bw\      , Ss^Bw|      , Ss^Bw/      , Ss          , Xos         , Re^Uf       , Cud         , Xos         , Xos         , Uu          , Uh          , Ur          , Ur          , Ur          , Ur          , Ur          , Cud         , 5 Kud       , Uu^Vu       , Uu^Uf       , Xos         , Xos         , Xu          , Xu          
Xos         , Xos         , Xu          , Xos         , Yhr         , Yhr         , Xu          , Yhr         , Yhr         , Ss          , Ss          , Ss          , Uu^Uf       , Uu          , Ss          , Ss^Bw\      , Ss          , Uu          , Uu^Uf       , Re^Uf       , Uu          , Uu          , Uu          , Xu          , Yhr^Xp      , Yhr         , Yhr         , Ss          , Ss          , Ss          , Ss          , Cud         , Ss          , Ss          , Ss^Bw/      , Ss          , Uu^Uf       , Ss          , Uu^Uf       , Xos         , Xos         , Xos         , Uu^Uf       , Ur          , Uu^Uf       , Re^Uf       , Uu^Vud      , Uu^Uf       , Uu^Uf       , Cud         , Cud         , Uu^Uf       , Uu^Ii       , Uu^Uf       , Uh          , Xos         , Xu          
Xu          , Xu          , Xu          , Xos         , Yhr         , Yhr         , Xu          , Xu          , Re^Uf       , Yhr         , Re^Uf       , Re^Uf       , Uu^Ii       , Uu          , Yhr         , Ss          , Ss          , Ss          , Ss          , Uu^Uf       , Xu          , Xu          , Xu          , Yhr         , Yhr         , Yhr^Xp      , Yhr         , Yhr         , Ss          , Ss          , Xu          , Cud         , Cud         , Ss^Bw/      , Ss          , Ss          , Re^Uf       , Re^Uf       , Re^Uf       , Uu^Uf       , Uu^Uf       , Cud         , Xu          , Uu^Uf       , Xu          , Uu^Uf       , Re^Uf       , Rd          , Rd          , Qxu         , Qxu         , Uh          , Uu^Uf       , Uh          , Uh          , Xos         , Xos         
Xu          , Xu          , Xu          , Xu          , Yhr^Xp      , Yhr         , Xu          , Uu^Vu       , Uu^Uf       , Re^Uf       , Xos         , Re^Uf       , Uu          , Uu^Uf       , Yhr         , Ss          , Ss          , Ss          , Ss          , Ur          , Uu^Uf       , Xu          , Xu          , Yhr         , Yhr         , Uu^Ii       , Yhr         , Yhr         , Xu          , Xu          , Xu          , Uu          , Uu          , Cud         , Cud         , Xu          , Xu          , Re^Uf       , Uh          , Uh          , Xu          , Xu          , Xu          , Uh          , Xu          , Uu^Uf       , Uu^Uf       , Uh          , Rd          , Qxu         , Uh          , Uh          , Qxu         , Xu          , Xu          , Yhr         , Xos         
Xu          , Xu          , Xu          , Xu          , Xu          , Uu^Xo       , Cud         , Uu^Uf       , Uu^Uf       , Xos         , Xos         , Xos         , Uh          , Ur          , Xu          , Yhr         , Xu          , Ss          , Uu^Uf       , Ur          , Uh          , Xu          , Uu          , Yhr^Xp      , Uh          , Yhr^Xp      , Yhr         , Yhr^Xp      , Ryd^Z/      , Xu          , Ryd         , Uu          , Ur          , Ur          , Xu          , Xu          , Xu          , Xu          , Xu          , Uh          , Xu          , Xu          , Xos         , Uu          , Uu^Uf       , Xu          , Uh          , Uu^Uf       , Rd          , Qxu         , Uh          , Qxu         , Qxu         , Xu          , Xu          , Yhr^Xp      , Xos
Ql          , Xu          , Xu          , Xu          , Xu          , Cud         , Xos         , Xos         , Xos         , Xos         , Xos         , Xos         , Xos         , Ur          , Uu^Uf       , Xu          , Xu          , Ss          , Uu^Uf       , Re^Uf       , Uh          , Xu          , Uu          , Uu^Uf       , Uh          , Yhr         , Yhr^Xp      , Xu          , Xu          , Ryd         , Ryd         , Uu          , Ur          , Ryd         , Ryd^Z/      , Xu          , Xu          , Yhr^Xp      , Xos         , Xos         , Xos         , Xos         , Xos         , Xu          , Uu^Uf       , Uu^Uf       , Qxu         , Uu^Vu       , Rd          , Uu          , Uh          , Qxu         , Qxu         , Qxu         , Yhr         , Yhr^Ii      , Yhr^Ii      
Ql          , Xu          , Cud         , Cud         , Uu^Cd       , Uu^Cd       , Uu^Cd       , Uu^Cd       , Uu^Cd       , Xos         , Xos         , Xos         , Uh          , Ur          , Re^Uf       , Ur          , Ur          , Uu^Vud      , Ur          , Ur          , Uh          , Uu^Uf       , Uh          , Uu^Uf       , Re          , Uh          , Xu          , Xu          , Xu          , Xu          , Uu          , Ur          , Xu          , Xu          , Ryd         , Ryd         , Qxu         , Qxu         , Xos         , Xos         , Xos         , Xos         , Xos         , Xu          , Uh          , Rd          , Qxu         , Qxu         , Uu^Uf       , Uh          , Qxu         , Qxu         , Qxu         , Xu          , Xu          , Yhr^Xp      , Uu^Uf       
Qlf         , Ql          , Xu          , Xos         , Uu^Cd       , Uu^Ii       , Uu^Cd       , Uu^Ii       , Uu^Cd       , Uu^Cd       , Cud         , Xos         , Re^Uf       , Uh          , Re^Uf       , Uu^Uf       , Uu          , Uu          , Uu          , Uu          , Uu          , Uu^Vud      , Uu^Uf       , Re          , Rd          , Uh          , Re^Uf       , Xu          , Xu          , Uu^Uf       , Uu          , Uu          , Xu          , Xu          , Xu          , Ryd         , Xos         , Xos         , Uu^Cd       , Uu^Cd       , Uu^Cd       , Xos         , Xos         , Qxu         , Uh          , Rd          , Qxu         , Qxu         , Ur          , Qxu         , Qxu         , Qxu         , Qxu         , Xu          , Xu          , Xu          , Uu^Ufi      
Qlf         , Qlf         , Xu          , Xos         , Uu^Cd       , Uu^Cd       , Uu^Ii       , Uu^Cd       , Xu          , Xu          , Xu          , Uu^Uf       , Uu^Uf       , Uu^Uf       , Uu          , Uu          , Uu^Cd       , Uu^Cd       , Uu^Cd       , Uu          , Uu          , Uh          , Re^Uf       , Re          , Uu          , Uh          , Uh          , Xu          , Xu          , Xu          , Uu          , Uu^Uf       , Ur          , Xu          , Ryd         , Ryd         , Xos         , Xos         , Uu^Cd       , Uu^Ii       , Uu^Cd       , Xos         , Qxu         , Qxu         , Uu^Ii       , Uu^Uf       , Uu          , Ur          , Uu          , Qxu         , Qxu         , Qxu         , Xu          , Uu^Uf       , Xu          , Xu          , Yhr^Xp      
Qlf         , Qlf         , Qlf         , Cud         , Xu          , Uu^Cd       , Uu^Cd       , Uu^Cd       , Xu          , Xu          , Xu          , Uh          , Uh          , Uu^Uf       , Uu          , Uu          , Uu^Cd       , Uu^Ii       , Uu^Cd       , Uu          , Uu          , Uh          , Ur          , Re^Uf       , Re          , Re^Uf       , Re^Uf       , Xu          , Uu^Vu       , Uu^Uf       , Uu          , Uu^Uf       , Ur          , Ur          , Qxu         , Qxu         , Qxu         , Xos         , Xos         , Uu^Cd       , Uu^Ii       , Qxu         , Qxu         , Qxu         , Uu^Uf       , Uu          , Ur          , Ur          , Uu^Uf       , Uh          , Qxu         , Xu          , Xu          , Uh          , Xos         , Uu^Uf       , Yhr^Ii      
Ql          , Qlf         , Qlf         , Xu          , Xu          , Uu^Cd       , Xu          , Xu          , Uu^Uf       , Yhr^Xp      , Xu          , Uh          , Uu^Uf       , Uu^Uf       , Uu^Vu       , Uu          , Uu          , Uu^Cd       , 6 Uu^Kd     , Uu^Cd       , Uu          , Uu^Vu       , Ur          , Uu          , Re^Uf       , Re          , Uu          , Uh          , Uh          , Uu^Uf       , Uu          , Uu          , Uu          , Ur          , Qxu         , Qxu         , Qxu         , Qxu         , Qxu         , Xos         , Qxu^Bs|     , Qxu         , Qxu         , Qxu         , Qxu^Bs/     , Ur          , Qxu         , Ur          , Uu^Uf       , Uh          , Qxu         , Xu          , Xu          , Uh          , Uh          , Yhr^Xp      , Yhr^Xp      
Ql          , Qlf         , Qlf         , Qlf         , Qlf         , Cud         , Xu          , Xu          , Uu^Uf       , Yhr         , Uu^Uf       , Xu          , Uh          , Uu^Uf       , Uu^Uf       , Uu          , Uu          , Uu^Cd       , Uu^Cd       , Uu^Cd       , Uu          , Ur          , Ur          , Uu          , Uu^Uf       , Uu          , Uu          , Re          , Re          , Rd          , Uu^Uf       , Ur          , Ur          , Ur          , Qxu         , Qxu         , Qxu         , Qxu         , Ur          , Qxu         , Ur          , Qxu         , Qxu^Bs/     , Qxu^Bs/     , Qxu         , Qxu         , Qxu         , Ur          , Ur          , Uu          , Uh          , Qxu         , Xu          , Xu          , Yhr^Xp      , Yhr         , Xu          
Xu          , Ql          , Ql          , Qlf         , Qlf         , Xu          , Qlf         , Xu          , Xu          , Yhr         , Uu^Uf       , Xu          , Xu          , Uh          , Uh          , Uu          , Uu          , Uu          , Uu          , Uu          , Ur          , Ur          , Uh          , Uh          , Uh          , Uu^Uf       , Uh          , Uh          , Uh          , Re^Uf       , Uu^Uf       , Ur          , Ur          , Ur          , Ur          , Qxu         , Qxu^Bs/     , Qxu^Bs/     , Qxu         , Ur          , Qxu         , Ur          , Qxu         , Qxu         , Qxu         , Qxu         , Qxu         , Qxu         , Qxu         , Ur          , Uu^Uf       , Qxu         , Qxu         , Xu          , Yhr         , Uu^Uf       , Xu          
Yhr^Xp      , Xu          , Xu          , Ql          , Qlf         , Qlf         , Qlf         , Xu          , Xu          , Yhr^Xp      , Yhr         , Uu^Uf       , Xu          , Xos         , Xos         , Uh          , Uu^Uf       , Uu          , Uu^Vud      , Uu          , Uu          , Uu^Uf       , Ryd         , Uh          , Xos         , Xu          , Xu          , Xu          , Uh          , Uh          , Xu          , Uu^Uf       , Ur          , Ur          , Ur          , Qxu^Bs/     , Qxu         , Qxu         , Qxu         , Xu          , Xu          , Qxu         , Qxu         , Qxu         , Xu          , Qxu         , Xu          , Qxu         , Qxu         , Qxu         , Uh          , Qxu         , Qxu         , Yhr         , Xu          , Xu          , Qxu         
Uu^Uf       , Xu          , Xu          , Ql          , Ql          , Qlf         , Qlf         , Xu          , Xu          , Xu          , Yhr         , Xu          , Xu          , Xos         , Xos         , Yhr         , Xos         , Uu^Uf       , Uh          , Uh          , Xos         , Uh          , Uu          , Ryd         , Uh          , Xos         , Xos         , Xu          , Xu          , Xu          , Uh          , Qxu         , Ur          , Uu          , Qxu         , Qxu         , Qxu         , Qxu         , Xu          , Xu          , Xu          , Xu          , Xu          , Xu          , Xu          , Xu          , Xu          , Xu          , Xu          , Qxu         , Qxu         , Qxu         , Qxu         , Qxu         , Qxu         , Qxu         , Qxu         
Yhr         , Yhr^Xp      , Xu          , Xu          , Ql          , Qlf         , Qlf         , Qlf         , Qlf         , Xu          , Ql          , Xu          , Xu          , Xos         , Xos         , Yhr         , Xos         , Xos         , Xos         , Xos         , Xu          , Xos         , Uu          , Ryd         , Uu^Uf       , Xos         , Re^Uf       , Xos         , Uh          , Uh          , Uu          , Qxu         , Ur          , Uu^Uf       , Qxu         , Qxu         , Xu          , Xu          , Xu          , Xu          , Xu          , Xu          , Xu          , Xu          , Xu          , Xu          , Xu          , Xu          , Xu          , Xu          , Xu          , Qxu         , Qxu         , Qxu         , Xos         , Qxu         , Xos         
Yhr^Xp      , Yhr         , Yhr^Xp      , Xu          , Ql          , Qlf         , Qlf         , Qlf         , Qlf         , Ql          , Ql          , Ql          , Xu          , Xu          , Yhr^Xp      , Yhr         , Yhr         , Yhr^Xp      , Uu^Uf       , Uu^Uf       , Xu          , Uh          , Uu          , Uu          , Uu^Vud      , Re^Uf       , Re          , Re^Uf       , Uu          , Uu^Uf       , Uu^Vud      , Uu^Uf       , Uu^Uf       , Uh          , Qxu         , Qxu         , Xu          , Xu          , Xu          , Xu          , Aa          , Xu          , Xu          , Xu          , Xu          , Xu          , Xu          , Xu          , Xu          , Xu          , Xu          , Xu          , Xu          , Xos         , Xos         , Xos         , Xu          
Xu          , Yhr         , Yhr         , Xu          , Yhr^Ii      , Ql          , Ql          , Qlf         , Qlf         , Ql          , Ql          , Xu          , Xu          , Uu^Uf       , Yhr         , Yhr         , Yhr         , Yhr         , Yhr         , Yhr^Xp      , Xu          , Qxu         , Qxu^Bs|     , Qxu         , Qxu         , Uh          , Uh          , Re          , Uh          , Xu          , Ur          , Ur          , Uh          , Xu          , Qxu         , Xu          , Xu          , Xu          , Aa          , Aa          , Xu          , Xu          , Xu          , Aa          , Aa          , Xu          , Aa          , Aa          , Xu          , Xu          , Xu          , Xu          , Xu          , Xu          , Xu          , Xu          , Xu          
Xu          , Xu          , Yhr         , Yhr         , Xu          , Ql          , Ql          , Qlf         , Ql          , Ql          , Qlf         , Ql          , Yhr         , Yhr         , Xu          , Yhr^Xp      , Xu          , Yhr^Xp      , Yhr         , Uu^Uf       , Xu          , Uu^Uf       , Uu          , Qxu         , Qxu         , Uu^Uf       , Uu^Uf       , Uu          , Xu          , Xu          , Ur          , Uu^Uf       , Qxu         , Xu          , Qxu         , Xu          , Xu          , Aa          , Aa          , Xu          , Xu          , Xu          , Xu          , Aa          , Xu          , Aa          , Xu          , Aa          , Xu          , Aa          , Aa          , Xu          , Xu          , Xu          , Aa          , Aa          , Xu          
Qlf         , Xu          , Yhr         , Xu          , Xu          , Xu          , Ql          , Ql          , Ql          , Ql          , Ql          , Ql          , Xu          , Xu          , Xu          , Xu          , Xu          , Xu          , Yhr         , Xu          , Qxu         , Uu          , Ur          , Uh          , Qxu         , Qxu         , Qxu         , Qxu         , Ur          , Qxu^Bs/     , Qxu         , Qxu         , Qxu         , Qxu         , Qxu         , Xu          , Xu          , Xu          , Xu          , Aa          , Aa          , Xu          , Xu          , Aa          , Xu          , Xu          , Xu          , Aa          , Xu          , Xu          , Xu          , Aa          , Aa          , Aa          , Xu          , Xu          , Xu          
Qlf         , Qlf         , Qlf         , Xu          , Ql          , Xu          , Ql          , Ql          , Qxu         , Ql          , Qxu         , Xu          , Qxu         , Qxu         , Qxu         , Qxu         , Qxu         , Qxu         , Qxu         , Qxu         , Qxu         , Uh          , Uh          , Uu          , Uu^Uf       , Qxu         , Qxu         , Ur          , Uu^Uf       , Uu          , Qxu         , Qxu         , Qxu         , Qxu         , Qxu         , Xu          , Xu          , Xu          , Aa          , Aa          , Xu          , Xu          , Xu          , Aa          , Xu          , Xu          , Xu          , Aa          , Xu          , Xu          , Aa          , Aa          , Xu          , Aa          , Aa          , Xu          , Xu          
Qlf         , Qlf         , Qlf         , Ql          , Ql          , Ql          , Ql          , Qxu         , Qxu         , Qxu         , Qxu         , Qxu         , Qxu         , Qxu         , Qxu         , Qxu         , Qxu         , Qxu         , Qxu         , Qxu         , Qxu         , Qxu         , Uu^Uf       , Ur          , Ur          , Uh          , Ur          , Uu^Uf       , Uu          , Uu          , Qxu         , Qxu         , Xu          , Qxu         , Xu          , Xu          , Xu          , Aa          , Xu          , Xu          , Xu          , Xu          , Xu          , Aa          , Xu          , Xu          , Xu          , Aa          , Xu          , Aa          , Xu          , Xu          , Xu          , Xu          , Xu          , Aa          , Xu          
Qlf         , Qlf         , Ql          , Ql          , Ql          , Ql          , Ql          , Qxu         , Qxu         , Qxu         , Qxu         , Qxu         , Qxu         , Qxu         , Qxu         , Qxu         , Qxu         , Qxu         , Qxu         , Qxu         , Qxu         , Qxu         , Uu^Uf       , Ur          , Uu^Uf       , Uu^Uf       , Ur          , Ur          , Qxu         , Qxu         , Xu          , Xu          , Xu          , Xu          , Xu          , Xu          , Xu          , Xu          , Xu          , Xu          , Xu          , Xu          , Xu          , Xu          , Xu          , Xu          , Xu          , Xu          , Xu          , Xu          , Xu          , Xu          , Xu          , Xu          , Xu          , Xu          , Xu          
