border_size=1
usage=map

Xu          , Xu          , Xu          , Xu          , Xu          , Xu          , Xu          , Xu          , Xu          , Xu          , Xu          , Xu          , Xu          , Xu          , Xu          , Xu          , Qxu         , Qxu         , Qxu         , Qxu         , Qxu         , Qxu         , Qxu         , Xu          , Xu          , Xu          , Xu          , Xu          , Xu          , Xu          , Xu          , Xu          , Xu          , Xu          , Xu          , Xu          , Xu          , Xu          , Xu          , Xu          , Xu          , Xu          , Xu          , Xu          , Xu          , Qxu         , Xu          , Xu          , Xu          , Xu          , Qxu         , Qxu         , Qxu         , Qxu         , Uh          , Uu^Uf       , Uu^Uf       
Xu          , Xu          , Xu          , Xu          , Uu^Uf       , Uu^Uf       , Uh          , Xu          , Xu          , Xu          , Xu          , Xu          , Xu          , Xu          , Qxu         , Qxu         , Qxu         , Qxu         , Uh          , Uh          , Uh          , Qxu         , Qxu         , Qxu         , Xu          , Xu          , Xu          , Xu          , Xu          , Xu          , Xu          , Xu          , Xu          , Xu          , Xu          , Xu          , Xu          , Xu          , Xu          , Xu          , Xu          , Xu          , Xu          , Xu          , Xu          , Qxu         , Qxu         , Xu          , Qxu         , Qxu         , Qxu         , Qxu         , Qxu         , Qxu         , Uu^Uf       , Uu          , Uu          
Xu          , Xu          , Uu          , Uu          , Uu          , Uu          , Uu          , Uu^Uf       , Uu^Uf       , Xu          , Xu          , Xu          , Xu          , Xu          , Qxu         , Qxu         , Qxu         , Uh          , Uh          , Uu^Ii       , Uu          , Qxu         , Qxu         , Qxu         , Xu          , Xu          , Xu          , Xu          , Xu          , Xu          , Uh          , Uh          , Uu^Uf       , Uh          , Uu^Uf       , Xu          , Uh          , Xu          , Uh          , Xu          , Xu          , Xu          , Qxu         , Xu          , Xu          , Qxu         , Qxu         , Qxu         , Ce          , Ce          , Ce          , Uh          , Qxu         , Uh          , Rp          , Uh          , Qxu         
Xu          , Uu^Uf       , Uu^Uf       , Uu          , Qxu         , Qxu         , Qxu         , Uu          , Uh          , Xu          , Xu          , Xu          , Xu          , Xu          , Xu          , Qxu         , Qxu         , Uh          , Uu          , Ryd         , Ryd         , Uh          , Uh          , Qxu         , Qxu         , Xu          , Xu          , Xu          , Xu          , Uh          , Uu^Uf       , Uu^Uf       , Uu^Uf       , Uu^Uf       , Uh          , Xu          , Uu^Uf       , Uh          , Uh          , Xu          , Xu          , Qxu         , Qxu         , Xu          , Xu          , Xu          , Qxu         , Uu^Uf       , Ce          , 1 Ke        , Ce          , Uu^Uf       , Uh          , Rd          , Rp          , Uh          , Qxu         
Xu          , Uu^Uf       , Uu^Ii       , Uu          , Qxu         , Xu          , Qxu         , Uu          , Ryd         , Uh          , Xu          , Xu          , Xu          , Xu          , Xu          , Qxu         , Qxu         , Qxu         , Qxu         , Uh          , Ryd         , Ryd         , Uu          , Qxu         , Qxu         , Xu          , Xu          , Xu          , Uu^Uf       , Uh          , Uu          , Uu          , Rd          , Uu^Uf       , Uu          , Rp          , Rp          , Uu          , Uh          , Uh          , Qxu         , Qxu         , Qxu         , Xu          , Xu          , Xu          , Uu^Vu       , Uu          , Uu          , Ce          , Uu          , Uu^Uf       , Rp          , Uh          , Qxu         , Uh          , Qxu         
Xu          , Uu^Uf       , Xu          , Qxu         , Xu          , Xu          , Uh          , Uu          , Ryd         , Uh          , Qxu         , Xu          , Xu          , Xu          , Xu          , Xu          , Qxu         , Qxu         , Qxu         , Uh          , Uu          , Ryd         , Qxu         , Qxu         , Xu          , Xu          , Xu          , Uh          , Uu^Uf       , Uu          , Uu^Uf       , Uu^Uf       , Rd          , Uu          , Uh          , Uu          , Uu^Uf       , Rp          , Uu          , Uu^Vud      , Qxu         , Uu^Uf       , Uu^Uf       , Uu^Ufi      , Uh^Ii       , Uu^Ii       , Uu          , Rd          , Rp          , Rd          , Rp          , Uh          , Uu^Vud      , Qxu         , Uh          , Qxu         , Qxu         
Xu          , Xu          , Xu          , Xu          , Xu          , Xu          , Ryd         , Ryd         , Qxu         , Qxu         , Qxu         , Qxu         , Qxu         , Xu          , Xu          , Xu          , Qxu         , Qxu         , Qxu         , Qxu         , Uu          , Ryd         , Qxu         , Qxu         , Xu          , Xu          , Uu          , Uh          , Ryd         , Uu          , Ryd         , Rd          , Uu          , Uu          , Uh          , Xu          , Xu          , Rp          , Re^Uf       , Uu^Uf       , Uu          , Rp          , Rd          , Rd          , Rd          , Uu          , Rd          , Uu^Vud      , Uu          , Uu^Uf       , Xu          , Uh          , Qxu         , Qxu         , Xu          , Xu          , Qxu         
Uh          , Uh          , Uh^Ii       , Uh          , Uh          , Uu          , Ryd         , Re          , Re          , Qxu         , Qxu         , Qxu         , Qxu         , Xu          , Xu          , Xu          , Uu^Uf       , Qxu         , Uu^Vu       , Uu          , Uu          , Ryd         , Uu          , Xu          , Xg^Zsw      , Uu          , Ryd         , Ryd         , Uu^Uf       , Ryd         , Uu^Vud      , Rd          , Re^Uf       , Uu^Uf       , Uu          , Xu          , Xu          , Uu          , Uu^Uf       , Re^Uf       , Rd          , Re          , Uu          , Uu^Ufi      , Uu          , Uu^Uf       , Uu          , Uu^Ufi      , Qxu         , Uh          , Xu          , Xu          , Qxu         , Qxu         , Xu          , Xu          , Qxu         
Uh          , Uh^Ii       , Uh^Ii       , Uh          , Ryd         , Ryd         , Uh^Ii       , Uh          , Qxu         , Qxu^Bs\     , Re          , Qxu         , Uu          , Qxu         , Xu          , Uu^Uf       , Uu^Uf       , Qxu         , Uu          , Uu          , Ryd         , Ryd         , Ryd         , Uu          , Ryd         , Xg^Zsw      , Xg^Zsw      , Uu          , Qxu         , Uu^Uf       , Xu          , Uh          , Uu^Uf       , Re^Uf       , Uu          , Xu          , Uh          , Xu          , Xu          , Uu          , Xu          , Uu          , Qxu         , Qxu         , Uu^Uf       , Uu^Ii       , Uu^Ii       , Uu^Ufi      , Uh^Ii       , Qxu         , Qxu         , Xu          , Qxu         , Qxu         , Xu          , Xu          , Xu          
Uh          , Uh^Ii       , Uu^Ii       , Uu          , Uu          , Uh          , Uh^Ii       , Uh          , Qxu         , Qxu         , Qxu         , Re          , Uu          , Re          , Uu          , Xu          , Uu          , Uu^Uf       , Uu          , Ryd         , Uu          , Uu          , Uu^Uf       , Ryd         , Uu          , Uu          , Xu          , Qxu         , Xu          , Qxu         , Qxu         , Uh          , Uh          , Ryd         , Uu          , Uh          , Uh          , Qxu         , Qxu         , Xu          , Xu          , Xu          , Qxu         , Qxu         , Qxu         , Uu^Ufi      , Uh^Ii       , Uh^Ii       , Uu^Ufi      , Uh^Ii       , Xu          , Xu          , Xu          , Xu          , Xu          , Xu          , Xu          
Qxu         , Uh          , Uu^Ii       , Uu          , Uu          , Uu^Ii       , Uu^Ii       , Qxu         , Qxu         , Xu          , Qxu         , Qxu         , Qxu         , Qxu         , Uu          , Re          , Re          , Re          , Uu          , Uu          , Uu^Uf       , Uu          , Uu^Uf       , Xu          , Xu          , Xu          , Xu          , Xu          , Xu          , Xu          , Xu          , Xu          , Xu          , Uu          , Re          , Uu          , Uu          , Uu          , Qxu         , Xu          , Xu          , Xu          , Xu          , Xu          , Xu          , Xu          , Xu          , Xu          , Xu          , Xu          , Xu          , Xu          , Xu          , Xu          , Xu          , Xu          , Xu          
Qxu         , Uu^Ii       , Ryd         , Ryd         , Uu          , Uu          , Uu^Ii       , Qxu         , Qxu         , Qxu         , Qxu         , Qxu         , Qxu         , Qxu         , Qxu         , Uu          , Uu          , Uu          , Xu          , Uu^Uf       , Xu          , Uu^Uf       , Xu          , Xu          , Xu          , Xu          , Xu          , Xu          , Xu          , Xu          , Xu          , Xu          , Uu          , Xu          , Uu          , Ryd         , Uu          , Uh          , Uh          , Qxu         , Qxu         , Xu          , Xu          , Xu          , Xu          , Xu          , Xu          , Xu          , Xu          , Xu          , Xu          , Qxu         , Xu          , Xu          , Xu          , Xu          , Xu          
Qxu         , Qxu         , Qxu^Bs|     , Qxu         , Qxu         , Qxu         , Qxu         , Qxu         , Qxu         , Qxu         , Xu          , Xu          , Xu          , Xu          , Uh          , Qxu         , Xu          , Xu          , Xu          , Xu          , Xu          , Xu          , Xu          , Xu          , Xu          , Xu          , Xu          , Xu          , Uh          , Xu          , Uh          , Uh          , Ryd         , Uu^Vu       , Re          , Ryd         , Uu^Uf       , Uu          , Uh          , Qxu         , Qxu         , Xu          , Xu          , Qxu         , Qxu         , Xu          , Uh          , Uh          , Uh          , Qxu         , Qxu         , Qxu         , Qxu         , Xu          , Xu          , Xu          , Xu          
Qxu         , Qxu         , Qxu^Bs|     , Qxu         , Qxu         , Qxu         , Qxu         , Qxu         , Qxu         , Xu          , Xu          , Xu          , Xu          , Xu          , Xu          , Uh          , Qxu         , Xu          , Xu          , Xu          , Xu          , Xu          , Wo          , Wo          , Xu          , Xu          , Xu          , Xu          , Uh          , Uu^Uf       , Uu^Vu       , Ryd         , Uu          , Re          , Uu          , Uu          , Xu          , Xu          , Xu          , Qxu         , Xu          , Xu          , Xu          , Qxu         , Qxu         , Uh          , Uh          , Uu^Ii       , Uh          , Uh          , Qxu         , Qxu         , Xu          , Xu          , Xu          , Xu          , Xu          
Uh          , Qxu         , Qxu^Bs|     , Qxu         , Qxu         , Qxu         , Qxu         , Qxu         , Uh          , Uh          , Xu          , Xu          , Xu          , Xu          , Xu          , Qxu         , Xu          , Xu          , Xu          , Xu          , Ww          , Wo          , Xu          , Xu          , Xu          , Xu          , Qxu         , Xu          , Uu^Uf       , Uu^Uf       , Ce          , Uu          , Uu          , Uu          , Uh          , Qxu         , Qxu         , Xu          , Xu          , Xu          , Xu          , Xu          , Xu          , Xu          , Qxu         , Uh          , Uu          , Re          , Uu          , Uh          , Qxu         , Qxu         , Xu          , Xu          , Xu          , Xu          , Xu          
Uh          , Uu          , Ryd         , Uu          , Xu          , Xu          , Xu          , Qxu         , Uh          , Xu          , Xu          , Xu          , Xu          , Xu          , Xu          , Xu          , Xu          , Xu          , Wwf         , Ww          , Wo          , Xu          , Xu          , Xu          , Xu          , Xu          , Qxu         , Qxu         , Uu          , Ce          , 2 Ke        , Ce          , Uu          , Uu          , Uh          , Qxu         , Qxu         , Qxu         , Xu          , Xu          , Xu          , Xu          , Xu          , Xu          , Qxu         , Uh          , Uu          , Re          , Uu          , Uh          , Qxu         , Qxu         , Xu          , Xu          , Xu          , Xu          , Xu          
Xu          , Uu          , Ryd         , Uu          , Xu          , Xu          , Xu          , Xu          , Xu          , Xu          , Xu          , Xu          , Xu          , Xu          , Xu          , Xu          , Wo          , Wo          , Ww          , Ww          , Ww          , Xu          , Xu          , Xu          , Xu          , Xu          , Qxu         , Qxu         , Qxu         , Ce          , Ce          , Ce          , Uu          , Uu^Vu       , Uu^Uf       , Uh          , Qxu         , Qxu         , Qxu         , Xu          , Xu          , Xu          , Xu          , Xu          , Qxu         , Qxu         , Uu          , Uu          , Re          , Qxu         , Qxu         , Xu          , Xu          , Xu          , Xu          , Xu          , Xu          
Xu          , Xu          , Uh          , Ryd         , Uu          , Uu^Uf       , Uu          , Uu^Uf       , Uu^Uf       , Qxu         , Xu          , Xu          , Xu          , Xu          , Xu          , Wo          , Wo          , Wo          , Wwf         , Ww          , Uu^Uf       , Uu          , Uu^Uf       , Xu          , Xu          , Xu          , Xu          , Qxu         , Qxu         , Uu^Uf       , Uu          , Rp          , Uu          , Uu^Uf       , Uu^Uf       , Uu^Uf       , Uu^Uf       , Qxu         , Qxu         , Qxu         , Xu          , Xu          , Xu          , Xu          , Qxu         , Uu          , Qxu         , Qxu         , Qxu         , Qxu^Bs\     , Re          , Uu^Uf       , Xu          , Xu          , Xu          , Xu          , Xu          
Xu          , Xu          , Uu^Uf       , Uu          , Ryd         , Uu          , Ryd         , Uu          , Uu          , Qxu         , Qxu         , Xu          , Xu          , Xu          , Wo          , Wo          , Ww          , Ww          , Wwf         , Ww          , Uu^Uf       , Rd          , Rd          , Uu^Uf       , Xu          , Xu          , Xu          , Xu          , Xu          , Xu          , Xu          , Xu          , Xu          , Uu^Uf       , Xu          , Xu          , Xu          , Xu          , Xu          , Xu          , Xu          , Xu          , Uu^Uf       , Uh          , Qxu         , Re          , Qxu^Bs\     , Qxu         , Uu^Vud      , Uu^Uf       , Uu^Uf       , Re          , Uu^Uf       , Uh          , Uh          , Xu          , Xu          
Xu          , Xu          , Xu          , Uu          , Uu          , Ryd         , Ryd         , Ryd         , Uu          , Uu^Uf       , Qxu         , Xu          , Xu          , Xu          , Wo          , Wo          , Ww          , Ww          , Ww          , Wwf         , Xu          , Uu          , Rd          , Uu^Uf       , Qxu         , Qxu         , Xu          , Xu          , Uh          , Uu^Uf       , Uh          , Rd          , Rd          , Xu          , Uh          , Qxu         , Qxu         , Uh          , Uh          , Qxu         , Xu          , Xu          , Uh          , Uh          , Uu^Uf       , Qxu         , Uh          , Re          , Re          , Uh          , Uu^Ii       , Re          , Uu          , Uu^Ufi      , Uh          , Xu          , Xu          
Xu          , Xu          , Xu          , Uu^Uf       , Uh          , Uu          , Uh          , Uu          , Uh          , Uh          , Qxu         , Xu          , Xu          , Xu          , Wo          , Wo          , Wwf         , Wwf         , Xu          , Xu          , Xu          , Xu          , Uu^Uf       , Rd          , Uu          , Qxu         , Qxu         , Qxu         , Uu          , Uu^Uf       , Uu          , Uu^Uf       , Rd          , Uu^Uf       , Uu^Uf       , Uh          , Qxu         , Qxu         , Qxu         , Qxu         , Qxu         , Xu          , Xu          , Xu          , Uh          , Uu^Uf       , Uu^Uf       , Uh          , Uh          , Uu^Cd       , Uu          , Uu          , Uu^Ufi      , Uh^Ii       , Xu          , Xu          , Xu          
Xu          , Xu          , Xu          , Qxu         , Qxu         , Uh          , Qxu         , Qxu         , Qxu         , Qxu         , Qxu         , Xu          , Xu          , Xu          , Wo          , Wo          , Ww          , Ww          , Xu          , Xu          , Xu          , Qxu         , Qxu         , Uu          , Uu          , Uu          , Uh          , Uu^Uf       , Rd          , Rd          , Xu          , Cud         , Xu          , Re          , Uu^Uf       , Uu^Uf       , Uu          , Uu          , Uu^Uf       , Qxu         , Uh          , Xu          , Xu          , Xu          , Uh          , Uh          , Uu^Uf       , Uh          , Uu^Cd       , Uu^Kd       , Uu^Cd       , Uu^Vud      , Uu^Uf       , Uu^Uf       , Xu          , Xu          , Xu          
Xu          , Xu          , Xu          , Xu          , Xu          , Qxu         , Qxu         , Qxu         , Qxu         , Qxu         , Xu          , Xu          , Xu          , Wo          , Ww          , Wwf         , Wo          , Wo          , Xu          , Xu          , Xu          , Qxu         , Qxu         , Uu^Uf       , Uu          , Uh          , Rp          , Rd          , Xu          , Xu          , Xu          , Xu          , Xu          , Xu          , Xu          , Uu^Uf       , Uu          , Uh          , Uh          , Uu^Uf       , Uu^Uf       , Uh          , Xu          , Xu          , Xu          , Uu          , Uu^Vu       , Re          , Re          , Uu^Cd       , Uu          , Uh          , Uu^Uf       , Xu          , Xu          , Xu          , Xu          
Ss          , Xu          , Xu          , Xu          , Xu          , Xu          , Xu          , Xu          , Xu          , Xu          , Xu          , Xu          , Wo          , Wo          , Wwf         , Wwf         , Xu          , Xu          , Xu          , Xu          , Xu          , Qxu         , Qxu         , Uu          , Uu          , Uu          , Cud         , Xu          , Xu          , Xu          , Xu          , Xu          , Xu          , Xu          , Xu          , Xu          , Cud         , Uu          , Uu          , Uu^Uf       , Uu          , Uh          , Uu          , Xu          , Xu          , Uh          , Uu          , Uu          , Uh          , Uh          , Uu          , Qxu         , Qxu         , Uh          , Xu          , Xu          , Xu          
Ss          , Ss          , Ss          , Wwf         , Wwf         , Xu          , Ss          , Xu          , Ss          , Ss          , Ss          , Wwf         , Ww^Vm       , Ww          , Ww          , Wwf         , Xu          , Xu          , Xu          , Xu          , Xu          , Xu          , Uh          , Uh          , Uu          , Rr          , Xu          , Xu          , Xu          , Xu          , Xu          , Xu          , Xu          , Xu          , Xu          , Xu          , Xu          , Uu          , Rr          , Uu          , Uh          , Uu          , Uu          , Xu          , Xu          , Xu          , Xu          , Uu          , Qxu         , Qxu         , Qxu         , Qxu^Bs\     , Ryd         , Uh          , Uh          , Xu          , Xu          
Ss          , Ss          , Uh          , Uh          , Uh          , Ww          , Ww^Vm       , Ss          , Chw         , Chs         , Wwf         , Wwf         , Ww          , Wwf         , Ww          , Xu          , Xu          , Xu          , Xu          , Xu          , Wwf         , Xu          , Uh          , Uu^Uf       , Wwf         , Rr          , Xu          , Xu          , Xu          , Xu          , Xu          , Xu          , Xu          , Xu          , Xu          , Xu          , Xu          , Uu^Uf       , Rp          , Uu          , Xu          , Uh          , Ur          , Uu          , Xu          , Xu          , Xu          , Uh          , Qxu         , Qxu         , Qxu         , Qxu         , Ryd         , Uu          , Uu^Uf       , Xu          , Xu          
Ss          , Uu          , Uu^Ii       , Uu          , Wwf         , Wwf         , Ww          , Wwf         , Chw         , Ww          , Wo          , Wwf         , Wo          , Wo          , Wwf         , Wwf         , Wwf         , Xu          , Ww          , Wwf         , Ww          , Ww          , Wwf         , Re^Uf       , Wwf         , Wwf         , Xu          , Xu          , Xu          , Xu          , Xu          , Xu          , Xu          , Xu          , Xu          , Xu          , Xu          , Uu^Uf       , Rp          , Uu^Uf       , Xu          , Uh          , Ur          , Uu          , Xu          , Xu          , Xu          , Xu          , Qxu         , Qxu         , Qxu         , Qxu         , Qxu^Bs|     , Qxu         , Qxu         , Xu          , Xu          
Ss          , Uh          , Uh          , Uu          , Uu          , Uh          , Ww^Bw/      , Khw         , Chs         , Ww          , Wwf         , Wwf         , Wwf         , Wwf         , Wo          , Ww          , Ww          , Ww          , Ww          , Wwf         , Xu          , Xu          , Uu^Uf       , Ww          , Rr          , Uu^Uf       , Xu          , Xu          , Xu          , Xu          , Xu          , Xu          , Xu          , Xu          , Xu          , Xu          , Xu          , Uu^Uf       , Re^Uf       , Uu^Uf       , Qxu         , Xu          , Uu          , Uu          , Uh          , Xu          , Xu          , Xu          , Uh          , Uh          , Uh          , Qxu         , Ryd         , Qxu         , Qxu         , Xu          , Xu          
Ss          , Uh          , Uh          , Uh          , Ss          , Uu          , Ss          , Ww          , Chw         , Ss^Vm       , Ww          , Ww          , Wwf         , Ww          , Wwf         , Ww          , Wwf         , Ww          , Wwf         , Wwf         , Ww          , Uu^Uf       , Uu          , Wwf         , Wwf         , Ww          , Cud         , Xu          , Xu          , Xu          , Xu          , Xu          , Xu          , Xu          , Xu          , Xu          , Cud         , Uu          , Re^Uf       , Uu^Uf       , Uh          , Qxu         , Uh          , Ur          , Uu          , Uu^Uf       , Uu          , Uu^Uf       , Ur          , Uu^Uf       , Uu          , Uh          , Ryd         , Uh          , Xu          , Xu          , Xu          
Ss          , Ss          , Ss          , Uh          , Ss          , Ss          , Ss          , Ww          , Ww          , Ss          , Wwf         , Ww^Vm       , Ww          , Wwf         , Wwf         , Ww          , Uu          , Uu^Uf       , Wwf         , Ww          , Ww          , Wwf         , Wwf         , Wwf         , Uu          , Wwf         , Wwf         , Xu          , Xu          , Xu          , Xu          , Xu          , Xu          , Xu          , Xu          , Xu          , Uh          , Rd          , Ur          , Uh          , Uh          , Xu          , Xu          , Uu          , Uh          , Ur          , Ur          , Ur          , Uu          , Ur          , Ur          , Ryd         , Uu^Vud      , Xu          , Uh          , Xu          , Xu          
Ss          , Ss          , Wwf         , Ss          , Wwf         , Wwf         , Ww          , Wwf         , Xu          , Ww          , Xu          , Ww          , Uh          , Xu          , Xu          , Uh          , Ryd         , Uu          , Uu^Uf       , Wwf         , Xu          , Ww          , Uu^Uf       , Uu^Uf       , Rr          , Uu          , Uu          , Re^Uf       , Re^Uf       , Xu          , Xu          , Xu          , Xu          , Xu          , Uh          , Uh          , Ur          , Ur          , Ur          , Uu          , Xu          , Xu          , Xu          , Xu          , Xu          , Xu          , Xu          , Uh          , Uh          , Uu^Uf       , Ryd         , Ryd         , Ryd         , Uu^Uf       , Uh          , Xu          , Xu          
Xu          , Ss          , Ss          , Ww          , Xu          , Xu          , Xu          , Xu          , Xu          , Xu          , Qxu         , Uu          , Ur          , Uu          , Uu          , Uu          , Ryd         , Ryd         , Xu          , Xu          , Xu          , Xu          , Uu^Uf       , Uu          , Rr          , Uu          , Uh          , Uu          , Re^Uf       , Uh          , Uh          , Cud         , Uu^Uf       , Uh          , Re^Uf       , Re          , Uh          , Qxu         , Uh          , Uu          , Ur          , Xu          , Xu          , Xu          , Xu          , Xu          , Xu          , Uu^Uf       , Uu          , Uu          , Ryd         , Ryd         , Uu          , Uu          , Uh          , Xu          , Xu          
Xu          , Xu          , Xu          , Xu          , Xu          , Xu          , Xu          , Xu          , Qxu         , Qxu         , Uh          , Uh          , Xu          , Uu          , Xu          , Xu          , Uu          , Ryd         , Ryd         , Xu          , Xu          , Xu          , Uu          , Rr          , Uu          , Uu^Uf       , Qxu         , Uh          , Uh          , Rd          , Uh          , Uh          , Uu          , Re^Uf       , Uu^Uf       , Uh          , Qxu         , Qxu         , Xu          , Uu          , Ur          , Uu          , Uh          , Xu          , Xu          , Xu          , Xu          , Uu^Uf       , Uh          , Ryd         , Ryd         , Ryd         , Uu^Uf       , Uu^Uf       , Xu          , Xu          , Xu          
Xu          , Xu          , Xu          , Xu          , Xu          , Xu          , Qxu         , Qxu         , Uu^Uf       , Uu          , Ur          , Ur          , Xu          , Xu          , Xu          , Xu          , Qxu         , Ryd         , Re          , Uu          , Xu          , Uu          , Rr          , Rr          , Qxu         , Qxu         , Xu          , Qxu         , Uh          , Rd          , Re          , Uu          , Uu          , Uu          , Uh          , Qxu         , Qxu         , Qxu         , Xu          , Xu          , Uu          , Ur          , Uu          , Xu          , Ql          , Xu          , Xu          , Xu          , Xu          , Uh          , Uu^Uf       , Uh          , Uu^Uf       , Uu^Uf       , Xu          , Xu          , Xu          
Xu          , Xu          , Xu          , Xu          , Xu          , Xu          , Qxu         , Uh          , Uu          , Ur          , Uu          , Xu          , Xu          , Xu          , Xu          , Xu          , Qxu         , Uu          , Qxu         , Re          , Uu          , Uu          , Uh          , Xu          , Xu          , Xu          , Xu          , Qxu         , Xu          , Uh          , Qxu         , Uh          , Uh          , Uh          , Xu          , Qxu         , Xu          , Xu          , Xu          , Xu          , Xu          , Rr          , Rr          , Uu          , Uu          , Ql          , Ql          , Xu          , Xu          , Xu          , Xu          , Xu          , Xu          , Xu          , Xu          , Xu          , Xu          
Qxu         , Xu          , Qxu         , Qxu         , Qxu         , Qxu         , Qxu         , Qxu         , Ur          , Ur          , Xu          , Xu          , Xu          , Xu          , Xu          , Qxu         , Qxu         , Qxu         , Qxu         , Uu          , Re          , Uu          , Uh          , Xu          , Uu          , Xu          , Xu          , Xu          , Xu          , Xu          , Xu          , Qxu         , Xu          , Xu          , Xu          , Xu          , Xu          , Xu          , Xu          , Xu          , Ql          , Uh          , Uu          , Rr          , Rr          , Uu          , Uh          , Ql          , Xu          , Xu          , Xu          , Xu          , Xu          , Xu          , Xu          , Xu          , Xu          
Qxu         , Qxu         , Qxu         , Qxu         , Uu^Uf       , Qxu         , Uu          , Ur          , Uu^Uf       , Uu          , Xu          , Xu          , Xu          , Xu          , Xu          , Xu          , Qxu         , Qxu         , Qxu         , Uu^Uf       , Uh          , Uu          , Uu          , Uh          , Uu          , Uu^Uf       , Re^Uf       , Xu          , Xu          , Xu          , Xu          , Xu          , Xu          , Xu          , Xu          , Xu          , Xu          , Xu          , Ql          , Ql          , Ql          , Ql          , Rr          , Rr          , Ql          , Rr          , Rr          , Uh          , Uu          , Uu          , Uu^Uf       , Uu^Uf       , Uu^Vu       , Uh          , Uh^Ii       , Xu          , Xu          
Qxu         , Qxu         , Uu^Uf       , Uu^Uf       , Ur          , Ur          , Uu          , Uh          , Qxu         , Qxu         , Qxu         , Xu          , Qxu         , Xu          , Qxu         , Qxu         , Qxu         , Qxu         , Uh          , Uu^Uf       , Re^Uf       , Re          , Uu          , Uu          , Uu          , Uh          , Re^Uf       , Uu          , Uu^Uf       , Uu          , Uh          , Xu          , Xu          , Xu          , Xu          , Xu          , Xu          , Xu          , Ql          , Ql          , Uu          , Uu          , Rr          , Uu          , Ql          , Ql          , Ql^Bs/      , Rr          , Rr          , Uu          , Xu          , Uu^Uf       , Uu^Uf       , Uu          , Uh^Ii       , Xu          , Xu          
Xu          , Qxu         , Uh          , Ur          , Qxu         , Qxu         , Qxu         , Qxu         , Qxu         , Qxu         , Qxu         , Qxu         , Qxu         , Qxu         , Qxu         , Qxu         , Qxu         , Uu          , Uu^Uf       , Uh          , Re^Uf       , Re          , Uu          , Uu          , Re          , Uh          , Uh          , Re^Uf       , Uu          , Uu^Uf       , Uu^Uf       , Uh          , Uh          , Xu          , Uu          , Xu          , Xu          , Xu          , Uh          , Ql          , Uh          , Rr          , Ql          , Ql          , Ql          , Uu^Ii       , Ql          , Ql          , Xu          , Rd          , Re^Uf       , Xu          , Xu          , Uu^Ii       , Uu^Ii       , Xu          , Ql          
Xu          , Qxu         , Uh          , Uu          , Ur          , Qxu         , Qxu         , Qxu         , Qxu         , Qxu         , Qxu         , Qxu         , Qxu         , Qxu         , Qxu         , Qxu         , Qxu         , Uu          , Uu^Uf       , Re^Uf       , Uh          , Uu          , Uu          , Uu          , Xu          , Re          , Rd          , Re          , Uu          , Uu          , Uu^Uf       , Uh          , Uu^Uf       , Uh          , Ryd         , Uu^Uf       , Uu          , Uu          , Uu          , Uh          , Uh          , Rd          , Uu          , Ql          , Cud         , Ql          , Ql          , Ql          , Xu          , Re          , Re^Uf       , Uu^Uf       , Xu          , Uu^Ii       , Uu          , Ql          , Ql          
Xu          , Xu          , Xu          , Uu          , Uu          , Ur          , Uu          , Xu          , Xu          , Xu          , Xu          , Qxu         , Qxu         , Qxu         , Qxu         , Qxu         , Xu          , Uh          , Uu          , Uh          , Re^Uf       , Uu          , Uu^Uf       , Xu          , Uu^Ii       , Xu          , Re          , Re          , Uu^Uf       , Uu          , Uu^Vu       , Uu          , Uu          , Ryd         , Ryd         , Uu^Uf       , Xu          , Uu          , Xu          , Uu          , Xu          , Rd          , Re          , Uu          , Uu^Uf       , Cud         , Uu^Uf       , Uu^Uf       , Xu          , Uu          , Uu^Uf       , Re^Uf       , Uh          , Uu          , Ql          , Ql          , Ql          
Xu          , Xu          , Qxu         , Qxu         , Uu          , Ur          , Uu          , Uh          , Xu          , Xu          , Xu          , Xu          , Qxu         , Qxu         , Xu          , Xu          , Xu          , Uu          , Uu          , Uu^Uf       , Re^Uf       , Re          , Uu^Uf       , Xu          , Xg^Zse      , Xu          , Re          , Uu          , Uu          , Uu          , Uu          , Uu          , Qxu         , Uu          , Uu          , Uu          , Xu          , Xu          , Xu          , Xu          , Xu          , Uh          , Uu          , Re          , Re          , Re^Uf       , Uu^Uf       , Xu          , Uu          , Rd          , Uu^Vud      , Uh          , Uh          , Uu          , Uu          , Ql          , Ql          
Xu          , Xu          , Xu          , Qxu         , Qxu         , Uu          , Uu          , Xu          , Xu          , Xu          , Uu^Uf       , Xu          , Xu          , Xu          , Xu          , Xu          , Xu          , Xu          , Xu          , Uu^Uf       , Uu^Uf       , Re          , Re          , Xu          , Uu          , Ryd         , Ryd         , Uu          , Uu          , Uu^Vu       , Uu          , Qxu         , Qxu         , Qxu         , Uh          , Uu^Uf       , Xu          , Xu          , Qxu         , Qxu         , Xu          , Xu          , Uh          , Uu^Uf       , Re          , Re^Uf       , Xu          , Xu          , Ur          , Uu^Uf       , Uh          , Uh          , Ql          , Ql          , Ql^Bs|      , Ql          , Ql          
Xu          , Xu          , Xu          , Qxu         , Qxu         , Uu          , Uu          , Ur          , Ur          , Uu          , Uu^Vu       , Uh          , Uu^Uf       , Xu          , Xu          , Qxu         , Qxu         , Xu          , Xu          , Uh          , Uh          , Uu          , Uu          , Uu          , Uu          , Uu          , Uu^Uf       , Ryd         , Ryd         , Uu          , Qxu         , Qxu         , Qxu         , Uh          , Ryd         , Uu^Uf       , Uu^Uf       , Xu          , Qxu         , Uh          , Uu          , Xu          , Xu          , Uu^Uf       , Re^Uf       , Uh          , Uh          , Ur          , Uu          , Uu^Uf       , Uh          , Uh          , Ql          , Ql          , Uu          , Ql          , Ql          
Xu          , Xu          , Xu          , Xu          , Qxu         , Qxu         , Uu^Vu       , Uh          , Uu^Uf       , Ur          , Uu          , Uu          , Uu^Uf       , Uu^Uf       , Xu          , Xu          , Qxu         , Xu          , Xu          , Xu          , Xu          , Uh          , Uu^Uf       , Uu^Uf       , Uu^Uf       , Uu^Uf       , Xu          , Uh          , Xu          , Ryd         , Qxu^Bs\     , Qxu         , Qxu         , Uu          , Ryd         , Uu          , Ryd         , Uu          , Uh          , Uh          , Uu^Uf       , Xu          , Xu          , Uu^Vud      , Re^Uf       , Uu^Uf       , Re^Uf       , Ur          , Uu          , Uh          , Uu          , Ql          , Ql          , Uu^Ii       , Ql          , Ql          , Ql          
Xu          , Xu          , Xu          , Xu          , Xu          , Qxu         , Uh          , Uu^Uf       , Uu          , Ur          , Cud         , Uu          , Uu          , Uh          , Uu^Uf       , Xu          , Qxu         , Qxu         , Xu          , Xu          , Xu          , Uh          , Xu          , Xu          , Xu          , Xu          , Qxu         , Xu          , Qxu         , Qxu         , Qxu         , Uu          , Uu          , Uu          , Uu          , Ryd         , Uu^Uf       , Uu          , Uh          , Uu^Uf       , Re^Uf       , Xu          , Uu          , Uu          , Re          , Uu          , Uu          , Uu          , Uu          , Uu          , Uu^Uf       , Uu          , Uu^Vu       , Uu^Ii       , Ql          , Ql          , Uh^Ii       
Xu          , Xu          , Xu          , Xu          , Xu          , Uu          , Uh          , Uu^Uf       , Uu          , Cud         , Uu^Ii       , Cud         , Uu          , Uu          , Uu^Vu       , Uu^Uf       , Qxu         , Qxu         , Xu          , Xu          , Xu          , Xu          , Xu          , Xu          , Qxu         , Qxu         , Qxu         , Xu          , Qxu         , Qxu         , Xu          , Xu          , Qxu         , Ryd         , Ryd         , Ryd         , Uu          , Qxu         , Xu          , Uh          , Re          , Re          , Uu          , Uu^Uf       , Rd          , Uu          , Uh          , Uh          , Uh          , Uu^Uf       , Xu          , Uu^Uf       , Xu          , Xu          , Cud         , Cud         , Uh^Ii       
Xu          , Xu          , Xu          , Xu          , Xu          , Uu^Uf       , Uh          , Uu^Uf       , Uu          , Cud         , Cud         , Kud         , Uu          , Uu          , Uh          , Uu^Uf       , Qxu         , Qxu         , Qxu         , Xu          , Qxu         , Xu          , Xu          , Xu          , Xu          , Xu          , Xu          , Qxu         , Qxu         , Qxu         , Xu          , Xu          , Qxu         , Qxu         , Uu          , Ryd         , Qxu         , Qxu         , Xu          , Xu          , Re          , Uu          , Ql          , Ql          , Ql          , Xu          , Xu          , Xu          , Xu          , Xu          , Xu          , Xu          , Uh^Ii       , Xu          , Xu          , Kud         , Xu          
Xu          , Xu          , Xu          , Xu          , Xu          , Uu^Uf       , Uh          , Uu          , Uu          , Uu          , Uu          , Uu          , Uu          , Uh          , Uu^Uf       , Qxu         , Qxu         , Qxu         , Qxu         , Qxu         , Xu          , Xu          , Xu          , Xu          , Xu          , Qxu         , Xu          , Qxu         , Qxu         , Xu          , Xu          , Xu          , Qxu         , Qxu         , Qxu         , Ryd         , Qxu         , Qxu         , Xu          , Xu          , Ql          , Ql^Bs\      , Uu          , Ql          , Ql          , Ql          , Ur          , Uh          , Uh          , Uu          , Uh          , Uh^Ii       , Uu^Ii       , Uh          , Xu          , Xu          , Xu          
Xu          , Xu          , Xu          , Xu          , Xu          , Qxu         , Qxu         , Uu^Uf       , Uu^Uf       , Uu          , Uu^Vu       , Uu          , Uh          , Uu          , Qxu         , Qxu         , Qxu         , Xu          , Xu          , Xu          , Xu          , Xu          , Xu          , Xu          , Xu          , Qxu         , Qxu         , Qxu         , Qxu         , Xu          , Qxu         , Qxu         , Qxu         , Qxu         , Qxu         , Qxu^Bs|     , Qxu         , Qxu         , Xu          , Xu          , Ql          , Ql          , Ql          , Ql^Bs\      , Uu          , Ql^Bs/      , Ql          , Ur          , Uu          , Ur          , Ur          , Ur          , Uu          , Uh^Ii       , Ql          , Xu          , Xu          
Xu          , Xu          , Xu          , Xu          , Xu          , Xu          , Qxu         , Uh          , Uh          , Uu^Uf       , Uu^Uf       , Uu          , Uu          , Uu          , Qxu         , Qxu         , Xu          , Qxu         , Qxu         , Xu          , Xu          , Xu          , Xu          , Qxu         , Qxu         , Qxu         , Qxu         , Qxu         , Qxu         , Qxu         , Qxu         , Qxu         , Xu          , Qxu         , Qxu         , Uu^Ii       , Qxu         , Xu          , Ql          , Ql          , Ql          , Ql          , Ql          , Ql          , Ql          , Ql          , Ql          , Uh          , Uh          , Uh          , Uh          , Uh          , Ql          , Ql          , Ql          , Xu          , Xu          
Xu          , Xu          , Xu          , Xu          , Qxu         , Qxu         , Qxu         , Qxu         , Qxu         , Uh          , Uu          , Uu          , Uu          , Uh          , Qxu         , Qxu         , Xu          , Xu          , Xu          , Qxu         , Xu          , Xu          , Xu          , Xu          , Xu          , Qxu         , Qxu         , Qxu         , Qxu         , Qxu         , Xu          , Xu          , Xu          , Qxu         , Qxu         , Qxu         , Qxu         , Xu          , Ql          , Ql          , Ql          , Ql          , Ql          , Ql          , Ql          , Ql          , Ql          , Ql          , Ql          , Ql          , Ql          , Ql          , Ql          , Ql          , Ql          , Ql          , Ql          
