border_size=1
usage=map

Qxv         , Qxv         , Qxv         , Qxv         , Qxv         , Qxv         , Qxv         , Qxv         , Qxv         , Qxv         , Qxv         , Qxv         , Qxv         , Qxv         , Qxv         , Ds          , Ds          , Ds          , Ds          , Ds          , Dd          , Dd          , Ds          , Dd          , Dd          , Dd          , Hd          , Hd          , Md          , Md          , Md          , Hd          , Hd          , Hd          , Qxv         , Qxv         , Qxv         , Hd          , Md          , Hd          , Hd          , Hd          
Qxv         , Qxv         , Hd          , Qxv         , Qxv         , Qxv         , Qxv         , Qxv         , Qxv         , Hd          , Md          , Qxv         , Dd          , Ds          , Dd          , Ds          , Ds          , Dd^Vdt      , Ds          , Ds          , Dd          , Dd^Fy       , Dd^Dc       , Dd          , Ds          , Ds          , Hd          , Hd          , Md          , Md          , Md          , Md          , Md          , Md          , Md          , Qxv         , Qxv         , Md          , Md          , Md          , Hd          , Hd          
Hd          , Hd          , Dd^Dc       , Hd          , Ds          , Qxv         , Hd          , Qxv         , Hd          , Hd          , Hd          , Hd          , Dd          , Dd^Dr       , Dd          , Dd          , Dd^Fy       , Dd          , Dd          , Ds          , Ce          , Dd          , Dd          , Dd          , Ds          , Ds          , Hd          , Hd          , Hd          , Md          , Dd^Vda      , Ce          , Dd^Vda      , Md          , Md          , Qxv         , Qxv         , Qxv         , Hd          , Hd          , Qxv         , Qxv         
Ds          , Dd^Vdt      , Ds          , Ds          , Dd          , Ds          , Ds          , Hd          , Ds          , Ds          , Dd          , Dd          , Dd^Dc       , Dd^Vdt      , Dd          , Dd          , Dd          , Dd          , Ce          , Ce          , 1 Ke        , Ce          , Dd          , Dd^Vdt      , Ds          , Ds          , Hd          , Dd          , Dd^Dr       , Ce          , Ce          , Ce          , Ce          , Ce          , Md          , Hd          , Dd          , Hd          , Dd          , Dd          , Qxv         , Qxv         
Gs^Ft       , Gs^Ft       , Gs^Ft       , Gs^Ft       , Gs^Ft       , Dd^Vdt      , Ds          , Ds          , Ds          , Dd^Vdt      , Dd^Dr       , Dd          , Dd          , Dd          , Gs^Ft       , Dd          , Dd^Vdt      , Ce          , Ce          , Ce          , Ce          , Ce          , Dd          , Dd^Fy       , Ds          , Hd          , Hd          , Dd          , Dd          , Md          , Ce          , 2 Ke        , Ce          , Dd^Vda      , Hd          , Hd          , Dd          , Dd          , Qxv         , Qxv         , Qxv         , Qxv         
Gs          , Gs^Ft       , Gs          , Gs^Ft       , Gs^Vht      , Gs^Ft       , Gs^Ft       , Gs^Ft       , Ds          , Dd          , Dd^Vdt      , Dd          , Gs^Ft       , Gs^Ft       , Gs^Ft       , Dd          , Gs^Vht      , Gs          , Ce          , Ce          , Gs          , Gs          , Dd^Vdt      , Dd          , Ds          , Ds          , Dd          , Dd          , Dd          , Ce          , Dd          , Ce          , Dd^Vda      , Ce          , Md          , Hd          , Hd          , Dd          , Qxv         , Qxv         , Qxv         , Qxv         
Ww          , Ww          , Ww          , Gs          , Gs          , Gs^Ft       , Gs^Ft       , Gs^Ft       , Gs^Ft       , Gs^Ft       , Gs^Ft       , Dd          , Gs^Ft       , Gs^Ft       , Gs^Ft       , Gs^Ft       , Gs          , Gs          , Gs          , Gs          , Gs          , Gs^Ft       , Dd          , Dd          , Dd          , Dd          , Dd          , Dd          , Dd^Dc       , Dd^Vdt      , Dd^Dr       , Ce          , Md          , Md          , Md          , Hd          , Qxv         , Dd          , Qxv         , Qxv         , Dd          , Qxv         
Ww          , Ww          , Ww          , Ww          , Ww          , Gs          , Gs          , Gs^Ft       , Gs          , Gs^Ft       , Gs^Ft       , Gs^Ft       , Gs^Vht      , Gs          , Gs          , Gs          , Ww          , Gs          , Gs          , Gs^Vht      , Gs^Ft       , Gs^Ft       , Dd          , Dd^Vdt      , Gs^Ft       , Dd          , Ds          , Dd^Vdt      , Ds          , Dd          , Ds          , Hd          , Hd          , Md          , Md          , Md          , Hd          , Qxv         , Dd          , Qxv         , Dd          , Dd          
Ww          , Ww          , Ww          , Ww          , Ww          , Ww          , Ww          , Gs          , Ww          , Gs          , Ww          , Gs          , Ww          , Gs          , Ww          , Ww          , Ww          , Ww          , Ww^Bw|      , Gs          , Gs          , Gs^Ft       , Dd          , Ds          , Gs^Ft       , Ds          , Ds          , Ds          , Ds          , Ds          , Ds          , Ds          , Dd          , Hd          , Qxv         , Qxv         , Md          , Hd          , Hd          , Dd          , Dd          , Dd          
Gs^Ft       , Gs          , Gs          , Ww          , Ww          , Ww          , Ww          , Ww          , Ww          , Ww          , Ww          , Ww          , Ww          , Ww          , Ww          , Ww          , Ww^Bw|      , Ww^Bw/      , Ww          , Ww          , Gs          , Gs^Vht      , Gs          , Gs^Ft       , Gs^Ft       , Gs^Ft       , Gs^Ft       , Ds          , Dd^Vdt      , Ds          , Ds          , Dd          , Dd          , Hd          , Qxv         , Qxv         , Md          , Md          , Hd          , Dd          , Qxv         , Qxv         
Gs^Ft       , Gs^Ft       , Gs          , Gs^Vht      , Gs          , Ww          , Gs          , Ww          , Gs          , Ww          , Gs          , Ww          , Gs          , Ww          , Gs          , Gs          , Rd          , Ww          , Ww          , Ww          , Ww          , Gs          , Gs          , Gs^Ft       , Gs^Ft       , Gs^Ft       , Gs          , Ds          , Ds          , Dd          , Dd          , Dd^Vdt      , Dd          , Hd          , Qxv         , Hd          , Hd          , Md          , Hd          , Qxv         , Qxv         , Qxv         
Dd          , Gs^Ft       , Dd          , Gs          , Dd          , Gs          , Gs^Ft       , Gs          , Gs^Vht      , Gs          , Gs^Ft       , Gs          , Gs^Ft       , Gs          , Gs^Ft       , Dd          , Rd          , Gs          , Gs          , Ww          , Ww          , Gs          , Ww          , Gs          , Gs          , Gs          , Gs          , Ds          , Gs^Ft       , Ds          , Dd          , Dd          , Dd          , Dd^Dr       , Dd          , Dd          , Dd          , Hd          , Hd          , Hd          , Qxv         , Qxv         
Dd          , Dd          , Dd          , Dd          , Dd          , Gs^Ft       , Gs^Ft       , Gs^Ft       , Gs^Ft       , Gs^Ft       , Gs^Ft       , Gs^Ft       , Gs^Ft       , Gs^Ft       , Dd          , Gs^Ft       , Rd          , Dd          , Gs^Ft       , Ww          , Ww          , Ww          , Ww          , Ww          , Ww          , Gs^Vht      , Gs          , Gs^Ft       , Gs^Ft       , Gs^Ft       , Gs^Ft       , Gs^Ft       , Dd^Vdt      , Dd          , Gs^Ft       , Dd          , Gs^Ft       , Dd          , Dd          , Hd          , Hd          , Qxv         
Qxv         , Dd          , Hd          , Dd          , Dd          , Dd          , Dd          , Dd          , Hd          , Qxv         , Qxv         , Ds          , Ds          , Dd          , Ds          , Dd^Vda      , Rd          , Dd          , Gs^Ft       , Gs^Ft       , Gs          , Ww          , Ww          , Ww          , Ww          , Ww          , Ww          , Gs          , Gs          , Gs^Ft       , Gs          , Dd          , Dd          , Dd          , Gs^Ft       , Gs^Ft       , Gs^Ft       , Dd          , Dd^Dc       , Hd          , Dd          , Hd          
Qxv         , Hd          , Ch          , Ch          , Ch          , Hd          , Hd          , Hd          , Hd          , Qxv         , Qxv         , Qxv         , Ds          , Ds          , Ds          , Dd          , Rd          , Dd          , Gs^Ft       , Gs          , Gs          , Gs          , Gs          , Ww          , Gs          , Ww          , Ww          , Ww          , Ww          , Gs          , Gs          , Gs          , Gs          , Gs          , Gs^Ft       , Gs^Ft       , Gs^Ft       , Dd          , Dd          , Dd          , Dd          , Dd          
Qxv         , Qxv         , Ch          , 4 Khr       , Ch          , Ds          , Hd          , Hd          , Ds          , Dd^Vdt      , Hd          , Qxv         , Qxv         , Ds          , Ds          , Ds          , Rd          , Dd          , Dd          , Dd^Dr       , Dd          , Gs          , Dd          , Gs          , Gs          , Gs          , Gs^Vht      , Ww          , Ww          , Ww^Bw/      , Ww          , Ww          , Ww          , Gs^Vht      , Gs          , Gs          , Gs^Ft       , Dd          , Dd          , Dd^Dr       , Dd          , Dd          
Qxv         , Qxv         , Rd          , Ch          , Dd          , Dd^Dr       , Hd          , Dd^Dc       , Dd          , Hd          , Hd          , Dd          , Qxv         , Dd^Dr       , Dd          , Ds          , Rd          , Dd          , Hd          , Dd          , Dd          , Dd          , Dd^Dr       , Dd          , Dd          , Gs^Ft       , Gs^Ft       , Gs          , Ww          , Ww^Bw|      , Ww          , Ww          , Ww          , Ww          , Ww          , Gs^Ft       , Gs          , Dd          , Gs^Ft       , Dd          , Dd          , Dd          
Dd          , Dd          , Rd          , Dd          , Rd          , Dd          , Rd          , Hd          , Dd          , Hd          , Dd          , Dd          , Dd          , Dd          , Dd          , Dd          , Rd          , Dd          , Hd          , Hd          , Dd          , Dd^Dc       , Dd          , Dd          , Dd          , Gs^Ft       , Gs^Ft       , Gs          , Rd          , Ww^Bw/      , Gs          , Gs          , Gs          , Ww          , Ww          , Gs          , Gs          , Gs^Ft       , Gs^Ft       , Gs^Ft       , Dd          , Dd          
Rd          , Rd          , Dd          , Rd          , Dd          , Rd          , Dd          , Rd          , Rd          , Dd          , Ww          , Wo          , Wo          , Wo          , Wo          , Ww          , Ww^Bw|      , Ww          , Wo          , Hd          , Dd          , Dd          , Dd          , Hd          , Dd^Vda      , Dd          , Rd          , Rd          , Gs^Ft       , Gs          , Hd          , Gs          , Gs^Vht      , Ww          , Ww          , Gs          , Gs          , Gs^Ft       , Gs^Ft       , Gs^Ft       , Dd          , Dd          
Qxv         , Ds          , Qxv         , Dd          , Hd          , Dd          , Dd          , Dd          , Ww          , Ww^Bw\      , Ww^Bw\      , Ww          , Ch          , Wo          , Ch          , Ww          , Ww^Bw|      , Ww          , Wo          , Wo          , Wo          , Wo          , Ww          , Dd          , Rd          , Rd          , Dd          , Dd          , Dd          , Dd          , Hd          , Dd          , Gs          , Ww          , Ww          , Ww          , Gs          , Gs          , Gs^Ft       , Gs^Ft       , Dd          , Dd          
Qxv         , Qxv         , Qxv         , Qxv         , Hd          , Dd          , Dd          , Wo          , Wo          , Ww          , Ch          , Ww^Bw\      , Ryd         , Ch          , Ds          , Ch          , Ryd         , Ch          , Ch          , Ch          , Ch          , Ww          , Ww^Bw/      , Ww^Bw/      , Ww          , Dd          , Dd          , Dd          , Dd^Dr       , Hd          , Hd          , Hd          , Gs^Ft       , Ww          , Ww          , Ww          , Ww          , Gs          , Gs          , Gs^Ft       , Gs          , Dd          
Rd          , Qxv         , Rd          , Dd          , Hd          , Dd          , Wo          , Wo          , Ch          , Ch          , Uu          , Ds          , Ryd         , Ryd         , Uu          , Uu          , Ryd         , Ryd         , Uu^Vu       , Ds          , Ryd         , Ww^Bw/      , Ch          , Ww          , Wo          , Dd          , Hd          , Dd          , Dd          , Dd^Vdt      , Dd          , Gs^Ft       , Gs^Ft       , Gs          , Gs          , Ww          , Ww          , Gs          , Ww          , Gs^Vht      , Ww          , Gs          
Dd          , Rd          , Dd^Dc       , Rd          , Rd          , Dd          , Ww          , Wo          , Ch          , Uu          , Uu          , Uu          , Ryd         , Ryd         , Ryd         , Ryd         , Ryd         , Ryd         , Ryd         , Ryd         , Ryd         , Ds          , Ds          , Ch          , Wo          , Wo          , Hd          , Hd          , Hd          , Dd          , Dd          , Hd          , Gs^Ft       , Gs^Ft       , Gs^Vht      , Ww          , Ww          , Ww          , Ww          , Ww          , Ww          , Ww          
Qxv         , Dd          , Dd          , Dd^Vdt      , Dd          , Ww^Bw\      , Ww^Bw\      , Ww          , Ch          , Ds          , Uu          , Uu^Vu       , Ryd         , Ryd         , Ryd         , Ryd         , Uu^Vu       , Ryd         , Ryd         , Ryd         , Ryd         , Uu^Vu       , Ds          , Ch          , Wo          , Wo          , Wo          , Hd          , Dd          , Dd          , Dd          , Hd          , Dd^Dr       , Gs^Ft       , Dd          , Gs          , Gs          , Ww          , Gs          , Ww          , Gs          , Ww          
Qxv         , Qxv         , Hd          , Hd          , Wo          , Ww          , Ch          , Ww^Bw\      , Ryd         , Ryd         , Ryd         , Dd^Vda      , Ryd         , Ryd         , Ds          , Dd^Vda      , Ch          , Ds          , Ds          , Ryd         , Ryd         , Uu          , Dd^Vda      , Ch          , Ch          , Wo          , Wo          , Hd          , Dd          , Dd          , Dd          , Dd          , Dd^Dc       , Dd^Dr       , Dd^Dr       , Gs^Ft       , Gs^Ft       , Gs^Ft       , Gs^Ft       , Gs          , Gs^Ft       , Gs          
Qxv         , Qxv         , Qxv         , Hd          , Wo          , Ch          , Ds          , Ds          , Uu          , Ryd         , Ryd         , Ryd         , Ryd         , Ryd         , Ch          , Ch          , Ds          , Ch          , Ch          , Ryd         , Ryd         , Uu          , Ds          , Ds          , Ds          , Ch          , Wo          , Wo          , Dd          , Dd          , Hd          , Hd          , Hd          , Dd^Dr       , Dd          , Gs^Ft       , Dd          , Dd          , Dd          , Gs^Ft       , Hd          , Hd          
Dd          , Qxv         , Hd          , Dd^Dr       , Wo          , Ch          , Ds          , Uu          , Uu          , Uu^Vu       , Ryd         , Ryd         , Ch          , Ryd         , Ryd         , Ds          , Ds          , Ds          , Ryd         , Ch          , Ryd         , Ryd         , Ryd         , Uu          , Uu          , Ch          , Ch          , Wo          , Wo          , Dd          , Dd          , Hd          , Hd          , Dd^Vda      , Dd          , Dd^Dr       , Dd          , Qxv         , Qxv         , Dd          , Dd          , Dd          
Rd          , Dd          , Dd          , Wo          , Wo          , Ch          , Ds          , Uu          , Uu          , Uu          , Ryd         , Ryd         , Ch          , Ryd         , Ryd         , Ryd         , Ch          , Ryd         , Ryd         , Ryd         , Ch          , Ryd         , Ryd         , Ryd         , Ryd         , Ds          , Ch          , Wo          , Wo          , Dd          , Dd          , Hd          , Hd          , Dd          , Dd          , Dd          , Qxv         , Qxv         , Qxv         , Qxv         , Dd          , Dd          
Dd          , Rd          , Ww^Bw\      , Ww          , Ww          , Ch          , Uu^Vu       , Uu          , Dd^Vda      , Ds          , Ryd         , Ryd         , Ch          , Ww          , Ww          , Ch          , 3 Kh        , Ch          , Ww          , Ww          , Ch          , Ds          , Uu^Vu       , Ryd         , Ryd         , Ryd         , Ww^Bw\      , Ww          , Ww          , Dd          , Dd          , Dd          , Hd          , Hd          , Dd          , Qxv         , Dd          , Qxv         , Qxv         , Qxv         , Hd          , Dd          
Qxv         , Dd          , Ww          , Ww^Bw\      , Ww^Bw\      , Ch          , Ds          , Uu          , Ryd         , Ryd         , Ryd         , Ryd         , Ch          , Ww          , Ww          , Ch          , Ch          , Ch          , Ryd         , Ww          , Ch          , Ds          , Ds          , Ryd         , Ryd         , Ch          , Ww          , Ww^Bw\      , Ww^Bw\      , Dd          , Dd          , Dd          , Dd          , Hd          , Dd          , Dd          , Dd          , Dd          , Dd          , Qxv         , Hd          , Dd          
Qxv         , Dd          , Wo          , Ww          , Ch          , Ryd         , Ryd         , Ryd         , Ryd         , Ryd         , Ww          , Ww          , Ww          , Ww          , Ch          , Ww          , Ww          , Ryd         , Ryd         , Ryd         , Ryd         , Ryd         , Ryd         , Ryd         , Ryd         , Ch          , Wo          , Ww          , Dd          , Rd          , Rd          , Dd^Vdt      , Rd          , Rd          , Rd          , Rd          , Rd          , Rd          , Rd          , Hd          , Rd          , Rd          
Hd          , Dd^Vdt      , Wo          , Wo          , Ch          , Ryd         , Ryd         , Ryd         , Ryd         , Ww          , Uu^Cd       , Uu^Cd       , Uu^Cd       , Ww          , Ww          , Ch          , Ww          , Ww          , Ch          , Ch          , Dd^Vda      , Ryd         , Ryd         , Ryd         , Uu          , Ch          , Wo          , Wo          , Dd          , Dd^Dr       , Dd          , Rd          , Dd          , Dd          , Dd^Dc       , Dd^Dr       , Dd          , Hd          , Ch          , Rd          , Hd          , Dd          
Dd          , Wo          , Wo          , Ch          , Ww          , Ww          , Ww          , Ryd         , Uu^Cd       , Uu^Cd       , Xos         , Xos         , Xos         , Uu^Cd       , Uu^Cd       , Ww          , Ds          , Ch          , Ds          , Ds          , Ds          , Ryd         , Ryd         , Uu          , Ds          , Ch          , Wo          , Wo          , Dd          , Dd          , Dd          , Dd          , Qxv         , Dd          , Dd          , Dd          , Hd          , Chr         , 5 Kh        , Ch          , Dd          , Dd          
Dd^Dc       , Wo          , Wo          , Ch          , Ww          , Ww          , Ww          , Ww          , Uu^Cd       , Xos         , Uu^Cd       , Uu^Cd       , Uu^Cd       , Xos         , Xos         , Uu^Cd       , Dd^Vda      , Ds          , Ds          , Uu^Vu       , Uu          , Ryd         , Ryd         , Uu          , Ds          , Ch          , Wo          , Wo          , Hd          , Dd          , Dd          , Hd          , Qxv         , Dd          , Dd^Dr       , Dd          , Dd          , Chr         , Ch          , Ch          , Dd          , Dd          
Dd          , Wo          , Wo          , Ch          , Ww          , Ww          , Ww          , Ww          , Uu^Cd       , Xos         , Uu^Cd       , Uu          , Uu          , Xos         , Uu          , Uu^Cd       , Ryd         , Ds          , Ryd         , Uu          , Ryd         , Ryd         , Ryd         , Ds          , Ch          , Ch          , Wo          , Wo          , Hd          , Hd          , Dd^Dr       , Dd          , Qxv         , Qxv         , Dd          , Dd^Vda      , Dd          , Hd          , Hd          , Hd          , Dd          , Dd          
Dd^Dr       , Wo          , Wo          , Ch          , Ww          , Ww          , Ryd         , Ryd         , Uu^Cd       , Xos         , Uu^Cd       , Uu          , Uu          , Uu          , Uu          , Ryd         , Ryd         , Ryd         , Ryd         , Ryd         , Ryd         , Ryd         , Ww^Bw\      , Ch          , Ww          , Wo          , Wo          , Dd          , Hd          , Hd          , Dd          , Dd          , Qxv         , Qxv         , Qxv         , Dd          , Dd          , Hd          , Hd          , Hd          , Dd          , Dd          
Hd          , Wo          , Wo          , Ch          , Ch          , Ryd         , Ryd         , Ryd         , Uu^Cd       , Xos         , Xos         , Xos         , Xos         , Xos         , Uu^Cd       , Ryd         , Ryd         , Uu^Vu       , Ww          , Ww          , Ch          , Ch          , Ww          , Ww^Bw\      , Ww^Bw\      , Ww          , Dd          , Dd          , Dd          , Dd          , Ds          , Ds          , Ds          , Qxv         , Qxv         , Qxv         , Qxv         , Dd          , Dd          , Dd          , Dd          , Dd          
Qxv         , Dd          , Ww          , Ww          , Ww^Bw/      , Ww^Bw/      , Ch          , Uu^Vu       , Ww          , Uu^Cd       , Uu^Cd       , Uu^Cd       , Uu^Cd       , Uu^Cd       , Ww          , Ryd         , Ryd         , Ww          , Ww          , Ch          , Wo          , Wo          , Wo          , Ww          , Dd          , Rd          , Rd          , Dd          , Dd^Vdt      , Dd          , Ds          , Ds          , Dd          , Hd          , Qxv         , Qxv         , Dd          , Dd          , Dd          , Dd          , Dd          , Dd          
Dd          , Dd^Dr       , Rd          , Ww^Bw/      , Ww          , Ww          , Ch          , Uu          , Uu          , Ww          , Ww          , Ww          , Ww          , Ww          , Uu^Vu       , Ryd         , Ryd         , Ryd         , Ww^Bw\      , Ch          , Ww          , Wo          , Dd          , Dd          , Dd          , Dd          , Dd          , Rd          , Rd          , Rd          , Rd          , Ds          , Rd          , Hd          , Rd          , Dd          , Dd          , Dd          , Dd^Dc       , Dd          , Dd          , Dd          
Rd          , Rd          , Dd^Vda      , Dd          , Wo          , Wo          , Ch          , Uu          , Uu          , Uu          , Uu          , Uu          , Uu          , Ww          , Ch          , Ryd         , Ch          , Ch          , Ww          , Ww^Bw\      , Ww^Bw\      , Ww          , Dd          , Dd^Vda      , Dd          , Dd^Dr       , Hd          , Hd          , Hd          , Dd          , Ds          , Rd          , Hd          , Rd          , Hd          , Rd          , Rd          , Rd          , Rd          , Dd          , Dd          , Dd          
Qxv         , Dd          , Dd          , Dd^Dr       , Wo          , Wo          , Wo          , Ch          , Ch          , Uu          , Uu          , Uu          , Ch          , Ch          , Ww          , Ww^Bw|      , Ww          , Wo          , Wo          , Ww          , Hd          , Rd          , Rd          , Dd          , Dd          , Dd          , Dd^Dc       , Hd          , Qxv         , Ds          , Qxv         , Qxv         , Qxv         , Hd          , Dd          , Hd          , Dd          , Dd^Vdt      , Dd          , Rd          , Rd          , Dd          
Qxv         , Qxv         , Qxv         , Dd^Dc       , Ds          , Wo          , Wo          , Wo          , Wo          , Ch          , Ch          , Ch          , Wo          , Wo          , Ww          , Ww^Bw|      , Ww          , Wo          , Dd          , Hd          , Hd          , Dd          , Dd          , Rd          , Rd          , Dd          , Dd          , Hd          , Qxv         , Qxv         , Qxv         , Qxv         , Qxv         , Qxv         , Qxv         , Qxv         , Qxv         , Dd          , Dd          , Dd          , Dd          , Rd          
