border_size=1
usage=map

Xu          , Xu          , Xu          , Xu          , Xu          , Xu          , Xu          , Xu          , Xu          , Xu          , Xu          , Xu          , Xu          , Xu          , Xu          , Xu          , Xu          , Xu          , Xu          , Xu          , Xu          , Xu          , Xu          , Xu          , Xu          , Xu          , Xos         , Xos         , Qxv         , Qxv         , Yl          , Ryd         , Ryd         , Qxv         , Qxv         , Xos         , Xos         , Xos         , Xos         , Xos         , Xos         , Xos         , Xos         , Xos         , Xos         , Xos         , Xos         , Xos         , Xu          , Xu          , Xu          , Xu          , Xu          , Xu          , Xu          , Xu          , Xu          
Xu          , Xu          , Xu          , Xu          , Xu          , Xu          , Xu          , Xu          , Xu          , Xu          , Xu          , Xu          , Xu          , Xu          , Xu          , Xu          , Xu          , Xu          , Xu          , Xu          , Xu          , Xu          , Xu          , Xu          , Xu          , Xu          , Xos         , Xos         , Qxv         , Qxv         , Yl          , Ryd         , Yl          , Qxv         , Qxv         , Xos         , Xos         , Xos         , Xos         , Xos         , Qxs         , Qxs         , Qxs         , Qxs         , Qxs         , Qxs         , Qxs         , Qxs         , Qxs         , Xu          , Xu          , Xu          , Xu          , Xu          , Xu          , Xu          , Xu          
Xu          , Xu          , Xu          , Xu          , Xu          , Xu          , Xu          , Xu          , Xu          , Xu          , Xu          , Xu          , Xu          , Xu          , Xu          , Xu          , Xu          , Xu          , Xu          , Xu          , Xu          , Xu          , Xu          , Xu          , Xu          , Xu          , Xos         , Xos         , Qxv         , Qxv         , Ryd         , Ryd         , Yl          , Qxv         , Qxv         , Uu^Ii       , Xos         , Xos         , Qxs         , Qxs         , Qxs         , Qxs         , Qxs         , Qxs         , Qxs         , Qxs         , Qxs         , Qxs         , Qxs         , Qxs         , Qxs         , Qxs         , Qxs         , Xu          , Qxs         , Xu          , Xu          
Xu          , Xu          , Xu          , Xu          , Xu          , Xu          , Xu          , Xu          , Xu          , Xu          , Xu          , Xu          , Xu          , Xu          , Xu          , Xu          , Xu          , Xu          , Xu          , Xu          , Xu          , Xu          , Xu          , Xu          , Xu          , Xu          , Xos         , Xos         , Qxv         , Qxv         , Yl          , Ryd         , Ryd         , Qxv         , Qxv         , Xos         , Qxs         , Qxs         , Qxs         , Qxs         , Qxs         , Qxs         , Qxs         , Qxs         , Qxs         , Uu          , Qxs         , Qxs         , Qxs         , Qxs         , Qxs         , Qxs         , Qxs         , Qxs         , Qxs         , Qxs         , Qxs         
Xu          , Xu          , Xu          , Xu          , Xu          , Xu          , Xu          , Xu          , Xu          , Xu          , Xos         , Xu          , Xu          , Xu          , Xu          , Xu          , Xu          , Xu          , Xu          , Xu          , Xu          , Xu          , Xu          , Xu          , Xos         , Xos         , Xos         , Xos         , Xos         , Qxv         , Yl          , Ryd         , Yl          , Qxv         , Qxv         , Xz          , Ryd         , Qxs         , Ryd         , Ryd         , Ryd         , Ryd         , Ryd         , Ryd         , Ryd         , Qxs         , Ryd         , Qxs         , Ryd         , Qxs         , Qxs         , Qxs         , Qxs         , Qxs         , Qxs         , Qxs         , Qxs         
Xu          , Xu          , Xu          , Xu          , Xu          , Xu          , Xu          , Xu          , Xos         , Xos         , Xos         , Xos         , Xos         , Xu          , Xu          , Xu          , Xu          , Xu          , Xu          , Xu          , Xu          , Xu          , Xos         , Xos         , Xos         , Xos         , Qxv         , Xos         , Xos         , Xos         , Xg^Zsw      , Ryd         , Yl          , Qxv         , Qxv         , Xz          , Qxs         , Ryd         , Qxs         , Qxs         , Qxs         , Qxs         , Qxs         , Qxs         , Qxs         , Ryd         , Qxs         , Ryd         , Qxs         , Ryd         , Ryd         , Qxs         , Ryd         , Qxs         , Qxs         , Qxs         , Qxs         
Xu          , Xu          , Xu          , Xu          , Xu          , Xu          , Xos         , Xos         , Xos         , Xos         , Xos         , Xos         , Xos         , Xos         , Xos         , Xos         , Xos         , Xos         , Xos         , Xos         , Xos         , Xos         , Xos         , Xos         , Qxv         , Qxv         , Qxv         , Qxv         , Qxv         , Xos         , Yl          , Xg^Zsw      , Xg^Zsw      , Qxv         , Qxv         , Xos         , Xos         , Qxs         , Qxs         , Qxs         , Qxs         , Qxs         , Qxs         , Qxs         , Uu          , Qxs         , Qxs         , Qxs         , Qxs         , Qxs         , Qxs         , Ryd         , Qxs         , Ryd         , Ryd         , Qxs         , Ryd         
Xu          , Xu          , Xu          , Xu          , Xos         , Xos         , Xos         , Xos         , Qxv         , Xos         , Qxv         , Qxv         , Qxv         , Xos         , Xos         , Xos         , Xos         , Xos         , Xos         , Xos         , Xos         , Xos         , Xos         , Qxv         , Qxv         , Qxv         , Qxv         , Qxv         , Ryd         , Yl          , Ryd         , Ryd         , Yl          , Xu          , Xu          , Xu          , Xu          , Xos         , Xos         , Xos         , Xos         , Qxs         , Xos         , Qxs         , Qxs         , Qxs         , Qxs         , Qxs         , Qxs         , Qxs         , Qxs         , Qxs         , Qxs         , Qxs         , Qxs         , Ryd         , Qxs         
Xu          , Xu          , Xos         , Xos         , Xos         , Xos         , Qxv         , Qxv         , Qxv         , Xos         , Qxv         , Qxv         , Qxv         , Qxv         , Qxv         , Xos         , Qxv         , Qxv         , Qxv         , Qxv         , Qxv         , Qxv         , Qxv         , Xos         , Xos         , Qxv         , Qxv         , Yl          , Ryd         , Ryd         , Yl          , Ryd         , Xg^Zse      , Xg^Zse      , Yl          , Xu          , Xu          , Xu          , Qxv         , Xos         , Xos         , Xos         , Xos         , Xos         , Xos         , Qxs         , Qxs         , Qxs         , Xu          , Qxs         , Qxs         , Qxs         , Qxs         , Qxs         , Qxs         , Qxs         , Qxs         
Xu          , Xu          , Xos         , Xos         , Qxv         , Qxv         , Ryd         , Ryd         , Xg^Zse      , Xos         , Ryd         , Ryd         , Ryd         , Qxv         , Qxv         , Xos         , Xos         , Qxv         , Qxv         , Qxv         , Qxv         , Qxv         , Uu^Ii       , Xos         , Xos         , Qxv         , Xos         , Qxv         , Qxv         , Yl          , Xg^Zse      , Xg^Zse      , Ryd         , Yl          , Xz          , Xu          , Xu          , Qxv         , Qxv         , Qxv         , Qxv         , Xos         , Xos         , Xos         , Xu          , Xos         , Xos         , Xos         , Xu          , Xu          , Xu          , Xu          , Xu          , Qxs         , Xu          , Qxs         , Qxs         
Xu          , Xu          , Xos         , Xos         , Qxv         , Uu^Ii       , Qxv         , Xos         , Xos         , Ryd         , Ryd         , Xos         , Xos         , Uu^Ii       , Xos         , Xos         , Uu^Ii       , Xos         , Qxv         , Uu^Ii       , Ryd         , Ryd         , Xos         , Xos         , Xos         , Xos         , Uu^Ii       , Xos         , Xos         , Xos         , Xos         , Yl          , Xz          , Xz          , Yl          , Xu          , Xu          , Qxv         , Qxv         , Qxv         , Qxv         , Xos         , Xos         , Xos         , Xos         , Xu          , Xu          , Xu          , Xu          , Xu          , Xu          , Xu          , Xu          , Xu          , Xu          , Xu          , Xu          
Xu          , Xu          , Xos         , Xos         , Qxv         , Qxv         , Xos         , Xos         , Ryd         , Xg^Zsw      , Xos         , Ryd         , Xg^Zse      , Xos         , Ryd         , Ryd         , Xg^Zse      , Xos         , Ryd         , Ryd         , Ryd         , Xos         , Xos         , Uu^Ii       , Ryd         , Xg^Zsw      , Xos         , Xos         , Xos         , Xos         , Xos         , Xz          , Yr          , Yl          , Rr          , Yr^Xp       , Yr          , Uu^Vu       , Qxv         , Qxv         , Qxv         , Qxv         , Qxv         , Xos         , Xos         , Xu          , Xu          , Xu          , Xu          , Xu          , Xu          , Xu          , Xu          , Xu          , Xu          , Xu          , Xu          
Xu          , Xu          , Xos         , Xos         , Xos         , Xos         , Xos         , Uu^Ii       , Xos         , Xos         , Yr^Xp       , Xos         , Yr^Ii       , Yr^Ii       , Ryd         , Xos         , Qxv         , Ryd         , Xos         , Xos         , Xos         , Ryd         , Ryd         , Ryd         , Xos         , Xg^Zse      , Ryd         , Xos         , Xos         , Xos         , Uu^Vu       , Yr          , Yl          , Ryd         , Ryd         , Yr          , Rr          , Ryd         , Yr          , Qxv         , Qxv         , Qxv         , Qxv         , Xos         , Xos         , Xu          , Xu          , Xu          , Xu          , Xu          , Xu          , Xu          , Xu          , Xu          , Xu          , Xu          , Xu          
Xos         , Xos         , Xos         , Xos         , Xos         , Xos         , Xos         , Xos         , Qxv         , Qxv         , Qxv         , Yr          , Ryd         , Ryd         , Ryd         , Xos         , Xos         , Xos         , Ryd         , Uu^Ii       , Xos         , Uu^Ii       , Xos         , Xos         , Xg^Zsw      , Ryd         , Xg^Zse      , Xos         , Xos         , Xos         , Yl          , Yr^Xp       , Rr          , Rr          , Rr          , Yr          , Yl          , Ryd         , Rr          , Yl          , Qxv         , Qxv         , Qxv         , Xos         , Xos         , Xos         , Xu          , Xu          , Xu          , Xu          , Xu          , Xu          , Xu          , Xu          , Xu          , Xu          , Xu          
Xos         , Xos         , Yr^Ii       , Yr^Ii       , Yr^Xp       , Xos         , Xos         , Xos         , Xos         , Xos         , Xos         , Yr          , Ryd         , Rr          , Rr          , Ryd         , Ryd         , Ryd         , Xos         , Xg^Zse      , Uu^Ii       , Xos         , Xos         , Uu^Ii       , Xos         , Xos         , Xos         , Uu^Ii       , Xos         , Yr^Ii       , Yr^Ii       , Rr          , Rr          , Rr          , Rr          , Rr          , Rr          , Yr          , Yr^Xp       , Yl          , Qxv         , Qxv         , Qxv         , Qxv         , Xos         , Xos         , Xu          , Xu          , Xu          , Xu          , Xu          , Xu          , Xu          , Xu          , Xu          , Xu          , Xu          
Xos         , Yr^Xp       , Rr          , Uu^Ii       , Yr^Xp       , Xos         , Xos         , Xos         , Xos         , Uu^Ii       , Xg^Zse      , Xos         , Ryd         , Rr          , Rr          , Ryd         , Xos         , Xg^Zse      , Ryd         , Xos         , Xos         , Xos         , Qxv         , Xos         , Ryd         , Yr          , Ryd         , Xos         , Yl          , Yr          , Yr^Ii       , Rr          , Rr          , Rr          , Rr          , Rr          , Rr          , Yr          , Ryd         , Rr          , Qxv         , Qxv         , Qxv         , Qxv         , Xos         , Xos         , Xu          , Xu          , Xu          , Xu          , Xu          , Xu          , Xu          , Xu          , Xu          , Xu          , Xu          
Xos         , Yr          , Rr          , Yr^Ii       , Yr          , Xos         , Xos         , Xos         , Xos         , Xos         , Ryd         , Ryd         , Xos         , Ryd         , Rr          , Ryd         , Ryd         , Xos         , Xos         , Uu^Ii       , Xos         , Qxv         , Yr^Xp       , Yr          , Ryd         , Ryd         , Ryd         , Ryd         , Ryd         , Yr          , Yr^Xp       , Rr          , Rr          , Rr          , Rr          , Rr          , Ryd         , Yr          , Ryd         , Yr          , Qxv         , Qxv         , Xos         , Xos         , Xos         , Xos         , Xu          , Xu          , Xu          , Xu          , Xu          , Xu          , Xu          , Xu          , Xu          , Xu          , Xu          
Xos         , Yr          , Rr          , Yr^Xp       , Qxv         , Xos         , Xos         , Xos         , Xg^Zsw      , Ryd         , Xg^Zse      , Xos         , Xos         , Ryd         , Ryd         , Rr          , Ryd         , Xos         , Xos         , Xos         , Qxv         , Qxv         , Yr^Ii       , Yr^Ii       , Qxv         , Qxv         , Qxv         , Uu^Vu       , Xos         , Xos         , Yl          , Yr          , Yr^Ii       , Yl          , Yl          , Ryd         , Yr^Xp       , Yl          , Ryd         , Rr          , Qxv         , Qxv         , Xos         , Xos         , Xu          , Xu          , Xu          , Xu          , Xu          , Xu          , Xu          , Xu          , Xu          , Xu          , Xu          , Xu          , Xu          
Xos         , Ryd         , Rr          , Ryd         , Qxv         , Xos         , Xos         , Uu^Ii       , Xos         , Xos         , Xos         , Uu^Ii       , Xos         , Xos         , Xz          , Xz          , Xz          , Xos         , Qxv         , Qxv         , Ryd         , Yr^Ii       , Yr^Ii       , Yr^Ii       , Qxv         , Qxv         , Xos         , Xos         , Ryd         , Xos         , Xos         , Rr          , Yr          , Rr          , Ryd         , Rr          , Yr          , Rr          , Qxv         , Qxv         , Qxv         , Qxv         , Xos         , Xos         , Xu          , Xu          , Xu          , Xu          , Xu          , Xu          , Xu          , Xu          , Xu          , Xu          , Xu          , Xu          , Xu          
Qxv         , Ryd         , Rr          , Ryd         , Qxv         , Xos         , Xos         , Xos         , Xos         , Xos         , Xos         , Xos         , Xos         , Xos         , Ryd         , Rr          , Ryd         , Xos         , Xz          , Yr          , Ryd         , Yr^Ii       , Qxv         , Qxv         , Xos         , Xos         , Ryd         , Xg^Zsw      , Xos         , Xos         , Xos         , Xos         , Xos         , Qxv         , Qxv         , Qxv         , Qxv         , Qxv         , Qxv         , Qxv         , Xos         , Xos         , Xu          , Xu          , Xu          , Xu          , Xu          , Xu          , Xu          , Xu          , Xu          , Xu          , Xu          , Xu          , Xu          , Xu          , Xu          
Qxv         , Ryd         , Rr          , Ryd         , Qxv         , Qxv         , Qxv         , Qxv         , Qxv         , Qxv         , Qxv         , Qxv         , Ryd         , Ryd         , Ryd         , Rr          , Rr          , Ryd         , Ryd         , Xz          , Xos         , Qxv         , Qxv         , Xos         , Ryd         , Xg^Zsw      , Xos         , Ryd         , Xg^Zse      , Xos         , Ryd         , Ryd         , Ryd         , Xos         , Xos         , Qxv         , Xos         , Qxv         , Xos         , Xos         , Xos         , Xos         , Xu          , Xu          , Xu          , Xu          , Xu          , Xu          , Xu          , Xu          , Xu          , Xu          , Xu          , Xu          , Xu          , Xu          , Xu          
Qxv         , Ryd         , Rr          , Ryd         , Ryd         , Qxv         , Qxv         , Qxv         , Rr          , Qxv         , Rr          , Qxv         , Rr          , Ryd         , Rr          , Rr          , Ryd         , Rr          , Rr          , Ryd         , Xos         , Qxv         , Xos         , Xos         , Xu          , Xos         , Xu          , Xos         , Ryd         , Rr          , Rr          , Rr          , Rr          , Ryd         , Xos         , Xos         , Yr^Xp       , Xos         , Qxv         , Xos         , Xos         , Xos         , Xu          , Xu          , Xu          , Xu          , Xu          , Xu          , Xu          , Xu          , Xu          , Xu          , Xu          , Xu          , Xu          , Xu          , Xu          
Qxv         , Ryd         , Ryd         , Rr          , Rr          , Ryd         , Rr          , Rr          , Ryd         , Rr          , Ryd         , Rr          , Ryd         , Rr          , Ryd         , Ryd         , Xos         , Ryd         , Rr          , Ryd         , Uu^Vu       , Xos         , Xu          , Xu          , Yr^Xp       , Xu          , Xu          , Xos         , Ryd         , Rr          , Rr          , Rr          , Rr          , Ryd         , Xos         , Yr^Xp       , Zw          , Yr^Xp       , Qxv         , Qxv         , Qxv         , Xos         , Xu          , Xu          , Xu          , Xu          , Xu          , Xu          , Xu          , Xu          , Xu          , Xu          , Xu          , Xu          , Xu          , Xu          , Xu          
Qxv         , Qxv         , Ryd         , Ryd         , Rr          , Rr          , Ryd         , Ryd         , Uu^Vu       , Ryd         , Xos         , Ryd         , Xos         , Ryd         , Xos         , Xos         , Xos         , Ryd         , Ryd         , Rr          , Ryd         , Xu          , Yr^Xp       , Zw          , Xu          , Xu          , Xu          , Ryd         , Ryd         , Rr          , Rr          , Rr          , Ryd         , Ryd         , Xos         , Xos         , Yr^Ii       , Zw          , Qxv         , Qxv         , Yr^Xp       , Xu          , Xu          , Xu          , Xu          , Xu          , Xu          , Xu          , Xu          , Xu          , Xu          , Xu          , Xu          , Xu          , Xu          , Xu          , Xu          
Qxv         , Qxv         , Ryd         , Rr          , Ryd         , Ryd         , Xos         , Xos         , Xos         , Xos         , Ryd         , Xos         , Ryd         , Xos         , Uu^Vu       , Xos         , Ryd         , Xos         , Ryd         , Rr          , Ryd         , Yr^Ii       , Yr          , Zw          , Yr^Xp       , Xu          , Xu          , Ryd         , Ryd         , Rr          , Rr          , Rr          , Ryd         , Xos         , Yr^Xp       , Xos         , Yr^Ii       , Yr^Ii       , Yr          , Zw          , Qxv         , Qxv         , Xu          , Xu          , Xu          , Xu          , Xu          , Xu          , Xu          , Xu          , Xu          , Xu          , Xu          , Xu          , Xu          , Xu          , Xu          
Qxv         , Qxv         , Ryd         , Rr          , Qxv         , Xos         , Xos         , Xos         , Ryd         , Ryd         , Rr          , Ryd         , Rr          , Ryd         , Rr          , Ryd         , Rr          , Ryd         , Ryd         , Rr          , Ryd         , Yr^Ii       , Qxv         , Xu          , Xu          , Xu          , Xu          , Xu          , Xu          , Ryd         , Rr          , Ryd         , Ryd         , Xos         , Qxv         , Zw          , Yr          , Rr          , Rr          , Yr          , Qxv         , Qxv         , Xu          , Xu          , Xu          , Xu          , Xu          , Xu          , Xu          , Xu          , Xu          , Xu          , Xu          , Xu          , Xu          , Xu          , Xu          
Qxv         , Qxv         , Ryd         , Rr          , Qxv         , Xos         , Xos         , Ryd         , Rr          , Rr          , Ryd         , Rr          , Ryd         , Rr          , Ryd         , Rr          , Ryd         , Rr          , Rr          , Rr          , Ryd         , Yr          , Qxv         , Qxv         , Xu          , Xu          , Xu          , Xu          , Uu^Vu       , Ryd         , Rr          , Ryd         , Xos         , Xos         , Qxv         , Qxv         , Uu^Vu       , Ryd         , Rr          , Ryd         , Qxv         , Qxv         , Qxv         , Xu          , Xu          , Xu          , Xu          , Xu          , Xu          , Xu          , Xu          , Xu          , Xu          , Xu          , Xu          , Xu          , Xu          
Qxv         , Qxv         , Ryd         , Rr          , Qxv         , Qxv         , Qxv         , Ryd         , Rr          , Ryd         , Qxv         , Ryd         , Qxv         , Ryd         , Xu          , Ryd         , Xu          , Ryd         , Ryd         , Ryd         , Xu          , Qxv         , Qxv         , Qxv         , Xu          , Xu          , Xu          , Xu          , Xu          , Ryd         , Rr          , Ryd         , Xos         , Qxv         , Qxv         , Qxv         , Qxv         , Ryd         , Rr          , Ryd         , Qxv         , Qxv         , Qxv         , Xu          , Xu          , Xu          , Xu          , Xu          , Xu          , Xu          , Xu          , Xu          , Xu          , Xu          , Xu          , Xu          , Xu          
Xos         , Qxv         , Ryd         , Rr          , Qxv         , Qxv         , Qxv         , Ryd         , Rr          , Ryd         , Qxv         , Qxv         , Qxv         , Qxv         , Qxv         , Xu          , Xu          , Xu          , Xu          , Xu          , Xu          , Qxv         , Qxv         , Xu          , Xu          , Yr^Xp       , Zw          , Xu          , Xu          , Ryd         , Rr          , Ryd         , Ryd         , Xos         , Xos         , Qxv         , Xos         , Xos         , Xg^Zsw      , Ryd         , Qxv         , Qxv         , Qxv         , Xu          , Xu          , Xu          , Xu          , Xu          , Xu          , Xu          , Xu          , Xu          , Xu          , Xu          , Xu          , Xu          , Xu          
Qxv         , Xos         , Ryd         , Rr          , Ryd         , Qxv         , Ryd         , Ryd         , Rr          , Ryd         , Ryd         , Qxv         , Ryd         , Qxv         , Ryd         , Qxv         , Uu^Vu       , Xu          , Xu          , Xu          , Xu          , Xu          , Xu          , Xu          , Xu          , Xu          , Xu          , Xg^Zse      , Ryd         , Ryd         , Rr          , Rr          , Rr          , Ryd         , Xg^Zse      , Xos         , Ryd         , Ryd         , Rr          , Xg^Zsw      , Xos         , Qxv         , Qxv         , Xos         , Xos         , Xu          , Xu          , Xu          , Xu          , Xu          , Xu          , Xu          , Xu          , Xu          , Xu          , Xu          , Xu          
Qxv         , Qxv         , Ryd         , Rr          , Rr          , Ryd         , Rr          , Rr          , Rr          , Rr          , Rr          , Ryd         , Rr          , Ryd         , Rr          , Ryd         , Rr          , Ryd         , Ryd         , Xu          , Xu          , Yr^Xp       , Zw          , Xu          , Xu          , Xu          , Ryd         , Ryd         , Rr          , Rr          , Ryd         , Ryd         , Xg^Zse      , Xg^Zse      , Rr          , Ce          , Ryd         , Ryd         , Rr          , Ce          , Ryd         , Xos         , Xos         , Xos         , Xos         , Xos         , Xos         , Xu          , Xu          , Xu          , Xu          , Xu          , Xu          , Xu          , Xu          , Xu          , Xu          
Xos         , Qxv         , Ryd         , Rr          , Rr          , Rr          , Rr          , Rr          , Rr          , Rr          , Rr          , Rr          , Rr          , Rr          , Rr          , Rr          , Rr          , Rr          , Ryd         , Xu          , Xu          , Xu          , Xu          , Xg^Zse      , Ryd         , Ryd         , Rr          , Rr          , Ryd         , Ryd         , Xos         , Xos         , Xos         , Ryd         , Ryd         , Rr          , Rr          , 1 Ryd       , Rr          , Rd          , Rd          , Ryd         , Ryd         , Xos         , Xos         , Xos         , Xos         , Xos         , Xos         , Xu          , Xu          , Xu          , Xu          , Xu          , Xu          , Xu          , Xu          
Qxv         , Xos         , Uu^Vu       , Rr          , Rr          , Rr          , Rr          , Rr          , Rr          , Rr          , Rr          , Rr          , Rr          , Rr          , Rr          , Rr          , Rr          , Rr          , Rr          , Ryd         , Xu          , Xu          , Ryd         , Ryd         , Rr          , Rr          , Ryd         , Ryd         , Xg^Zse      , Xu          , Xu          , Xos         , Xos         , Uu^Vu       , Ryd         , Ryd         , Ce          , Rr          , Rr          , Ce          , Rr          , Rd          , Rd          , Ryd         , Ryd         , Xos         , Xos         , Xos         , Xos         , Xos         , Xos         , Xu          , Xu          , Xu          , Xu          , Xu          , Xu          
Qxv         , Qxv         , Ryd         , Rr          , Rr          , Rr          , Rr          , Rr          , Rr          , Rr          , Rr          , Rr          , Rr          , Rr          , Rr          , Rr          , Rr          , Rr          , Rr          , Ryd         , Ryd         , Ryd         , Rr          , Rr          , Ryd         , Ryd         , Xu          , Xu          , Xu          , Zw          , Yr^Xp       , Xu          , Xu          , Xos         , Xos         , Ryd         , Ryd         , Rd          , Rd          , Rr          , Rr          , Rr          , Rr          , Rd          , Rd          , Ryd         , Ryd         , Xos         , Xos         , Xos         , Xos         , Xos         , Xos         , Xu          , Xu          , Xu          , Xu          
Xos         , Qxv         , Ryd         , Rr          , Rr          , Rr          , Rr          , Rr          , Rr          , Rr          , Rr          , Rr          , Rr          , Rr          , Rr          , Rr          , Rr          , Rr          , Rr          , Rr          , Rr          , Rr          , Ryd         , Ryd         , Xu          , Xg^Zse      , Zw          , Xu          , Xu          , Xu          , Xu          , Xu          , Xu          , Xu          , Xu          , Xos         , Xos         , Ryd         , Ryd         , Rd          , Rd          , Rr          , Rr          , Rr          , Rr          , Rd          , Rd          , Ryd         , Ryd         , Xos         , Xos         , Xos         , Xos         , Xos         , Xos         , Xu          , Xu          
Qxv         , Xos         , Ryd         , Rr          , Rr          , Rr          , Rr          , Rr          , Rr          , Rr          , Rr          , Rr          , Rr          , Rr          , Rr          , Rr          , Rr          , Rr          , Rr          , Rr          , Ryd         , Ryd         , Xu          , Xu          , Xu          , Xu          , Xu          , Yr^Xp       , Xu          , Xu          , Yr          , Uu^Vu       , Yr^Xp       , Xu          , Xu          , Xos         , Xos         , Xos         , Xos         , Ryd         , Ryd         , Rd          , Rd          , Rr          , Rr          , Rr          , Rr          , Rd          , Rd          , Ryd         , Ryd         , Xos         , Xos         , Xos         , Xos         , Xos         , Xos         
Qxv         , Qxv         , Ryd         , Rr          , Rr          , Rr          , Rr          , Rr          , Rr          , Rr          , Rr          , Rr          , Rr          , Rr          , Rr          , Rr          , Rr          , Rr          , Rr          , Ryd         , Xu          , Xu          , Xu          , Xu          , Xu          , Xu          , Xu          , Xu          , Yr^Ii       , Yr^Ii       , Yr          , Yr          , Xu          , Xg^Zse      , Yr          , Xu          , Qxv         , Xos         , Xos         , Xos         , Xos         , Ryd         , Ryd         , Rd          , Rd          , Rr          , Rr          , Rr          , Rr          , Rd          , Rd          , Ryd         , Ryd         , Xos         , Xos         , Xos         , Xos         
Xos         , Qxv         , Ryd         , Rr          , Rr          , Rr          , Rr          , Rr          , Rr          , Rr          , Rr          , Rr          , Rr          , Rr          , Rr          , Rr          , Rr          , Rr          , Rr          , Ryd         , Ryd         , Xu          , Ryd         , Xu          , Xg^Zse      , Xu          , Ryd         , Xg^Zsw      , Xg^Zsw      , Yr^Ii       , Xu          , Xu          , Qxv         , Xu          , Xu          , Xu          , Uu^Vu       , Qxv         , Qxv         , Xos         , Xos         , Xos         , Xos         , Ryd         , Ryd         , Rd          , Rd          , Rr          , Rr          , Rr          , Rr          , Rd          , Rd          , Ryd         , Ryd         , Xos         , Xos         
Xos         , Xos         , Ryd         , Rr          , Rr          , Rr          , Rr          , Rr          , Rr          , Rr          , Rr          , Rr          , Rr          , Rr          , Rr          , Rr          , Rr          , Rr          , Rr          , Rr          , Ryd         , Ryd         , Xg^Zse      , Xg^Zse      , Ryd         , Ryd         , Ryd         , Ryd         , Xg^Zse      , Xu          , Yr^Xp       , Qxv         , Yr          , Qxv         , Yr          , Yr^Xp       , Zw          , Qxv         , Qxv         , Qxv         , Qxv         , Xos         , Xos         , Xos         , Xos         , Ryd         , Ryd         , Rd          , Rd          , Rr          , Rr          , Rr          , Rr          , Rd          , Rd          , Ryd         , Ryd         
Xos         , Xos         , Ryd         , Rr          , Rr          , Rr          , Rr          , Rr          , Rr          , Rr          , Rr          , Rr          , Rr          , Rr          , Rr          , Rr          , Rr          , Rr          , Rr          , Ryd         , Xos         , Xg^Zse      , Xos         , Ryd         , Xos         , Ryd         , Xos         , Xg^Zse      , Ryd         , Ryd         , Ryd         , Yr          , Yr^Xp       , Yr          , Yr^Ii       , Yr^Ii       , Zw          , Yr^Xp       , Yr          , Qxv         , Qxv         , Qxv         , Qxv         , Xos         , Xos         , Xos         , Xos         , Ryd         , Ryd         , Rd          , Rd          , Rr          , Rr          , Rr          , Rr          , Rd          , Rd          
Qxv         , Qxv         , Ryd         , Ryd         , Ryd         , Ryd         , Uu^Vu       , Ryd         , Ryd         , Ryd         , Ryd         , Ryd         , Ryd         , Ryd         , Ryd         , Ryd         , Uu^Vu       , Ryd         , Ryd         , Ryd         , Xos         , Xos         , Xos         , Xos         , Xos         , Xos         , Xos         , Qxv         , Qxv         , Zw          , Zw          , Ryd         , Zw          , Zw          , Zw          , Zw          , Yr^Xp       , Zw          , Zw          , Zw          , Yr^Xp       , Qxv         , Qxv         , Qxv         , Qxv         , Xos         , Xos         , Xos         , Xos         , Ryd         , Ryd         , Rd          , Rd          , Rr          , Rr          , Rr          , Rr          
Qxv         , Qxv         , Xos         , Xos         , Xos         , Xos         , Xos         , Xos         , Xos         , Xos         , Xos         , Xos         , Xos         , Xos         , Xos         , Xos         , Xos         , Xos         , Xos         , Xos         , Xos         , Xos         , Xos         , Xos         , Xos         , Xos         , Qxv         , Qxv         , Qxv         , Yr          , Yr^Xp       , Zw          , Zw          , Zw          , Zw          , Zw          , Zw          , Zw          , Yr          , Yr          , Yr^Ii       , Yr^Ii       , Yr          , Qxv         , Qxv         , Qxv         , Qxv         , Xos         , Xos         , Xos         , Xos         , Ryd         , Ryd         , Rd          , Rd          , Rr          , Rr          
