Xu, Xu, Xu, Xu, Qxv, Uu, Ur, Uu, Uu, Uu, Xu, Xu, Xu, Xu, Xu, Xu, Xu, Xu, Xu, Xu, Xu, Xu, Xu, Xu, Xu, Xu, Xu, Qxu, Qxu, Xu, Xu, Xu, Xu, Xu, Xu, Xu, Xu, Xu, Xu, Xu, Xu, Xu, Xu, Xu, Xu, Xu, Xu, Xu, Xu, Xu, Xu, Xu, Xu, Xu, Xu, Xu, Xu
Xu, Xu, Xu, Xu, Qxv, Qxv, Uu, Ur, Uu, Uh, Qxv, Xuc, Xuc, Xu, Xu, Xu, Xu, Xu, Xu, Xu, Xu, Xu, Xu, Xu, Xu, Xu, Xu, Qxu, Qxu, Xu, Xu, Xu, Xu, Xu, Xu, Xu, Xu, Xu, Xu, Xu, Xu, Xu, Xu, Xu, Xu, Xu, Xu, Xu, Xu, Xu, Xu, Xu, Xu, Xu, Xu, Xu, Xu
Xu, Xu, Xu, Xu, Xu, Qxv, Uh, Ur, Ur, Uu, Qxv, Uu, Uh, Xuc, Xu, Xu, Xu, Xu, Xu, Xu, Xu, Xu, Xu, Xu, Xu, Xu, Xu, Xu, Qxu^Xo, Xu, Xu, Xu, Xu, Xu, Xu, Xu, Xu, Xu, Xu, Xu, Xu, Xu, Xu, Xu, Xu, Xu, Xu, Xu, Xu, Xu, Xu, Xu, Xu, Xu, Xu, Xu, Xu
Xu, Xu, Xu, Xu, Xu, Xu, Uu^Uf, Uu, Uu, Uu, Uh, Qxv, Qxv, Xu, Xu, Xu, Xu, Xu, Xu, Xos, Xos, Xos, Xos, Xos, Xos, Xu, Xu, Xu, Xu, Qxu, Qxu, Qxu, Qxu, Xu, Qxu^Xo, Qxu, Xu, Xu, Xu, Xu, Xu, Xu, Xu, Xu, Xu, Xu, Xu, Xu, Xu, Xu, Xu, Xu, Xu, Xu, Xu, Xu, Xu
Xu, Xu, Xu, Xu, Xu, Xuc, Qxv, Uu, Uu, Uu, Uu, Qxv, Qxv, Uu, Xu, Xu, Xu, Xu, Xu, Xos, Xos^Xzm\, Xos, Xos, Xos, Xu, Xu, Xuc, Xuc, Uh, Yhr^Xp, Xu, Qxu, Qxu, Qxu, Qxu, Xu, Xu, Xu, Yhr^Xp, Uh, Uh, Xu, Xu, Xu, Xu, Xu, Xu, Xu, Xu, Xu, Xu, Xu, Xu, Xu, Xu, Xu, Xu
Xu, Xu, Xu, Xu, Xu, Qxv, Qxv, Uu^Uf, Uu^Uf, Ur, 1 Ur, Uu, Uu, Uh, Xuc, Xu, Xu, Xu, Xu, Yhr^Xp, Yhr, Xos^Xzm\, Xu, Xos, Xu, Xu, Cte, Uh, Uh, Xu, Uh, Yhr^Xp, Xu, Qxu, Xu, Xu, Xu, Uu^Em, Yhr, Yhr^Uf, Uu^Uf, Xu, Xu, Xu, Xu, Xu, Xu, Xu, Xu, Xu, Xu, Xu, Xu, Xu, Xu, Xu, Xu
Xu, Xu, Xu, Xu, Qxv, Qxv, Uu, Uu^Uf, Uh, Uu, Uu, Uu, Uu, Uh, Uu, Xuc, Xu, Xu, Yhr, Yhr, Yhl, Yhr^Xp, Yhl, Yhl, Yhl, Yhr, Yhl, Uh, Uu, Uu, Uu, Xu, Uh, Yhr^Xp, Xu, Xu, Xu, Uh, Yhr, Yhr^Xp, Xu, Xu, Xu, Xu, Xu, Xu, Xu, Xu, Xu, Xu, Xu, Xu, Xu, Xu, Xu, Xu, Xu
Xu, Xu, Xu, Xu, Xu, Qxv, Xu, Uh, Xu, Uh, Uu, Ur, Ur, Ur^Em, Ur, Uu, Ur, Cud, Cud, Yhr, Yhr^Xp, Yhl, Yhl, Yhl, Yhl, Yhl, Xu, Yhr, Yhr, Yhr, Yhr, Yhr, Yhr, Xu, Uu^Uf, Uh, Uh, Xu, Xu, Xu, Xu, Xu, Xu, Xu, Xu, Xu, Xuc, Xu, Xos, Xos, Xos, Xu, Xu, Xu, Xu, Xu, Xu
Xu, Xu, Xu, Xu, Xu, Xu, Xu, Xu, Xu, Xu, Xos, Uu, Uu, Ur, Uu, Ur^Em, Ur, Ur, Xos, Xos, Xos, Yhl, Xu, Xu, Xu, Xu, Xu, Yhr, Xu, Yhr, Xu, Yhr, Yhr^Em, Yhr^Uf, Yhr^Emf, Yhr, Uu, Uh, Xu, Xu, Qxu, Qxu, Qxu^Xo, Xu, Xu, Xu, Uh, Xuc, Uu, Xos, Xos^Xzm\, Xos, Xos, Xu, Xu, Xu, Xu
Xu, Xu, Xu, Xu, Xos, Xu, Xos, Xu, Xu, Xu, Xos, Xos, Cud, Uu, Uu, Uu, Uh, Uh, Yhl, Xos, Xos^Xzm\, Xos, Xos, Xu, Xu, Xu, Xu, Uh, Xu, Yhr, Xu, Yhr, Xu, Yhr^Uf, Xu, Yhr, Yhr, Uh, Xuc, Xu, Xu, Qxu^Xo, Qxu, Xu, Xu, Xuc, Uh, Uu, Yhr^Ii, Yhr^Xp, Yhr, Xos, Xos^Xzm\, Xos, Xu, Xu, Xu
Xu, Xu, Xu, Xu, Xos, Xos, Xos, Xos, Xos, Xos, Xos, Xos, Uu, Cud, Xos, Xu, Xu, Xu, Xu, Yhl^Xp, Xos, Xos, Xos, Xos, Xu, Xu, Xu, Yhr^Xp, Xu, Uh, Xu, Cud, Xu, Xu, Xu, Xu, Yhr, Yhr, Xuc, Xu, Xu, Qxu, Qxu, Qxu, Xu, Xuc, Yhr, Yhr^Xp, Yhr^Em, Xu, Yhr^Em, Yhr, Xu, Xu, Xu, Xu, Qxu
Xu, Xu, Xu, Xu, Xu, Xos, Xu, Xos, Xos, Xos, Xos, Xos, Ur, Ur, Xos, Xos, Xos, Xu, Xos, Xos, Xos, Xos^Xzm/, Yhl^Xp, Yhl, Yhl, Xu, Xu, Xu, Xu, Yhr^Xp, Xu, Uh, Uh, Xu, Xu, Xu, Uu^Em, Yhr^Em, Xu, Xu, Xu, Qxu, Qxu, Qxu, Uu^Vud, Uu, Ur, Ur, Uu, Uu^Emf, Uu^Uf, Uh, Uh, Xu, Qxu^Xo, Qxu, Xu
Xu, Xu, Xu, Xu, Xu, Yhl^Xp, Yhl^Uf, Xu, Yhl^Xp, Xos, Xos, Xos, Uu, Ur, Xos, Xos, Xos, Xos, Xu, Xu, Xu, Yhl, Yhl, Yhl, Yhl^Xp, Yhl^Xp, Xu, Xu, Xu, Xu, Xu, Xu, Xu, Uh, Xu, Xu, Uh, Uu^Uf, Uu, Xuc, Yhr, Yhr^Xp, Xu, Qxu, Uu, Uu, Uu, Uu^Ii, Xu, Uu^Uf, Uh, Uu^Uf, Uh, Qxu, Xu, Xu, Xu
Xu, Xu, Xu, Xu, Xu, Yhl, Yhl, Yhl, Xu, Xu, Xu, Wwf, Wwf^Es, Ur, Uu, Xos, Xos, Xu, Xu, Xu, Xu, Yhl, Xu, Yhl^Xp, Xu, Xu, Xu, Xu, Xu, Xu, Wog, Xu, Xu, Cud, Xu, Xu, Uu, Ur^Uf, Ur^Em, Uh, Xu, Xu, Xu, Qxu, Qxu^Bp|, Uu, Qxu, Xu, Xu, Xuc, Uh, Uh, Qxu, Qxu, Xu, Xu, Xu
Xu, Xu, Xu, Xu, Xu, Yhl^Xp, Yhl, Xuc, Xuc, Xu, Xu, Wwf^Es, Wwg, Uu, Wog, Uu, Wwg, Xu, Wwg, Wwg, Wwg, Xu, Xu, Xu, Xu, Xu, Wog, Wog, Wog, Wog, Wwg, Wwg, Yhr, Yhr^Xp, Ur, Ur, Xu, Uh, Yhr, Uu^Uf, Xuc, Xu, Xu, Xu, Ur, Qxu, Qxu, Xu, Xu, Xuc, Xu, Qxu, Qxu, Qxu, Xu, Xu, Xu
Xu, Xu, Xu, Xu, Xu, Xu, Xuc, Yhl, Yhl^Xp, Xu, Wwg, Wwg, Wwg, Wwg, Wwg^Es, Wog, Wwg^Es, Wog, Wwg, Wwg, Xu, Wog, Wog, Wog, Wog, Wog, Wog, Xu, Wog, Wwg, Wwg, Wwg, Wwf^Es, Yhr, Xu, Xu, Xu, Xu, Yhr, Uu, Uh, Xuc, Xu, Uu^Uf, Ur, Qxu, Qxu, Qxu^Xo, Qxu, Xu, Qxu^Xo, Qxu, Xu, Xu, Xu, Xu, Xu
Xu, Xu, Xu, Xu, Xu, Xu, Xuc, Xuc, Wog, Wog, Wog, Wwg, Wwg, Wwg, Wwf^Es, Wwg, Wwg, Wwg^Es, Wwf^Es, Xu, Xuc, Wog, Wog^Es, Wog, Wog, Wog^Es, Wog, Wog, Wog, Wwg, Yhr, Yhr^Xp, Yhr, Cte, Xu, Xu, Uh, Yhr, Xu, Yhr, Yhr^Xp, Xu, Uu^Vu, Uu, Uh, Uh, Qxu, Qxu^Xo, Qxu, Qxu, Xu, Xu, Xu, Xu, Xu, Xu, Xu
Xu, Xu, Xu, Xu, Xu, Xu, Uu, Wog, Wog, Wog, Xu, Wwg, Xu, Xu, Xu, Xu, Xu, Xu, Uu, Uu^Em, Urb^Em, Wog, Wog, Wog, Xu, Xu, Xu, Xu, Xu, Cte, Yhr, Yhr^Xp, Uh, Xu, Ur, Uh, Xu, Xu, Xu, Xu, Uh, Wwf, Ur, Ur, Uh, Xu, Xu, Qxu^Xo, Qxu, Qxu, Xu, Xu, Xu, Xu, Xu, Xu, Xu
Xu, Xu, Xu, Xu, Xu, Xuc, Uh, Wog, Wog, Xu, Xu, Uu, Uh, Xu, Xu, Xu, Xuc, Xuc, Uh, Uu, Urb, Uu, Xu, Xu, Xu, Xu, Xuc, Xu, Xu, Xu, Uu^Uf, Wwf, Uu, Uu, Ur, Xu, Yhr, Yhr^Xp, Yhr^Xp, Xu, Uu, Uu, Uu, Xu, Xu, Xu, Xu, Xu, Qxu, Qxu, Xu, Xu, Xu, Xu, Xu, Xu, Xu
Xu, Xu, Xu, Xu, Wog, Xu, Wog, Wog, Wog, Wog, Rb^Uf, Uu, Uh, Xu, Xu, Xu, Xuc, Uh, Uu, Uu, Uu, Uu, Xu, Xu, Xuc, Xu, Qxu, Xuc, Xuc, Xu, Urb, Wwf, Wwf, Uu, Uu, Uu, Ur, Cte, Urb, Uu^Uf, Ur^Em, Ur, Xu, Xu, Xu, Xu, Xu, Xu, Xu, Qxu^Xo, Qxu, Xu, Xu, Xu, Xu, Xu, Xu
Xu, Xu, Wog, Wog, Wog, Wog^Xo, Wog, Wog, Wog, Rb, Uu, Uu, Xu, Xu, Xu, Xu, Xu, Uu, Urb, Uu^Uf, Rb^Em, Uu, Xu, Xuc, Uh^Emf, Uh, Uh, Qxu, Uu, Cud, Cud, Uu, Xu, Xu, Xu, Uh, Wwf, Ur, Ur, Uu, Xu, Xu, Xuc, Xuc, Wwf, Wwf, Uh, Xuc, Xuc, Xu, Xu, Qxu, Qxu, Xu, Xu, Xu, Xu
Xu, Xu, Wog, Wog, Wog, Wog^Xo, Wog, Wog, Xu, Xu, Xu, Xu, Xu, Xu, Xu, Xu, Cud, Urb, Uu, Uu, Rb, Uu, Uu^Vud, Uu^Uf, Rb, Uu^Uf, Uu, Uu, Urb, Urb, Uu, Cud, Xu, Xu, Xu, Xu, Xu, Uh, Uu^Uf, Uu, Xu, Xu, Xu, Uh, Uu, Wwf^Em, Wwf, Uh, Xuc, Xu, Xu, Uh, Uh, Xu, Xu, Xu, Xu
Wog, Wog, Wog, Wog, Xu, Xu, Xu, Xu, Xu, Xu, Xu, Xu, Xu, Xu, Uh, Uu, Xu, Xu, Xu, Xu, Uh, Uu, Uh, Rb, Uu, Rb, Uu^Uf, Uu, Uu^Uf, Uu, Xu, Xu, Xu, Xu, Xu, Xu, Yhr^Xp, Uu, Uh, Uu^Em, Ur^Em, Cte, Ur^Em, Uu, Uu^Uf, Uu^Em, Uu, Uh, Xu, Xu, Xu, Uh, Yhr^Xp, Xu, Xu, Xu, Xu
Wog, Wog, Wog, Xu, Xu, Xu, Xu, Xu, Xu, Xu, Yhl, Yhl^Xp, Uu, Xu, Uu, Uu, Xu, Xu, Xu, Xu, Xu, Xu, Xu, Xu, Xu, Uu^Uf, Xuc, Xu, Xu, Xu, Xu, Xu, Xu, Xu, Xu, Xu, Xu, Yhr^Xp, Xu, Uu, Uu, Uu, Uu, Ur, Uu, Uu^Uf, Wwf, Uh, Xu, Yhr, Yhr, Yhr, Yhr^Xp, Xu, Xu, Xu, Xu
Wog, Wog, Xu, Xu, Xu, Xu, Xu, Xu, Xu, Yhl, Xu, Xu, Xu, Uu, Ur, Xu, Xu, Xu, Xu, Xu, Xu, Xu, Xu, Xu, Xos, Xos, Xos, Xu, Xu, Xu, Xos, Xu, Xos, Xu, Xu, Xu, Xu, Xu, Xu, Xu, Uu, Uu, Uu, Cte, Xu, Uu^Uf, Xu, Xu, Xu, Xu, Yhr, Yhr^Xp, Yhr^Emf, Uh, Xu, Xu, Xu
Xu, Xu, Xu, Xu, Xuc, Xuc, Uu, Xu, Xu, Xu, Xu, Xuc, Yhl^Xp, Uu, Ur^Uf, Uu^Ufi, Uu^Uf, Uh, Uh, Xu, Xu, Xu, Xos, Xos, Xos, Xos, Xos, Xos, Xos, Xos, Xos, Xos, Xos, Xos, Xos, Xu, Xos, Xos, Xu, Xu, Uu, Urb, Uu, Xu, Xu, Xu, Xu, Xu, Xu, Xu, Xu, Yhr^Uf, Uh, Uh, Xu, Xu, Xu
Xu, Xu, Xuc, Xu, Uh, Uh, Uu^Uf, Uu^Uf, Uu, Xu, Uu, Yhl, Xu, Uu, Uu, Ur^Ii, Uu, Uh, Uh, Xu, Xu, Xos, Xos, Xos^Xzm\, Xos^Xzm\, Xos, Xos, Xos, Xoc, Xos, Xuc, Xu, Xu, Xoc, Xoc, Xos, Xos^Efs, Xos^Efs, Urb, Urb, Urb, Uu, Uu, Xu, Yhr, Xu, Xos, Xu, Xu, Xu, Qxu, Qxu, Qxu, Xu, Xu, Xu, Xu
Xu, Xu, Xuc, Uh, Uh, Uu, Uu^Ii, Uu^Uf, Ur, Ur, Xuc, Xuc, Yhl, Yhl^Xp, Xu, Uu, Qxua^Xo, Qxua^Xo, Qxua^Xo, Xu, Xu, Xos, Xos, Yhl^Xp, Yhl, Xoc^Xzm\, Xoc, Xoc, Yhl, Xuc, Yhr^Xp, Xu, Yhr^Xp, Yhl, Yhl, Xoc, Urb^Pr\, Urb, Urb, Urb, Xu, Uu^Em, Uh, Yhr^Xp, Xu, Yhr, Xos, Xos, Xu, Xu, Xu, Qxu, Qxu, Xu, Xu, Xu, Xu
Xu, Xu, Xu, Xuc, Uh, Uu, Uu, Uu, Uu, Xu, Xu, Yhl, Yhl, Xu, Xu, Xu, Qxua, Qxua, Xu, Xu, Xu, Xos, Xos, Xos, Xoc, Yhl^Zz/, Yhl^Xp, Yhl, Yhr, Yhr, Yhr, Yhr, Yhr, Yhr, Urb, Urb, Urb, Urb^Pr\, Xoc, Uu, Uh, Xu, Yhr, Yhr, Yhr, Yhr^Xp, Xos, Xos, Xu, Xu, Xu, Qxu, Qxu, Qxu, Xu, Xu, Xu
Xu, Xu, Xu, Xu, Xu, Uu^Uf, Uu, Uu^Uf, Uh, Xuc, Xu, Yhl, Xu, Xu, Xu, Xu, Qxua, Xu, Xu, Xu, Xos, Xos, Xoc, Xoc^Xzm/, Yhl^Xp, Yhl, Yhr^Xp, Cud, Urb, Yhr, Yhr, Yhr, Urb, Urb, Urb, Urb, Yhr, Xoc, Xos, Xos, Xos, Uh, Yhr, Yhr^Em, Yhr^Xp, Yhr^Xp, Xos, Xos, Xu, Xu, Xu, Xu, Xu, Qxu^Xo, Qxu, Xu, Xu
Xu, Xu, Xu, Xu, Xu, Uh, Xu, Uh, Uh, Xu, Xu, Xu, Xu, Xu, Xu, Qxua, Qxua, Xu, Xu, Xos, Xos, Xoc, Yhl, Yhl^Zz\, Xoc, Yhl, Yhr, Yhr, Yhr^Xp, Urb, Cud, Cud, Cud, Urb, Yhr^Xp, Yhr, Yhr, Xoc, Xos, Xos, Xos, Xos, Xos, Yhr^Xp, Xos, Xos, Xos, Xos, Xu, Xu, Xu, Xu, Xu, Xu, Xu, Xu, Xu
Xu, Xu, Xu, Xu, Xu, Xu, Xu, Xu, Xu, Xu, Xu, Xu, Xu, Xu, Xu, Qxua, Xu, Xu, Xu, Xos, Xos, Yhl^Xp, Xos, Xoc, Yhl^Zz\, Yhl^Xp, Yhl, Yhr^Xp, Yhr, Yhr, Cud, 2 Kud, Cud, Yhr, Yhr, Yhr, Yhr, Xoc, Xoc^Xzm\, Xos, Xos, Xos, Xos, Xos, Xos, Xos, Xu, Xu, Xu, Xu, Xu, Xu, Xu, Xu, Xu, Xu, Xu
Xu, Xu, Xu, Xu, Xu, Xu, Xu, Xu, Xu, Xu, Xu, Xu, Xu, Xu, Xu, Xu, Xu, Xu, Xos, Xos, Xos, Xos, Yhl, Yhl, Xoc, Xoc, Yhl^Xp, Yhl, Yhl^Xp, Yhr, Yhr, Cud, Yhr, Urb, Urb, Yhr, Yhl, Yhl^Xp, Yhl^Zz/, Xoc, Xos, Xos, Xos, Xos, Xu, Xu, Xu, Xu, Xu, Xu, Xu, Xu, Xu, Xu, Xu, Xu, Xu
Xu, Xu, Xu, Xu, Xu, Xu, Xu, Xu, Xu, Xu, Xu, Xu, Xu, Xu, Xu, Xu, Xos, Xos, Xos, Xos, Xos, Yhl^Xp, Xos^Xzm/, Xoc^Xzm/, Yhl, Yhl^Zz\, Xos, Xoc, Xoc, Yhl, Yhl, Yhr, Yhr, Yhr, Yhr, Cud, Yhl^Xp, Xos, Xos, Yhl, Yhl^Xp, Xos, Xos, Xos, Xu, Xu, Xu, Xu, Xu, Xu, Xu, Xu, Xu, Xu, Xu, Xu, Xu
Xu, Xu, Xu, Xu, Xu, Xu, Xos, Xos, Xos, Xu, Xu, Xu, Xu, Xu, Xos, Xos, Xos, Xos, Xu, Xos, Xos^Xzm/, Xos, Yhl, Yhl, Xos, Xos, Xos, Xos, Xoc, Yhl^Xp, Xoc, Yhl^Xp, Yhl^Xp, Yhr, Xoc, Yhl, Yhl^Xp, Xoc, Xoc, Xos, Xos, Xos, Xos, Xu, Xu, Xu, Xu, Xu, Xu, Xu, Xu, Xu, Xu, Xu, Xu, Xu, Xu
Xu, Xu, Xu, Xu, Xos, Xos, Xos, Xos, Xos, Xos, Xos, Xu, Xu, Xu, Xos, Xos, Yhr^Xp, Yhr^Xp, Yhr^Uf, Xuc, Urb, Urb, Yhl, Xos, Xos, Xos, Xos, Xos, Xos, Yhl^Zz\, Xos, Xoc, Yhl^Zz/, Xoc, Xos, Xos, Xos, Yhl^Zz/, Yhl, Xos^Xzm\, Xos, Xos, Xu, Xu, Xu, Xu, Xu, Xu, Xu, Xu, Xu, Xu, Xu, Xu, Xu, Xu, Xu
Xu, Xu, Xos, Xos, Xos, Xos, Xos, Yhl, Yhl^Xo, Xos, Xos^Xzm\, Xos, Xos, Xos, Xos, Xos, Yhr, Yhr^Emf, Uu^Uf, Urb^Uf, Urb, Urb, Uh, Yhl, Xu, Xos, Xoc^Xzm/, Xoc^Xzm/, Yhl, Yhl, Xos, Xos, Yhl, Xos, Xos, Xos, Xos, Xos, Xos, Yhl^Xp, Xos, Xos, Xu, Xu, Xu, Xu, Xu, Xu, Xu, Xu, Xu, Xu, Xu, Xu, Xu, Xu, Xu
Xu, Xos, Xos, Xos, Xos, Yhl, Yhl^Xo, Xos, Xos, Yhl, Yhl, Xos, Uh, Uu, Qxua, Qxua, Qxua, Uu^Emf, Uu^Emf, Urb, Uu^Vu, Uh, Uh, Xuc, Xuc, Xos^Xzm/, Yhl, Yhl, Xos, Xos, Xos, Xos, Yhl^Xp, Xos, Xos, Xos, Xos, Xos, Xos, Xos, Xos, Xos, Xu, Xu, Xu, Xu, Xu, Xu, Xu, Xu, Xu, Xu, Xu, Xu, Xu, Xu, Xu
Xu, Xu, Xu, Xos, Xos, Xos, Xos, Yhl, Yhl, Yhl, Yhl, Yhl, Yhr, Uu, Qxua, Qxua, Xos, Xos, Uu, Urb, Rb, Xu, Yhr, Uu, Yhr, Yhr, Yhr, Xos, Xu, Xos, Xos, Xos, Xos, Xos, Xos, Xu, Xu, Xu, Xu, Xu, Xu, Xu, Xu, Xu, Xu, Xu, Xu, Xu, Xu, Xu, Xu, Xu, Xu, Xu, Xu, Xu, Xu
Xu, Xu, Xu, Xu, Qxua, Xos, Qxua, Qxua, Qxua, Yhl, Yhr^Xp, Qxua, Qxua, Yhr^Xp, Qxua, Qxua, Xos, Xos, Uu, Rb, Rb, Yhr, Yhr, Yhr^Xp, Yhr, Yhr^Xp, Uu, Xuc, Xuc, Xu, Xu, Xos, Xos, Xos, Xu, Xu, Xu, Xu, Xu, Xu, Xu, Xu, Xu, Xu, Xu, Xu, Xu, Xu, Xu, Xu, Xu, Xu, Xu, Xu, Xu, Xu, Xu
Xu, Xu, Qxua, Qxua, Qxua, Qxua, Qxua, Qxua, Qxua, Qxua, Yhr, Qxua, Qxua, Yhr, Qxua, Qxua, Xos, Uu, Urb, Rb, Xos, Qxua, Qxua, Qxua, Xu, Uu, Rb, Uh, Xuc, Xu, Xu, Xu, Xu, Xu, Xu, Xu, Xu, Xu, Xu, Xu, Yhl^Xo, Yhl, Xu, Xu, Xu, Xu, Xu, Xu, Xu, Xu, Xu, Xu, Xu, Xu, Xu, Xu, Xu
Xos, Xos, Qxua, Qxua, Qxua, Qxua, Uu, Xu, Qxua, Qxua, Yhr, Qxua, Qxua, Yhr, Yhr, Qxua, Qxua, Uu, Urb, Urb, Xos, Qxua, Qxua, Qxua, Xu, Xuc, Uu, Uu, Xu, Xu, Xu, Xu, Xu, Xu, Xu, Xu, Xu, Xu, Yhl, Yhl^Xp, Yhl, Xu, Xu, Xu, Xu, Xu, Xu, Xu, Xu, Xu, Xu, Xu, Xu, Xu, Xu, Xu, Xu
Xos, Xos, Xu, Qxua, Qxua, Qxua, Qxua, Uu, Uu, Qxua, Qxua, Yhr^Xp, Qxua, Qxua, Qxua, Qxua, Uu, Urb, Rb, Xos, Qxua, Qxua, Yhr, Qxua, Uh, Uh, Xu, Xu, Xu, Xu, Xu, Xu, Xu, Xu, Xu, Xu, Qxua, Qxua, Yhl^Xp, Yhl, Xu, Xu, Yhl^Xo, Yhl, Xu, Xu, Xu, Xu, Xu, Xu, Xu, Xu, Xu, Xu, Xu, Xu, Xu
Xos, Xos, Xu, Xu, Qxua, Qxua, Qxua, Uu, Uh, Qxua, Qxua, Qxua, Uu, Uu^Vu, Urb, Rb, Rb, Rb^Em, Uu, Qxua, Yhr^Xp, Yhr, Yhr, Uu, Xu, Xu, Xu, Xu, Xu, Xu, Xuc, Xu, Qxua, Xu, Qxua, Xu, Qxua, Qxua, Qxua, Yhl^Xp, Xu, Xu, Yhl, Xu, Xu, Xu, Xu, Xu, Xu, Xu, Xu, Xu, Xu, Xu, Xu, Xu, Xu
Xos, Xos, Xos, Qxua, Qxua, Qxua, Qxua, Qxua, Qxua, Qxua, Xos, Uh, Rb, Urb, Uu, Uu, Uu, Qxua, Qxua, Qxua, Qxua, Yhr^Xp, Uu, Xu, Xu, Xu, Xu, Uu, Qxua, Xuc, Uu, Qxua, Qxua, Qxua, Qxua, Qxua, Qxua, Qxua, Qxua, Qxua, Yhl, Yhl^Xp, Xu, Xu, Xu, Xu, Xu, Xu, Qxua, Xu, Xu, Xu, Xu, Xu, Xu, Xu, Xu
Xos, Xos, Xos, Xos, Xos, Qxua, Yhr, Yhr^Xp, Qxua, Qxua, Xos, Uu, Urb, Qxua, Qxua, Rb^Em, Rb, Qxua, Qxua, Qxua, Uh, Uu, Xu, Xu, Xu, Xu, Xu, Qxua, Qxua, Uu, Urb, Qxua, Qxua, Qxua, Qxua, Qxua, Qxua, Qxua, Qxua, Qxua, Yhl^Xp, Yhl, Xu, Xu, Xu, Xu, Xu, Qxua, Qxua, Qxua, Xu, Xu, Xu, Xu, Xu, Xu, Xu
Xos, Xos, Xos, Xos, Xos, Uu, Yhr, Yhr^Xp, Qxua, Qxua, Uu^Uf, Uu, Urb, Qxua, Qxua, Rb, Uu, Xu, Xu, Xu, Xu, Uu, Xu, Xu, Xuc, Xuc, Qxua, Qxua, Qxua, Qxua, Urb, Uh, Qxua, Qxua, Qxua, Qxua, Uh, Qxua, Qxua, Qxua, Yhl, Yhl, Xu, Xu, Xu, Xu, Qxua, Qxua^Xo, Xu, Xu, Xu, Xu, Qxua, Xu, Xu, Xu, Xu
Yhl, Xos, Xos, Xos, Xos, Uu, Yhl, Yhl, Qxua, Qxua, Uu^Uf, Uu^Uf, Uu, Uu, Qxua, Rb, Uu, Xu, Xu, Xu, Xu, Xu, Xu, Xuc, Uu, Uu^Uf, Uu, Qxua, Uu, Uu, Uu, Uu, Uu, Qxua, Uu, Uu, Uu, Uu, Xu, Yhl, Xu, Xu, Xu, Xu, Xu, Xu, Qxua, Qxua, Xu, Xu, Xu, Qxua, Qxua, Xu, Xu, Xu, Xu
Yhl, Yhl, Yhl, Xos, Xos^Xzm\, Yhl, Yhl^Xp, Yhl, Yhr^Xp, Qxua, Qxua, Uu, Uu, Rb, Uu, Uu, Rb, Xuc, Xu, Xu, Xu, Xuc, Uu^Vud, Uu, Uu, Rb, Urb, Urb, Urb, Rb, Rb, Rb, Urb, Qxua, Uu, Uu^Vu, Rb, Urb, Urb, Xuc, Xu, Xu, Xu, Uu^Uf, Uu^Uf, Qxua, Qxua, Qxua, Qxua, Xu, Qxua, Qxua^Xo, Xu, Xu, Xu, Xu, Xu
Xos, Yhl, Yhl^Xo, Yhl^Xo, Yhl, Yhl, Xu, Yhr, Qxua, Qxua, Qxua, Xos, Xos, Uu, Uu, Rb, Urb, Xuc, Cud, Cud, Cud, Urb, Urb, Urb, Qxua, Qxua, Uu, Uu, Qxua, Rb, Uh, Uu, Urb, Urb, Uu, Urb, Uu, Uu, Uu, Uu, Urb, Uu^Eb, Uu, Uu, Xu, Xu, Qxua, Qxua, Qxua, Qxua, Qxua, Qxua, Xu, Xu, Xu, Xu, Xu
Xos, Xos, Xos, Yhl, Yhl^Xp, Xu, Xu, Qxua, Qxua, Qxua, Qxua, Qxua, Qxua, Uu, Xu, Uu^Vud, Uu, Uu, Cud, 3 Kud, Cud, Urb, Uu, Qxua, Qxua, Qxua, Qxua, Qxua, Qxua, Rb, Urb, Uu, Xuc, Xu, Qxua, Qxua, Qxua, Xuc, Xu, Rb, Urb, Uu, Qxua, Qxua, Xu, Xu, Qxua, Qxua, Qxua, Qxua, Xu, Xu, Xu, Xu, Xu, Xu, Xu
Xos, Xos, Xos, Yhl, Yhl^Xp, Xu, Yhr, Yhr, Qxua, Yhr, Qxua, Qxua, Qxua, Qxua, Xu, Xuc, Uu, Rb, Uu, Cud, Qxua, Uu, Qxua, Qxua, Qxua, Qxua, Uh, Qxua, Rb, Urb, Urb, Xuc, Xu, Xu, Xu, Qxua, Xu, Xu, Xu, Uu^Eb, Uu, Urb, Qxua, Qxua, Qxua, Xu, Qxua, Qxua, Qxua, Qxua, Xu, Xu, Xu, Xu, Xu, Xu, Xu
Xos, Xos, Xos, Yhl, Qxua, Qxua, Yhr^Xp, Qxua, Qxua, Yhr^Xp, Qxua, Qxua, Qxua, Qxua, Qxua, Xu, Uu, Uu^Vu, Uu, Qxua, Qxua, Qxua, Qxua, Qxua, Qxua, Uu, Urb, Uu, Uu, Urb, Xu, Xu, Xu, Xu, Xu, Xu, Xu, Xu, Xu, Xuc, Uu^Zz\, Uu, Uu, Qxua, Qxua, Qxua, Qxua, Xu, Xu, Xu, Xu, Xu, Xu, Xu, Xu, Xu, Xu
Xos, Xos, Xu, Qxua, Qxua, Yhr, Qxua, Qxua, Yhr, Yhr, Yhr, Qxua, Qxua, Qxua, Qxua, Qxua, Xu, Xu, Xu, Qxua, Qxua, Qxua, Qxua, Qxua, Uu, Urb, Rb, Uu, Uu^Uf, Xu, Xu, Xu, Xuc, Xu, Xu, Xu, Xuc, Xuc, Xu, Xuc, Uu, Urb^Zz\, Xuc, Xu, Xu, Qxua, Xu, Xu, Xu, Xu, Xu, Xu, Xu, Xu, Qxua, Xu, Xu
Xu, Xu, Xu, Xu, Uu, Yhr, Qxua, Qxua, Yhr, Yhr, Xos, Yhr, Yhr, Qxua, Qxua, Qxua, Xu, Xu, Xu, Xu, Qxua, Qxua, Uu^Uf, Uu, Urb, Urb, Rb, Uh, Xu, Xu, Xu, Xuc, Uh, Xuc, Xu, Xuc, Xuc, Uh, Uu^Uf, Uu, Urb, Urb, Xu, Xu, Xu, Xu, Xu, Xu, Xu, Xu, Xu, Xu, Xu, Qxua, Qxua, Xu, Xu
Xos, Xu, Xos, Uu, Uu, Yhr^Xp, Qxua, Qxua, Yhr, Yhr, Yhr, Xos^Xzm\, Qxua, Qxua, Qxua, Qxua, Qxua, Xu, Xu, Xu, Xu, Qxua, Qxua, Uu, Urb, Uu, Uu, Qxua, Qxua, Xu, Xu, Uu, Uu, Uu, Uu, Uu, Uu, Uu, Uu^Uf, Uu, Rb, Uu, Xu, Xuc, Yhl, Xu, Xu, Xu, Xu, Qxua, Qxua, Xu, Xu, Qxua, Qxua, Qxua, Xu
Xos, Xos, Xos^Xzm/, Xos, Yhr, Yhr, Yhr, Qxua, Xos, Yhr^Xp, Yhr, Yhr, Qxua, Qxua, Yhr, Qxua, Qxua, Qxua, Qxua, Xu, Qxua, Qxua, Uh, Uu^Vu, Uu, Urb, Rb, Qxua, Qxua, Qxua, Uu^Eb, Uu^Zz\, Urb^Zz\, Urb, Rb, Rb, Urb, Uu, Uu, Uu^Vud, Urb, Uu, Uu, Uu, Yhl^Xp, Yhl^Xp, Yhl^Xp, Xu, Qxua, Qxua, Xu, Xu, Qxua^Xo, Qxua, Qxua, Qxua, Xu
Xos, Xos^Xzm/, Yhr^Xo, Yhl, Yhl, Yhr^Xp, Xos, Yhr, Yhr, Xos, Yhr, Yhr, Qxua, Yhr^Xp, Qxua, Qxua, Qxua, Qxua, Xu, Qxua, Qxua, Qxua, Uu, Uu, Qxua, Uu, Urb, Rb, Uu, Uu, Uu, Urb, Uu, Xu, Xu, Uu, Uu^Vu, Urb, Cud, Urb, Cud, Cud, Uu, Uu^Vud, Qxua, Yhl, Xu, Uu, Uh, Qxua, Qxua, Qxua, Qxua, Qxua^Xo, Qxua, Qxua, Qxua
Yhl, Yhl, Yhl, Yhl^Xo, Xos, Xos, Xos, Yhr^Xp, Xos, Yhr, Yhr, Yhr^Xp, Qxua, Yhr, Xu, Qxua, Qxua, Xu, Xu, Qxua, Qxua, Qxua, Qxua, Qxua, Qxua, Qxua, Qxua, Urb, Urb, Urb, Uu^Eb, Uu, Qxua, Xu, Xu, Uh, Uu, Uu, Yhl, Cud, 4 Kud, Cud, Uu, Qxua, Qxua, Xu, Xu, Uh, Uh, Qxua, Qxua, Qxua, Qxua, Qxua^Xo, Qxua, Qxua, Qxua
Yhl, Yhl, Xos, Xos, Xos, Xos, Xos, Yhl^Xp, Xos, Xos, Yhr, Yhr, Yhr, Yhr^Xp, Xu, Xu, Qxua, Qxua, Xu, Qxua, Qxua, Qxua, Qxua, Qxua, Qxua, Qxua, Qxua, Qxua, Xu, Uu, Xu, Qxua, Qxua, Qxua, Xu, Xuc, Xuc, Yhl^Xp, Yhl^Xp, Cud, Cud, Cud, Urb, Qxua, Qxua, Qxua, Qxua, Qxua, Qxua, Qxua, Qxua, Qxua, Qxua, Xu, Qxua, Qxua, Qxua
Xos, Xos, Xos, Xos, Xos, Xos, Xos, Yhl, Yhl, Xos, Yhl, Yhr, Xu, Yhl, Yhl^Xp, Xu, Xu, Xu, Xu, Xu, Qxua, Qxua, Qxua, Qxua, Qxua, Qxua, Qxua, Xu, Xu, Xu, Xu, Xu, Xu, Xu, Xu, Xu, Xuc, Yhl, Yhl, Cud, Uu, Urb, Urb, Uu, Qxua, Qxua, Qxua, Qxua, Qxua, Qxua, Qxua, Qxua, Qxua, Qxua^Xo, Qxua, Qxua, Qxua
Xos, Xos, Xos, Xos, Xos, Xos, Xos, Xos, Xos, Yhl, Yhl, Xu, Xu, Xu, Xu, Yhl^Xo, Yhl, Xu, Xu, Xu, Xu, Qxua, Qxua, Qxua, Qxua, Qxua, Qxua, Qxua^Xo, Qxua, Xu, Xu, Xu, Xu, Xu, Xu, Xuc, Yhl^Xp, Yhl^Xp, Yhl, Qxua, Qxua, Urb, Urb, Urb, Urb^Xo, Qxua, Xu, Xu, Xu, Qxua, Qxua, Qxua, Qxua^Xo, Qxua^Xo, Qxua, Qxua, Qxua
Xos, Xos, Xos, Xos, Xos, Xos, Xos, Xos, Xos, Yhl, Yhl, Xos, Xos, Xu, Xu, Xu, Xu, Yhl, Xu, Xu, Xu, Xu, Qxua^Xo, Qxua, Qxua^Xo, Qxua, Qxua^Xo, Qxua^Xo, Qxua, Xu, Xu, Xu, Xu, Xu, Yhl^Xo, Yhl, Xu, Yhl, Qxua, Qxua, Qxua, Qxua, Uu^Xo, Urb^Xo, Urb, Xu, Xu, Xu, Xu^Zok, Xu, Qxua^Xo, Qxua^Xo, Qxua, Qxua, Qxua, Qxua, Qxua
Xu, Xos, Xos, Xos, Xos, Xos, Xos, Xos, Xos, Yhl^Xo, Yhl^Xo, Xos, Xos, Xu, Xu, Xu, Xu, Xu, Xu, Xu, Xu, Xu, Qxua, Qxua^Xo, Qxua, Qxua^Xo, Qxua, Qxua, Qxua, Xu, Xu, Xu, Yhl, Yhl, Xu, Xu, Xu, Xu, Qxua, Qxua, Xu, Xu, Xu, Urb, Urb, Urb, Urb, Xu^Zok, Xu^Zok, Xu, Qxua, Qxua, Qxua, Qxua, Qxua, Qxua, Qxua
Xu, Xu, Xu, Xos, Xos, Xos, Xos, Xos, Xos, Yhl, Yhl, Xos, Xos, Xos, Xu, Xu, Xu, Xu, Xu, Xu, Qxua, Qxua, Qxua, Qxua, Qxua, Qxua, Qxua, Qxua, Qxua, Xu, Xu, Xu, Xu, Xu, Xu, Xu, Qxua, Qxua, Qxua, Qxua, Xu, Xu, Xu^Zok, Urb, Urb, Urb, Urb^Zok, Xu^Zok, Xu^Zok, Xu, Xu, Qxua, Qxua, Qxua, Qxua, Qxua, Qxua
Xu, Xu, Xu, Xu, Xu, Xos, Xos, Xos, Xos, Yhl, Yhl, Xos, Xos, Xos, Xu, Xu, Xu, Xu, Xu, Xu, Qxua, Qxua, Qxua, Qxua, Xu, Qxua, Qxua, Qxua, Qxua, Xu, Xu, Xu, Xu, Xu, Xu, Qxua, Qxua, Qxua, Qxua, Qxua, Qxua, Xu, Xu^Zok, Xu^Zok, Urb^Zok, Urb^Zok, Urb^Zok, Xu^Zok, Xu^Zok, Xu, Xu, Qxua, Qxua, Qxua, Qxua, Qxua, Qxua
Xu, Xu, Xu, Xu, Xu, Xu, Xu, Xos, Xos, Xos, Xos, Xos, Xos, Xos, Xu, Xu, Xu, Xu, Xu, Xu, Xu, Xu, Xu, Xu, Xu, Xu, Xu, Xu, Xu, Xu, Xu, Xu, Xu, Xu, Qxua^Xo, Qxua, Qxua, Qxua, Qxua, Qxua, Qxua, Xu, Xu, Xu^Zok, Xu^Zok, Urb^Zok, Xu^Zok, Xu^Zok, Xu, Xu, Qxua, Qxua, Qxua, Qxua, Qxua, Qxua, Qxua
Xu, Xu, Xu, Xu, Xu, Xu, Xu, Xu, Xu, Xos, Xos, Xos, Xu, Xu, Xu, Xu, Xu, Xu, Xu, Xu, Xu, Xu, Xu, Xu, Xu, Xu, Xu, Xu, Xu, Xu, Xu, Xu, Qxua, Qxua, Qxua, Qxua^Xo, Qxua, Qxua, Qxua, Qxua, Qxua, Xu, Xu, Xu, Xu, Xu^Zok, Xu, Xu, Xu, Qxua, Qxua, Qxua, Qxua, Qxua, Qxua, Qxua, Qxua
Xu, Xu, Xu, Xu, Xu, Xu, Xu, Xu, Xu, Xu, Xu, Xu, Xu, Xu, Xu, Xu, Xu, Xu, Xu, Xu, Xu, Xu, Xu, Xu, Xu, Xu, Xu, Xu, Xu, Xu, Xu, Xu, Xu, Qxua, Qxua, Qxua^Xo, Qxua^Xo, Qxua, Qxua^Xo, Qxua, Qxua^Xo, Qxua^Xo, Qxua, Xu, Xu, Xu, Xu, Xu, Qxua, Qxua, Qxua, Qxua, Qxua, Qxua, Qxua, Qxua, Qxua
Xu, Xu, Xu, Xu, Xu, Xu, Xu, Xu, Xu, Xu, Xu, Xu, Xu, Xu, Xu, Xu, Xu, Xu, Xu, Xu, Xu, Xu, Xu, Xu, Xu, Xu, Xu, Xu, Xu, Xu, Xu, Xu, Xu, Xu, Qxua, Qxua, Qxua, Qxua^Xo, Qxua, Qxua^Xo, Qxua, Qxua, Qxua, Qxua, Qxua, Qxua, Qxua, Qxua, Qxua, Qxua, Qxua, Qxua, Qxua, Qxua, Qxua, Qxua, Qxua
Xu, Xu, Xu, Xu, Xu, Xu, Xu, Xu, Xu, Xu, Xu, Xu, Xu, Xu, Xu, Xu, Xu, Xu, Xu, Xu, Xu, Xu, Xu, Xu, Xu, Xu, Xu, Xu, Xu, Xu, Xu, Xu, Xu, Xu, Xu, Qxua, Qxua, Qxua, Qxua, Qxua, Qxua, Qxua, Qxua, Qxua, Qxua, Qxua, Qxua, Qxua, Qxua, Qxua, Qxua, Qxua, Qxua, Qxua, Qxua, Qxua, Qxua
Xu, Xu, Xu, Xu, Xu, Xu, Xu, Xu, Xu, Xu, Xu, Xu, Xu, Xu, Xu, Xu, Xu, Xu, Xu, Xu, Xu, Xu, Xu, Xu, Xu, Xu, Xu, Xu, Xu, Xu, Xu, Xu, Xu, Xu, Qxua, Qxua, Qxua, Qxua, Qxua, Qxua, Qxua, Qxua, Qxua, Qxua, Qxua, Qxua, Qxua, Qxua, Qxua, Qxua, Qxua, Qxua, Qxua, Qxua, Qxua, Qxua, Qxua
