border_size=1
usage=map

Ryd         , Ryd         , Ryd         , Qxv         , Qxv         , Qxv         , Qxv         , Qxv         , Xu          , Xu          , Xu          , Xu          , Xu          , Xu          , Xu          , Xos         , Xos         , Xos         , Xos         , Xos         , Xos         , Xu          , Xu          , Xu          , Xu          , Xu          , Xu          , Xu          , Xu          , Xu          , Xu          , Xu          , Xu          , Xu          , Xu          , Xu          , Xu          , Xu          , Xu          , Xu          , Xu          , Xu          
Ryd         , Ryd         , Ryd         , Ryd         , Ryd         , Qxv         , Uu          , Xu          , Xu          , Xu          , Xu          , Xu          , Xu          , Xu          , Xu          , Xos         , Xos         , Xos         , Xos         , Xos         , Xu          , Xu          , Xu          , Xu          , Zw          , Yhr^Xp      , Xu          , Xu          , Xu          , Xu          , Xu          , Xu          , Xu          , Xu          , Xu          , Xu          , Xu          , Xu          , Xu          , Xu          , Xu          , Xu          
Qxv         , Ryd         , Ryd         , Ryd         , Ryd         , Ryd         , Ryd         , Uu          , Uu          , Xu          , Xu          , Xu          , Xu          , Xu          , Xu          , Xos         , Xos         , Xos         , Xu          , Xos         , Xu          , Xu          , Cud         , Uh          , Uh          , Xu          , Zw          , Yhr^Xp      , Xu          , Xu          , Xu          , Xu          , Xu          , Xu          , Xu          , Xu          , Xu          , Xu          , Xu          , Xu          , Xu          , Xu          
Qxv         , Qxv         , Uu          , Ryd         , Ryd         , Ryd         , 1 Ryd       , Ryd         , Ryd         , Uu          , Uu          , Xu          , Xu          , Xu          , Yhr         , Xos         , Yhl         , Xu          , Yhl         , Yhl         , Yhl         , Yhr         , Yhl         , Uh          , Uu          , Uu          , Uu          , Xu          , Zw          , Yhr^Xp      , Xu          , Xu          , Xu          , Xu          , Xu          , Xu          , Xu          , Xu          , Xu          , Xu          , Xu          , Xu          
Xu          , Xu          , Xu          , Uu          , Uu          , Ryd         , Ryd         , Ryd         , Ryd         , Ryd         , Ryd         , Uu          , Ryd         , Cud         , Yhr         , Yhr         , Yhr         , Yhl         , Yhl         , Yhl         , Yhl         , Yhl         , Xu          , Yhr         , Yhr         , Yhr         , Yhr         , Yhr         , Yhr         , Xu          , Uu^Uf       , Xu          , Xu          , Xu          , Xu          , Xu          , Xu          , Xu          , Xu          , Xu          , Xu          , Xu          
Xu          , Xu          , Xu          , Xu          , Xu          , Uu          , Uu          , Ryd         , Ryd         , Ryd         , Ryd         , Ryd         , Ryd         , Cud         , Xos         , Yhr         , Xu          , Yhl         , Xu          , Xu          , Xu          , Xu          , Xu          , Yhr         , Xu          , Yhr         , Xu          , Yhr         , Yhr         , Yhr^Uf      , Yhr^Uf      , Yhr         , Uh          , Xu          , Xu          , Xu          , Xu          , Xu          , Xu          , Xu          , Xu          , Xu          
Xos         , Xu          , Xu          , Xu          , Xu          , Xu          , Xu          , Uu          , Cud         , Ryd         , Ryd         , Ryd         , Zw          , Zw          , Yhl         , Xos         , Xos         , Xu          , Xu          , Yhl^Xp      , Yhl^Xp      , Yhl^Xp      , Xu          , Zw          , Xu          , Yhr         , Xu          , Yhr         , Xu          , Yhr^Uf      , Xu          , Yhr         , Yhr         , Uh          , Xu          , Xu          , Xu          , Xu          , Xu          , Xu          , Xu          , Xu          
Xos         , Xos         , Xos         , Xu          , Xu          , Xu          , Xu          , Xos         , Ryd         , Cud         , Xos         , Xu          , Xu          , Xu          , Xu          , Yhl^Xp      , Xos         , Xu          , Xu          , Yhl^Xp      , Yhl^Xp      , Yhl         , Xu          , Yhr^Xp      , Xu          , Zw          , Xu          , Cud         , Xu          , Xu          , Xu          , Xu          , Yhr         , Yhr         , Xu          , Xu          , Xu          , Xu          , Xu          , Xu          , Xu          , Xu          
Xu          , Xos         , Xu          , Xu          , Xu          , Xu          , Xos         , Xos         , Ryd         , Ryd         , Xos         , Xos         , Xos         , Xu          , Xu          , Xu          , Xos         , Xu          , Xu          , Yhl^Xp      , Yhl         , Yhl^Xp      , Cud         , Xu          , Xu          , Yhr^Xp      , Xu          , Uh          , Uh          , Xu          , Xu          , Xu          , Uu^Uf       , Yhr         , Xu          , Xu          , Xu          , Xu          , Xu          , Xu          , Xu          , Xu          
Xu          , Yhl^Xp      , Xu          , Xu          , Yhl^Xp      , Xos         , Xos         , Xos         , Ryd         , Ryd         , Xos         , Xos         , Yhr^Xp      , Xu          , Xos         , Xos         , Xu          , Xos         , Xos         , Xu          , Xos         , Xu          , Xu          , Yhr^Xp      , Wo          , Xu          , Xu          , Xu          , Xu          , Uh          , Xu          , Xu          , Uh          , Uu^Uf       , Uu          , Xu          , Yhr         , Yhr^Xp      , Xu          , Xu          , Xos         , Xos         
Xu          , Yhl         , Yhl         , Yhl         , Xu          , Xu          , Xu          , Xos         , Ryd         , Ryd         , Ryd         , Zw          , Xos         , Xos         , Xu          , Xu          , Xu          , Xos         , Qxu         , Xos         , Xos         , Xos         , Ryd^Z\      , Uh          , Xu          , Wo          , Wo          , Xu          , Xu          , Cud         , Xu          , Xu          , Uh          , Uu^Uf       , Uu          , Uh          , Xu          , Xu          , Xos         , Xos         , Yhl         , Yhl         
Xu          , Yhl         , Yhl         , Xu          , Xu          , Xu          , Xu          , Xos         , Ryd         , Ryd         , Xos         , Xos         , Xu          , Xu          , Xu          , Xu          , Qxu         , Qxu         , Xos         , Qxu         , Qxu         , Qxu         , Xos         , Xos         , Xos         , Xu          , Wo          , Wo          , Ryd         , Ryd         , Ryd         , Ryd^Z\      , Xu          , Uh          , Yhr         , Uu^Uf       , Xu          , Xu          , Xos         , Yhl^Xp      , Xos         , Xos         
Xu          , Xu          , Xu          , Yhl         , Yhl         , Xu          , Yhl         , Zw          , Ryd         , Ryd         , Xos         , Xu          , Xu          , Xu          , Qxu         , Qxu         , Xu          , Xos         , Xos         , Xos         , Xos         , Xos         , Xu          , Xos         , Xos         , Xu          , Wo          , Wo          , Ryd         , Ryd         , Xu          , Xu          , Xu          , Xu          , Yhr         , Uu^Uf       , Xu          , Xu          , Xos         , Yhl         , Xos         , Xos         
Xu          , Xu          , Xu          , Xu          , Yhl         , Yhl         , Xu          , Xos         , Xos         , Zw          , Yhl^Xp      , Xos         , Xos         , Xu          , Ryd^Z\      , Xu          , Xu          , Xos         , Xu          , Xu          , Xu          , Xu          , Xu          , Xos         , Wo          , Wo          , Ryd         , Ryd         , Ryd         , Cud         , Xu          , Xu          , Yhr         , Yhr         , Xu          , Yhr         , Yhr         , Xu          , Xos         , Yhl         , Yhl         , Yhl         
Xu          , Xu          , Yhl         , Yhl         , Xu          , Yhl         , Xu          , Xu          , Xu          , Xos         , Xos         , Xos         , Qxu         , Qxu         , Xu          , Xu          , Xu          , Xos         , Xu          , Xos         , Xu          , Xos         , Xu          , Wo^Xo       , Xos         , Cud         , Cud         , Ryd         , Ryd         , Xu          , Xu          , Yhr^Xp      , Xu          , Xu          , Xu          , Xu          , Xu          , Yhr^Xp      , Xos         , Yhl         , Xos         , Xos         
Xu          , Xu          , Yhl         , Xu          , Xu          , Yhl         , Xu          , Xu          , Xu          , Xu          , Qxu         , Qxu         , Xu          , Xu          , Xu          , Xu          , Xos         , Xos         , Yhr^Xp      , Xos         , Yhr^Xp      , Xos         , Yhr^Xp      , Xos         , Xos         , Xos         , Xos         , Cud         , Ryd         , Ryd         , Cud         , Xu          , Yhr         , Yhr^Xp      , Yhr^Xp      , Xu          , Xu          , Xu          , Xos         , Yhl         , Yhl         , Yhl         
Xos         , Xu          , Yhl^Xp      , Xu          , Xos         , Yhl^Xp      , Xu          , Xu          , Xu          , Ryd^Z\      , Xu          , Xu          , Xu          , Xu          , Xu          , Xos         , Xos         , Xos         , Yhr         , Xos         , Yhr         , Xos         , Yhr         , Xos         , Xos         , Xos         , Xos         , Xos         , Cud         , Ryd         , Ryd         , Xu          , Xu          , Yhr         , Xos         , Xu          , Xos         , Xos         , Xos         , Yhl^Xp      , Xos         , Xos         
Xu          , Xos         , Xos         , Xu          , Xos         , Xos         , Xos         , Xu          , Xu          , Qxu         , Xu          , Xu          , Xu          , Xu          , Xos         , Yhr^Xp      , Yhr         , Xos         , Yhr         , Xos         , Yhr         , Xos         , Yhr         , Xos         , Xos         , Xos         , Xos         , Xos         , Ryd         , Ryd         , Ryd         , Ryd         , Xos         , Xos         , Xos         , Xos         , Xos         , Xos         , Xos         , Yhl         , Xos         , Xos         
Xu          , Xu          , Xu          , Xos         , Xu          , Xu          , Xu          , Xu          , Qxu         , Qxu         , Xu          , Xu          , Xu          , Xu          , Xu          , Xos         , Xos         , Yhr         , Yhr         , Yhr         , Yhr         , Yhr         , Ryd         , Yhr         , Yhr         , Xos         , Ryd^Z\      , Ryd         , Ryd         , Ryd         , Xos         , Xos         , Xos         , Xos         , Xos         , Xos         , Xos         , Xos         , Xos         , Yhl         , Xos         , Xos         
Xu          , Xu          , Qxu         , Xu          , Qxu         , Qxu         , Qxu         , Ryd^Z\      , Xu          , Xu          , Uu^Uf       , Uu^Uf       , Uh          , Xu          , Xos         , Yhr^Xp      , Yhr         , Yhr         , Yhr         , Yhr         , Ryd         , Ryd         , Ryd^Xo      , Ryd         , Ryd         , Ryd         , Ryd         , Ryd^Z\      , Xos         , Xos         , Xos         , Xos         , Xos         , Xos         , Xos         , Xos         , Xos         , Xos         , Xos         , Yhl^Xp      , Xos         , Xos         
Xu          , Qxu         , Xu          , Qxu         , Xu          , Xu          , Xu          , Xu          , Uu          , Uh          , Uu^Uf       , Uu^Ii       , Uu^Uf       , Xu          , Xu          , Xos         , Xos         , Yhr         , Ryd         , Ryd         , Ryd         , Ryd^Xo      , 3 Ryd^Xo    , Ryd^Xo      , Ryd         , Ryd         , Ryd         , Yhr         , Xos         , Xos         , Xos         , Xos         , Xos         , Xos         , Xos         , Xos         , Xos         , Xos         , Xos         , Yhl^Xo      , Xos         , Xos         
Xu          , Ryd^Z/      , Qxu         , Xu          , Qxu         , Qxu         , Qxu         , Xu          , Uh          , Uu^Uf       , Qxu         , Uu          , Uu          , Xu          , Xos         , Yhr^Xp      , Yhr         , Yhr         , Yhr         , Ryd         , Ryd         , Ryd^Xo      , Ryd^Xo      , Ryd^Xo      , Ryd         , Ryd         , Ryd         , Yhr         , Yhr         , Xos         , Xos         , Xos         , Xos         , Xos         , Xos         , Xos         , Xos         , Xos         , Xos         , Yhr         , Qxs         , Qxs         
Xu          , Xu          , Xu          , Qxu         , Xu          , Uu^Uf       , Uu^Uf       , Qxu         , Qxu         , Qxu         , Qxu         , Uh          , Uu^Uf       , Xu          , Xu          , Xos         , Xos         , Yhr         , Yhr         , Yhr         , Yhr         , Ryd         , Ryd         , Ryd         , Ryd         , Ryd         , Yhr         , Yhr         , Yhr         , Yhr^Xp      , Ryd^Z/      , Xos         , Xos         , Xos         , Xos         , Xos         , Xos         , Xu          , Qxs         , Yhr^Xp      , Qxs         , Qxs         
Xu          , Xu          , Xu          , Xu          , Xu          , Xu          , Xu          , Xu          , Xu          , Uu^Uf       , Xu          , Uu^Uf       , Xu          , Xu          , Xu          , Xu          , Xos         , Xos         , Yhr         , Yhr         , Yhr         , Yhr         , Yhr         , Ryd         , Yhr         , Yhr         , Yhr         , Yhr         , Xos         , Xos         , Xos         , Uh          , Uh          , Xos         , Xos         , Xos         , Xos         , Xos^Xo      , Xos         , Yhr         , Xos         , Qxs         
Xu          , Xu          , Xu          , Xu          , Xu          , Xu          , Xu          , Xu          , Xu          , Xu          , Xu          , Xu          , Xu          , Xu          , Xu          , Xu          , Yhr^Xp      , Yhr         , Xos         , Yhr         , Xos         , Yhr         , Xos         , Yhr         , Xos         , Yhr         , Yhr         , Yhr^Xp      , Ryd^Z/      , Xos         , Xos         , Xos         , Uh          , Uu          , Uu          , Uh          , Uh          , Xos         , Xos         , Yhr         , Xos         , Xos         
Xu          , Xu          , Xu          , Xu          , Xu          , Xu          , Xu          , Xu          , Xu          , Xu          , Xu          , Xu          , Xu          , Xu          , Xos         , Xu          , Xu          , Xos         , Xos         , Yhr         , Xos         , Yhr         , Xos         , Yhr         , Xos         , Xos         , Yhr         , Xos         , Xos         , Uh          , Uh          , Uh          , Uh          , Ur          , Ur          , Uh          , Uu          , Qxs         , Qxs         , Yhr         , Qxs         , Xos         
Xu          , Xu          , Xu          , Xu          , Xu          , Xu          , Xu          , Xu          , Xu          , Xu          , Xu          , Xu          , Xos         , Xos         , Yhl         , Xos         , Xos         , Xu          , Xos         , Yhr^Xp      , Xos         , Yhr^Xp      , Xos         , Yhr^Xp      , Xos         , Xos         , Yhr^Xp      , Xos         , Xos         , Xos         , Ur          , Uu          , Uh          , Uu          , Qxs         , Ur          , Uh          , Qxs         , Qxs         , Yhr^Xp      , Qxs         , Qxs         
Xu          , Xu          , Xu          , Xu          , Xu          , Xu          , Xu          , Xu          , Xu          , Xu          , Xu          , Xu          , Xos         , Yhl         , Yhl         , Yhl         , Yhl         , Xos         , Xos         , Xu          , Xu          , Xu          , Xu          , Xu          , Xu          , Xos         , Xu          , Xos         , Qxs         , Uh          , Uh          , Uu          , Qxs         , Qxs         , Qxs         , Uh          , Ur          , Uu          , Qxs         , Yhr^Xp      , Qxs         , Qxs         
Xu          , Xu          , Xu          , Xu          , Xu          , Xu          , Xu          , Xu          , Xu          , Xu          , Xu          , Xu          , Xu          , Xos         , Xos         , Yhl         , Yhl^Xo      , Yhl^Xo      , Yhl^Xp      , Xos         , Xos         , Xu          , Xu          , Xu          , Xu          , Xu          , Xu          , Xu          , Qxs         , Qxs         , Uh          , Uu          , Qxs         , Qxs         , Uu          , Uh          , Uh          , Uu          , Qxs         , Yhr         , Qxs         , Qxs         
Xu          , Xu          , Xu          , Xu          , Xu          , Xu          , Xu          , Xu          , Xu          , Xu          , Xu          , Xu          , Xos         , Xu          , Xu          , Xos         , Xos         , Yhl         , Yhl^Xp      , Yhr^Xp      , Yhr^Xp      , Xos         , Xos         , Xu          , Xu          , Xu          , Qxs         , Qxs         , Qxs         , Uu          , Ur          , Uu          , Qxs         , Qxs         , Ur          , Uh          , Uh          , Qxs         , Yhr         , Yhr^Xp      , Qxs         , Qxs         
Xu          , Xu          , Xu          , Xu          , Xu          , Xu          , Xu          , Xu          , Xu          , Xu          , Xu          , Xos         , Xos         , Qxs         , Qxs         , Qxs         , Xos         , Qxs         , Xos         , Yhr         , Yhr^Xp      , Yhr^Xp      , Yhr         , Xos         , Xos         , Xos         , Xos         , Qxs         , Uh          , Uu          , Ur          , Uu          , Uu          , Uu          , Ur          , Uu          , Cud         , Qxs         , Yhr         , Qxs         , Qxs         , Qxs         
Xu          , Xu          , Xu          , Xu          , Xu          , Xu          , Xu          , Xu          , Xu          , Xu          , Xu          , Xos         , Xos         , Qxs         , Qxs         , Qxs         , Qxs         , Qxs         , Xos         , Xos         , Qxs         , Yhr         , Yhr         , Yhr^Xp      , Yhr^Xp      , Xos         , Xos         , Uh          , Ur          , Ur          , Uu          , Ur          , Uu^Uf       , Uu^Uf       , Qxs         , Cud         , Yhr         , Yhr         , Yhr         , Yhr^Xp      , Qxs         , Qxs         
Xu          , Xu          , Xu          , Xu          , Xu          , Xu          , Xu          , Xu          , Xu          , Xu          , Xu          , Xos         , Xos         , Qxs         , Qxs         , Qxs         , Xos         , Xos         , Qxs         , Qxs         , Xos         , Qxs         , Xos         , Yhr         , Xos         , Xos         , Cud         , Uu          , Uu          , Uu          , Cud         , Cud         , Qxs         , Qxs         , Qxs         , Yhr^Xp      , Yhr         , Yhr^Xp      , Xos         , Qxs         , Qxs         , Qxs         
Xu          , Xu          , Xu          , Xu          , Xu          , Xu          , Xu          , Xu          , Xu          , Xu          , Xu          , Xos         , Xos         , Qxs         , Qxs         , Qxs         , Qxs         , Qxs         , Xos         , Xos         , Xos         , Qxs         , Xos         , Yhr         , Xos         , Qxs         , Cud         , Uu^Uf       , Uu          , Uh          , Qxs         , Yhr         , Yhr         , Qxs         , Yhr         , Yhr^Xp      , Yhr         , Yhr^Xp      , Xos         , Qxs         , Qxs         , Qxs         
Xu          , Xu          , Xu          , Xu          , Xu          , Xu          , Xu          , Xu          , Xu          , Xu          , Xos         , Xos         , Xos         , Qxs         , Qxs         , Qxs         , Qxs         , Qxs         , Qxs         , Qxs         , Qxs         , Qxs         , Xos         , Yhr         , Qxs         , Qxs         , Cud         , Uu          , Ur          , Uh          , Uu          , Qxs         , Qxs         , Yhr         , Xos         , Xos         , Xos         , Yhr         , Yhr         , Xos         , Xos         , Xos         
Xu          , Xu          , Xu          , Xu          , Xu          , Xu          , Xu          , Xu          , Xu          , Xos         , Xos         , Xos         , Xos         , Qxs         , Qxs         , Qxs         , Qxs         , Qxs         , Qxs         , Xos         , Xos         , Qxs         , Uh          , Uh          , Ur          , Qxs         , Uh          , Uu          , Ur          , Uu          , Uu          , Xos         , Qxs         , Yhr^Xp      , Qxs         , Xos         , Qxs         , Yhr         , Qxs         , Yhr         , Yhr         , Yhr         
Xu          , Xu          , Xu          , Xu          , Xu          , Xu          , Xu          , Xu          , Xos         , Yhr         , Yhr^Xo      , Xos         , Xos         , Uh          , Qxs         , Qxs         , Qxs         , Qxs         , Uh          , Xos         , Uu          , Ur          , Xos         , Uh          , Uu^Uf       , Ur          , Uh          , Ur          , Qxs         , Xos         , Cud         , Xos         , Yhr         , Yhr         , Yhr         , Qxs         , Yhr         , Yhr^Xp      , Qxs         , Qxs         , Xos         , Xos         
Xu          , Xu          , Xu          , Xu          , Xu          , Xu          , Xu          , Xu          , Xos         , Xos         , Xos         , Yhr         , Yhr^Xp      , Uh          , Uh          , Qxs         , Qxs         , Qxs         , Uh          , Uu          , Xos         , Xos         , Qxs         , Qxs         , Qxs         , Uu          , Ur          , Qxs         , Qxs         , Xos         , Xos         , Yhr         , Xos         , Qxs         , Qxs         , Yhr^Xp      , Qxs         , Qxs         , Qxs         , Qxs         , Qxs         , Xos         
Xu          , Xu          , Xu          , Xu          , Xu          , Xu          , Xu          , Xu          , Xu          , Xos         , Xos         , Xos         , Xos         , Yhr         , Yhr         , Qxs         , Qxs         , Qxs         , Qxs         , Ur          , Qxs         , Qxs         , Qxs         , Qxs         , Qxs         , Uh          , Uu          , Qxs         , Qxs         , Qxs         , Uu          , Cud         , Xos         , Qxs         , Qxs         , Yhr^Xp      , Yhr         , Qxs         , Qxs         , Qxs         , Qxs         , Xos         
Xu          , Xu          , Xu          , Xu          , Xu          , Xu          , Xu          , Xu          , Xu          , Xu          , Xu          , Xos         , Xos         , Qxs         , Uh          , Yhr         , Yhr         , Qxs         , Cud         , Ur          , Uu          , Qxs         , Uh          , Uh          , Uu          , Ur          , Cud         , Uu          , Uu          , Uu          , Xos         , Xos         , Xos         , Xos         , Xos         , Qxs         , Qxs         , Yhr         , Qxs         , Qxs         , Xos         , Xos         
Xu          , Xu          , Xu          , Xu          , Xu          , Xu          , Xu          , Xu          , Xu          , Xu          , Xu          , Xos         , Xos         , Uh          , Qxs         , Uh          , Qxs         , Yhr         , Cud         , Ur          , Ur          , Uu          , Ur          , Ur          , Cud         , Cud         , Cud         , Cud         , Uh          , Uu^Uf       , Qxs         , Qxs         , Qxs         , Xos         , Xos         , Xos         , Xos         , Yhr^Xp      , Xos         , Xos         , Xos         , Xos         
Xu          , Xu          , Xu          , Xu          , Xu          , Xu          , Xu          , Xu          , Xu          , Xu          , Xu          , Xu          , Xos         , Xos         , Xos         , Qxs         , Qxs         , Qxs         , Uu^Uf       , Uu          , Ur          , Qxs         , Cud         , Cud         , Cud         , Cud         , Xos         , Xos         , Xos         , Uh          , Uh          , Qxs         , Xos         , Xos         , Xos         , Xos         , Xos         , Yhl         , Xos         , Xos         , Xos         , Xos         
Xu          , Xu          , Xu          , Xu          , Xu          , Xu          , Xu          , Xu          , Xu          , Xu          , Xu          , Xu          , Xos         , Xos         , Xos         , Xos         , Cud         , Uh          , Uh          , Uu          , Ur          , Ur          , Cud         , Cud         , Kud         , Cud         , Xos         , Cud         , Ryd         , Xos         , Xos         , Xos         , Xos         , Xos         , Xos         , Xos         , Xos         , Yhl^Xo      , Xos         , Xos         , Xos         , Xos         
Xu          , Xu          , Xu          , Xu          , Xu          , Xu          , Xu          , Xu          , Xu          , Xu          , Xos         , Xos         , Xos         , Xos         , Cud         , Yhl         , Yhl         , Uh          , Xos         , Xos         , Uu^Uf       , Ur          , Cud         , Cud         , Cud         , Cud         , Xos         , Cud         , Ryd         , Ryd         , Ryd         , Xos         , Xos         , Xos         , Xos         , Xos         , Xos         , Yhl         , Xos         , Xos         , Xos         , Xos         
Xu          , Xu          , Xu          , Xu          , Xu          , Xu          , Xu          , Xu          , Xos         , Xos         , Xos         , Xos         , Cud         , Yhl^Xo      , Yhl^Xo      , Yhl         , Yhl         , Cud         , Xos         , Uh          , Uu^Uf       , Uu          , Uu          , Cud         , Uu^Uf       , Cud         , Uu^Uf       , Xos         , Xos         , Ryd         , Ryd         , Ryd         , Ryd         , Xos         , Xos         , Xos         , Xos         , Yhl         , Xos         , Xos         , Xos         , Xos         
Xu          , Xu          , Xu          , Xu          , Xu          , Xu          , Xos         , Xos         , Xos         , Xos         , Cud         , Yhl         , Yhl         , Yhl         , Yhl         , Cud^Xo      , Xos         , Xos         , Xos         , Uh          , Uh          , Uh          , Uh          , Uu          , Uu^Uf       , Uu^Uf       , Uh          , Uh          , Xos         , Xos         , Xos         , Ryd         , Ryd         , Ryd         , Ryd         , Xos         , Xos         , Yhl         , Xos         , Xos         , Xos         , Xos         
Xu          , Xu          , Xu          , Xu          , Xos         , Xos         , Xos         , Xos         , Yhl         , Yhl         , Yhr         , Yhl         , Yhl         , Cud         , Xos         , Xos         , Xos         , Xos         , Xos         , Xos         , Xos         , Xos         , Xos         , Xos         , Xos         , Xos         , Xos         , Xos         , Xos         , Xos         , Xos         , Xos         , Xos         , Ryd         , Ryd         , Ryd         , Ryd         , Xos         , Xos         , Xos         , Xos         , Xos         
