border_size=1
usage=map

Ryd         , Ryd         , Ryd         , Ql          , Ql          , Xos         , Xos         , Xos         , Xos         , Xos         , Xos         , Xos         , Xos         , Xos         , Xos         , Xos         , Xu          , Xu          , Xu          , Xu          , Xu          , Xos         , Xos         , Xos         , Xos         , Xos         , Xos         , Xu          , Xu          , Xu          , Xu          , Xu          , Xu          , Xu          , Xu          , Xu          , Xu          , Xu          , Xu          , Xu          , Xu          , Xu          
Ryd         , Ryd         , Ryd         , Ryd         , Ryd         , Ql          , Xos         , Xos         , Xos         , Xos         , Yhr^Xp      , Xos         , Yhr         , Yhr         , Yhr^Xp      , Yhr         , Yhr         , Zw          , Yhr         , Yhr         , Yhr^Xp      , Zw          , Uu^Ii       , Xos         , Xos         , Xos         , Xos         , Xos         , Xos         , Xu          , Xu          , Xu          , Zw          , Yhr^Xp      , Zw          , Xu          , Yhr         , Xu          , Xu          , Xu          , Xu          , Xu          
Ql          , Ryd         , Ryd         , Ryd         , Ryd         , Ryd         , Ryd         , Ryd         , Ryd         , Xos         , Zw          , Xos         , Ql          , Ryd         , Ryd         , Ryd         , Ryd         , Ryd         , Zw          , Yhr         , Ryd         , Ryd         , Ryd         , Zw          , Zw          , Xos         , Xos         , Xos         , Xos         , Xos         , Zw          , Yhr^Xp      , Xu          , Xu          , Xu          , Yhr         , Yhr         , Zw          , Xu          , Xu          , Xu          , Xu          
Ql          , Ql          , Xos         , Ryd         , Ryd         , Ryd         , Ryd         , Ryd         , Ryd         , Ryd         , Ryd         , Ryd         , Zw          , Ql          , Xu          , Zw          , Xu          , Zw          , Xu          , Zw          , Xu          , Ryd         , Yhr^Xp      , Yhr         , Yhr         , Yhr         , Yhr^Xp      , Xos         , Zw          , Zw          , Xu          , Xu          , Zw          , Yhr^Xp      , Zw          , Yhr         , Zw          , Yhr         , Yhr^Xp      , Xu          , Xu          , Xu          
Ql          , Ql          , Xu          , Xos         , Zw          , Ryd         , Ryd         , Ryd         , Ryd         , Ryd         , Yhr         , Ryd         , Yhr         , Yhr         , Xu          , Xu          , Xu          , Xu          , Zw          , Xu          , Xu          , Yhr         , Ryd         , Yhr         , Yhr         , Yhr         , Yhr         , Yhr^Xp      , Yhr         , Xu          , Zw          , Zw          , Xos         , Xos         , Xos         , Yhr         , Zw          , Zw          , Xu          , Xu          , Xu          , Xu          
Ql          , Xu          , Xu          , Yhr^Xp      , Xu          , Xos         , Xos         , Zw          , Ryd         , Ryd         , Zw          , 1 Yhr       , Yhr         , Zw          , Zw          , Xu          , Xu          , Yhr^Xp      , Xu          , Zw          , Zw          , Ryd         , Ryd         , Ryd         , Yhr         , Uu^Ii       , Yhr         , Yhr         , Yhr^Xp      , Zw          , Xos         , Xos         , Xos         , Xos         , Xos         , Yhr         , Yhr         , Yhr         , Xu          , Xu          , Xu          , Xu          
Ql          , Xu          , Ql          , Xu          , Xu          , Xu          , Xos         , Zw          , Zw          , Ryd         , Ryd         , Yhr         , Yhr         , Yhr^Xp      , Ryd         , Ryd         , Zw          , Xu          , Xu          , Xu          , Ryd         , Ryd         , Xu          , Xu          , Yhr         , Yhr         , Ryd         , Yhr         , Yhr         , Xos         , Xos         , Xos         , Xos         , Xos         , Zw          , Zw          , Yhr         , Yhr^Xp      , Ryd^Z/      , Xu          , Xu          , Xu          
Ql          , Ql          , Ql          , Ql          , Ql          , Xu          , Xu          , Ryd         , Yhr         , Xu          , Xu          , Zw          , Uu^Ii       , Yhr         , Yhr         , Yhr         , Yhr         , Zw          , Xu          , Zw          , Ryd         , Ryd         , Xu          , Xu          , Xu          , Yhr         , Xu          , Ryd         , Ryd         , Yhr         , Yhr         , Xos         , Xos         , Yhr         , Yhr         , Zw          , Ryd^Z/      , Ryd^Z/      , Zw          , Zw          , Xu          , Xu          
Xu          , Ql          , Ql          , Ql          , Ql          , Xu          , Yhr^Xp      , Ryd         , Ryd         , Xu          , Yhr^Xp      , Xu          , Xu          , Ryd         , Ryd         , Ryd         , Yhr^Xp      , Zw          , Xu          , Zw          , Zw          , Zw          , Xu          , Xu          , Zw          , Zw          , Xu          , Yhr         , Yhr^Xp      , Yhr         , Yhr^Xp      , Yhr         , Zw          , Yhr^Xp      , Yhr         , Xos         , Xos         , Ryd         , Ryd         , Zw          , Xu          , Xu          
Xu          , Ql          , Ql          , Ql          , Ql          , Xu          , Yhr^Xp      , Ryd         , Yhr         , Xu          , Zw          , Xos         , Yhr^Xp      , Zw          , Xu          , Ryd         , Yhr         , Zw          , Zw          , Ryd^Z\      , Ryd^Z\      , Zw          , Xu          , Yhr^Xp      , Xu          , Xu          , Xu          , Xu          , Yhr         , Yhr         , Yhr         , Zw          , Zw          , Uu^Ii       , Yhr^Xp      , Xos         , Xos         , Yhr         , Ryd         , Yhr         , Xu          , Xu          
Ql          , Ql          , Ql          , Ql          , Ql          , Xu          , Xu          , Ryd         , Ryd         , Yhr         , Yhr         , Xos         , Xos         , Xu          , Zw          , Zw          , Ryd         , Ryd         , Yhr^Xp      , Yhr         , Yhr         , Ryd^Z\      , Xu          , Xu          , Xu          , Yhr^Xp      , Zw          , Xu          , Ql          , Yhr^Xp      , Yhr         , Zw          , Xos         , Yhr^Xp      , Xos         , Xos         , Xos         , Zw          , Yhr         , Zw          , Xos         , Xos         
Ql          , Ql          , Xu          , Ql          , Ql          , Xu          , Ql          , Zw          , Zw          , Yhr         , Yhr         , Zw          , Zw          , Zw          , Ryd         , Ryd         , Yhr         , Yhr         , Yhr         , Yhr         , Xu          , Xu          , Xu          , Yhr^Xp      , Zw          , Xu          , Zw          , Uu          , Uu          , Ql          , Xos         , Xos         , Xos         , Xos         , Xos         , Xos         , Xos         , Zw          , Yhr         , Yhr^Xp      , Xos         , Xos         
Ql          , Xu          , Xu          , Ql          , Ql          , Ql          , Ql          , Ql          , Xu          , Yhr         , Yhr^Xp      , Yhr         , Yhr         , Yhr^Xp      , Yhr         , Yhr         , Zw          , Xos         , Xos         , Zw          , Yhr^Xp      , Xu          , Xu          , Xu          , Zw          , Ryd         , Uu^Ii       , Uu          , Uu          , Xos         , Xos         , Xos         , Xos         , Xos         , Xos         , Xos         , Yhr^Xp      , Ryd         , Zw          , Zw          , Xos         , Xos         
Xu          , Xu          , Xu          , Ql          , Ql          , Ql          , Xu          , Xu          , Yhr^Xp      , Zw          , Xu          , Xu          , Zw          , Yhr         , Zw          , Xos         , Xos         , Zw          , Yhr^Xp      , Xos         , Xos         , Qxu         , Uu          , Zw          , Uu          , Ryd         , Uh          , Uh          , Xos         , Zw          , Zw          , Xos         , Xos         , Xos         , Xos         , Xos         , Zw          , Ryd         , Yhr         , Xos         , Xos         , Xos         
Xu          , Xu          , Xu          , Ql          , Xu          , Xu          , Xu          , Xu          , Xu          , Xu          , Yhr^Xp      , Zw          , Xos         , Xos         , Xu          , Yhr^Xp      , Xu          , Xos         , Xu          , Xu          , Yhr         , Uu          , Uu          , Yhr^Xp      , Yhr^Xp      , Yhr         , Yhr         , Xos         , Xos         , Xos         , Xos         , Zw          , Yhr^Xp      , Xos         , Xos         , Zw          , Ryd         , Zw          , Yhr         , Xos         , Xos         , Xu          
Xu          , Xu          , Xu          , Xu          , Xu          , Xu          , Xu          , Xu          , Xu          , Xu          , Xu          , Xu          , Xos         , Xos         , Xos         , Xu          , Xu          , Xu          , Xu          , Ryd         , Yhr         , Yhr         , Yhr         , Yhr         , Yhr         , Zw          , Zw          , Ryd         , Yhr         , Xos         , Xos         , Xos         , Xos         , Xos         , Xos         , Yhr^Xp      , Ryd         , Yhr^Xp      , Zw          , Xos         , Xu          , Xu          
Qxs         , Xu          , Qlf         , Xu          , Xu          , Qlf         , Xu          , Xu          , Qlf         , Xu          , Xu          , Xu          , Xos         , Xos         , Xos         , Xos         , Yhr         , Yhr^Xp      , Ryd         , Ryd         , Yhr         , Yhr^Xp      , Ryd         , Xos         , Xos         , Yhr         , Zw          , Zw          , Zw          , Yhr         , Ryd         , Xos         , Yhr         , Ryd         , Uu^Ii       , Yhr         , Yhr         , Zw          , Xu          , Xu          , Xu          , Xu          
Qxs         , Qxs         , Xu          , Xu          , Qlf         , Qlf         , Xu          , Xu          , Qlf         , Xu          , Xu          , Xos         , Xos         , Xos         , Ryd         , Yhr         , Ryd         , Ryd         , Yhr         , Ryd         , Ryd         , Ryd         , Qxs         , Xos         , Xos         , Yhr^Xp      , Qxs         , Yhr^Xp      , Yhr         , Zw          , Zw          , Zw          , Yhr         , Ryd         , Yhr^Xp      , Zw          , Xu          , Qxs         , Qlf         , Qlf         , Qlf         , Qlf         
Qxs         , Qxs         , Qxs         , Xu          , Qlf         , Xu          , Qxs         , Xu          , Xu          , Qlf         , Qxs         , Xu          , Yhr         , Ryd         , Ryd         , Yhr         , Yhr^Xp      , Yhr         , Ryd         , Ryd         , Qxs         , Qxs         , Qxs         , Xos         , Xos         , Qxs         , Qxs         , Xu          , Xu          , Zw          , Xu          , Zw          , Qxs         , Ryd         , Xu          , Xu          , Qxs         , Qxs         , Xu          , Qlf         , Qlf         , Qlf         
Qxs         , Qxs         , Qxs         , Qxs         , Qxs         , Xu          , Qxs         , Qxs         , Qxs         , Qxs         , Qxs         , Ryd         , Yhr^Xp      , Ryd         , Ryd         , Ryd         , Yhr         , Yhr         , Ryd         , Ryd         , Qxs         , Qxs         , Qxs         , Qxs         , Xos         , Qxs         , Qxs         , Xu          , Qlf         , Xu          , Qxs         , Qxs         , Qxs         , Qxs         , Xu          , Xu          , Qxs         , Qxs         , Xu          , Xu          , Qlf         , Xu          
Qxs         , Qxs         , Qxs         , Qxs         , Qxs         , Qxs         , Qxs         , Qxs         , Qxs         , Qxs         , Uu          , Yhr         , Ryd         , Ryd         , Qxs         , Yhr         , Qxs         , Qxs         , Qxs         , Qxs         , Qxs         , Qxs         , Qxs         , Qxs         , Qxs         , Qxs         , Xu          , Xu          , Qlf         , Xu          , Qxs         , Qxs         , Qxs         , Qxs         , Qxs         , Qxs         , Xu          , Xu          , Qlf         , Qlf         , Xu          , Xu          
Qxs         , Qxs         , Qxs         , Qxs         , Qxs         , Qxs         , Qxs         , Qxs         , Qxs         , Qxs         , Uu^Ii       , Ryd         , Yhr^Xp      , Uu          , Qxs         , Qxs         , Qxs         , Qxs         , Uu^Cd       , Qxs         , Qxs         , Qxs         , Qxs         , Qxs         , Qxs         , Qxs         , Qxs         , Xu          , Xu          , Qlf         , Qxs         , Qxs         , Qxs         , Qxs         , Qxs         , Qxs         , Qxs         , Xu          , Qxs         , Xu          , Xu          , Xu          
Qxs         , Qxs         , Qxs         , Qxs         , Qxs         , Qxs         , Qxs         , Qxs         , Qxs         , Qxs         , Zw          , Ryd         , Zw          , Zw          , Qxs         , Qxs         , Qxs         , Uu^Kd       , Qxs         , Qxs         , Qxs         , Qxs         , Qxs         , Qxs         , Qxs         , Qxs         , Qxs         , Qxs         , Qxs         , Qxs         , Qxs         , Qxs         , Qxs         , Qxs         , Qxs         , Qxs         , Qxs         , Qxs         , Qxs         , Qxs         , Qxs         , Qxs         
Qxs         , Qxs         , Qxs         , Qxs         , Qxs         , Qxs         , Qxs         , Qxs         , Uu          , Yhr         , Ryd         , Ryd         , Uu          , Uu          , Qxs         , Qxs         , Qxs         , Uu^Cd       , Qxs         , Qxs         , Qxs         , Qxs         , Qxs         , Qxs         , Qxs         , Qxs         , Qxs         , Qxs         , Qxs         , Qxs         , Qxs         , Qxs         , Qxs         , Qxs         , Qxs         , Qxs         , Qxs         , Qxs         , Qxs         , Qxs         , Qxs         , Qxs         
Qxs         , Qxs         , Qxs         , Qxs         , Qxs         , Qxs         , Qxs         , Qxs         , Yhr         , Yhr         , Zw          , Uu          , Qxs         , Qxs         , Qxs         , Qxs         , Qxs         , Qxs         , Qxs         , Qxs         , Qxs         , Qxs         , Qxs         , Qxs         , Qxs         , Qxs         , Qxs         , Qxs         , Qxs         , Qxs         , Qxs         , Qxs         , Qxs         , Qxs         , Qxs         , Qxs         , Qxs         , Qxs         , Qxs         , Qxs         , Qxs         , Qxs         
Qxs         , Qxs         , Qxs         , Qxs         , Uu^Cd       , Qxs         , Qxs         , Qxs         , Yhr^Xp      , Ryd         , Zw          , Qxs         , Qxs         , Uu^Cd       , Uu^Kd       , Qxs         , Qxs         , Qxs         , Qxs         , Qxs         , Qxs         , Qxs         , Qxs         , Qxs         , Qxs         , Qxs         , Uu^Kd       , Qxs         , Qxs         , Qxs         , Qxs         , Qxs         , Qxs         , Qxs         , Qxs         , Qxs         , Qxs         , Qxs         , Qxs         , Qxs         , Qxs         , Qxs         
Qxs         , Qxs         , Qxs         , Uu^Kd       , Qxs         , Qxs         , Uu          , Zw          , Yhr         , Ryd         , Zw          , Uu          , Qxs         , Uu^Cd       , Qxs         , Qxs         , Qxs         , Qxs         , Uu^Ii       , Qxs         , Zw          , Qxs         , Zw          , Qxs         , Qxs         , Uu^Cd       , Uu^Cd       , Qxs         , Qxs         , Qxs         , Qxs         , Qxs         , Qxs         , Qxs         , Qxs         , Qxs         , Qxs         , Qxs         , Qxs         , Qxs         , Qxs         , Qxs         
Qxs         , Qxs         , Qxs         , Uu^Cd       , Qxs         , Qxs         , Qxs         , Zw          , Zw          , Yhr         , Uu^Ii       , Qxs         , Qxs         , Qxs         , Zw          , Qxs         , Uu          , Uu          , Ryd         , Yhr         , Yhr         , Yhr^Xp      , Yhr         , Zw          , Zw          , Qxs         , Qxs         , Qxs         , Qxs         , Qxs         , Qxs         , Qxs         , Qxs         , Qxs         , Qxs         , Qxs         , Qxs         , Qxs         , Qxs         , Qxs         , Qxs         , Qxs         
Qxs         , Qxs         , Qxs         , Qxs         , Qxs         , Qxs         , Qxs         , Zw          , Zw          , Ryd         , Ryd         , Zw          , Ryd         , Yhr         , Yhr^Xp      , Yhr         , Ryd         , Ryd         , Uu          , Yhr         , Yhr         , Ryd         , Ryd         , Yhr         , Yhr         , Qxs         , Qxs         , Qxs         , Qxs         , Qxs         , Qxs         , Qxs         , Qxs         , Qxs         , Qxs         , Qxs         , Qxs         , Qxs         , Qxs         , Qxs         , Qxs         , Qxs         
Qxs         , Qxs         , Qxs         , Qxs         , Qxs         , Qxs         , Qxs         , Uu          , Zw          , Uu          , Uu          , Yhr         , Zw          , Ryd         , Zw          , Zw          , Uu          , Qxs         , Qxs         , Qxs         , Qxs         , Uu          , Zw          , Ryd         , Uu          , Yhr^Xp      , Yhr         , Qxs         , Qxs         , Qxs         , Qxs         , Qxs         , Qxs         , Qxs         , Qxs         , Qxs         , Qxs         , Qxs         , Qxs         , Qxs         , Qxs         , Qxs         
Qxs         , Qxs         , Qxs         , Qxs         , Qxs         , Qxs         , Qxs         , Qxs         , Qxs         , Qxs         , Qxs         , Uu          , Qxs         , Qxs         , Qxs         , Zw          , Qxs         , Qxs         , Uu^Kd       , Uu^Cd       , Qxs         , Qxs         , Uu          , Yhr         , Zw          , Uu          , Uu          , Qxs         , Qxs         , Qxs         , Qxs         , Qxs         , Qxs         , Qxs         , Qxs         , Qxs         , Qxs         , Qxs         , Qxs         , Qxs         , Qxs         , Qxs         
Qxs         , Qxs         , Qxs         , Qxs         , Qxs         , Qxs         , Qxs         , Qxs         , Qxs         , Qxs         , Qxs         , Qxs         , Qxs         , Qxs         , Qxs         , Qxs         , Qxs         , Qxs         , Qxs         , Uu^Cd       , Qxs         , Qxs         , Ryd         , Yhr^Xp      , Zw          , Zw          , Qxs         , Qxs         , Qxs         , Qxs         , Qxs         , Qxs         , Qxs         , Qxs         , Qxs         , Qxs         , Qxs         , Qxs         , Qxs         , Qxs         , Qxs         , Qxs         
Qxs         , Qxs         , Qxs         , Qxs         , Qxs         , Qxs         , Uu^Cd       , Qxs         , Qxs         , Qxs         , Qxs         , Qxs         , Uu^Cd       , Uu^Cd       , Qxs         , Qxs         , Qxs         , Qxs         , Qxs         , Qxs         , Qxs         , Zw          , Ryd         , Yhr         , Zw          , Qxs         , Uu^Cd       , Uu^Cd       , Qxs         , Qxs         , Qxs         , Qxs         , Qxs         , Qxs         , Qxs         , Qxs         , Qxs         , Qxs         , Qxs         , Qxs         , Qxs         , Qxs         
Qxs         , Qxs         , Qxs         , Qxs         , Uu^Cd       , Qxs         , Qxs         , Uu^Kd       , Uu^Cd       , Qxs         , Qxs         , Qxs         , Qxs         , Uu^Cd       , Qxs         , Qxs         , Qxs         , Qxs         , Zw          , Zw          , Ryd         , Yhr^Xp      , Zw          , Uu^Ii       , Qxs         , Qxs         , Uu^Cd       , Uu^Cd       , Qxs         , Qxs         , Qxs         , Qxs         , Qxs         , Qxs         , Qxs         , Qxs         , Qxs         , Qxs         , Qxs         , Qxs         , Qxs         , Qxs         
Qxs         , Qxs         , Qxs         , Uu^Kd       , Qxs         , Qxs         , Zw          , Qxs         , Qxs         , Qxs         , Uu          , Qxs         , Uu          , Qxs         , Zw          , Zw          , Uu          , Uu          , Zw          , Ryd         , Zw          , Zw          , Uu          , Uu          , Qxs         , Qxs         , Qxs         , Qxs         , Qxs         , Qxs         , Qxs         , Qxs         , Qxs         , Qxs         , Qxs         , Qxs         , Qxs         , Qxs         , Qxs         , Qxs         , Qxs         , Qxs         
Qxs         , Qxs         , Qxs         , Uu^Cd       , Qxs         , Yhr^Xp      , Zw          , Zw          , Zw          , Yhr         , Yhr         , Uu^Ii       , Yhr^Xp      , Zw          , Yhr         , Yhr^Xp      , Ryd         , Zw          , Yhr         , Yhr^Xp      , Uu          , Uu          , Qxs         , Qxs         , Qxs         , Qxs         , Qxs         , Qxs         , Qxs         , Qxs         , Qxs         , Qxs         , Qxs         , Qxs         , Qxs         , Qxs         , Qxs         , Qxs         , Qxs         , Qxs         , Qxs         , Qxs         
Qxs         , Qxs         , Uu^Cd       , Qxs         , Zw          , Zw          , Ryd^Z/      , Xos         , Ryd^Z\      , Ryd         , Ryd         , Ryd         , Ryd         , Ryd         , Zw          , Yhr         , Zw          , Ryd         , Zw          , Zw          , Qxs         , Qxs         , Qxs         , Qxs         , Qxs         , Qxs         , Qxs         , Qxs         , Qxs         , Qxs         , Qxs         , Qxs         , Qxs         , Qxs         , Qxs         , Qxs         , Qxs         , Qxs         , Qxs         , Qxs         , Qxs         , Qxs         
Qxs         , Qxs         , Uu^Cd       , Qxs         , Yhr         , Xos         , Ryd^Z\      , Xv          , Ryd^Z/      , Xos         , Qxs         , Yhr         , Qxs         , Yhr         , Qxs         , Zw          , Qxs         , Zw          , Qxs         , Qxs         , Qxs         , Qxs         , Qxs         , Qxs         , Qxs         , Qxs         , Qxs         , Qxs         , Qxs         , Qxs         , Qxs         , Qxs         , Qxs         , Qxs         , Qxs         , Qxs         , Qxs         , Qxs         , Qxs         , Qxs         , Qxs         , Qxs         
Qxs         , Qxs         , Uu^Cd       , Qxs         , Yhr^Xp      , Zw          , Zw          , Xos         , Zw          , Qxs         , Uu^Cd       , Qxs         , Qxs         , Qxs         , Qxs         , Qxs         , Qxs         , Qxs         , Qxs         , Uu^Cd       , Uu^Kd       , Qxs         , Qxs         , Qxs         , Qxs         , Qxs         , Qxs         , Qxs         , Qxs         , Qxs         , Qxs         , Qxs         , Qxs         , Qxs         , Qxs         , Qxs         , Qxs         , Qxs         , Qxs         , Qxs         , Qxs         , Qxs         
Qxs         , Qxs         , Uu^Kd       , Qxs         , Qxs         , Zw          , Yhr^Xp      , Zw          , Qxs         , Qxs         , Uu^Kd       , Qxs         , Qxs         , Qxs         , Qxs         , Qxs         , Qxs         , Qxs         , Qxs         , Uu^Cd       , Qxs         , Qxs         , Qxs         , Qxs         , Qxs         , Qxs         , Qxs         , Qxs         , Qxs         , Qxs         , Qxs         , Qxs         , Qxs         , Qxs         , Qxs         , Qxs         , Qxs         , Qxs         , Qxs         , Qxs         , Qxs         , Qxs         
Qxs         , Qxs         , Qxs         , Uu^Cd       , Uu^Cd       , Qxs         , Qxs         , Qxs         , Uu^Cd       , Uu^Cd       , Qxs         , Qxs         , Qxs         , Qxs         , Qxs         , Qxs         , Qxs         , Qxs         , Qxs         , Qxs         , Qxs         , Qxs         , Qxs         , Qxs         , Qxs         , Qxs         , Qxs         , Qxs         , Qxs         , Qxs         , Qxs         , Qxs         , Qxs         , Qxs         , Qxs         , Qxs         , Qxs         , Qxs         , Qxs         , Qxs         , Qxs         , Qxs         
Qxs         , Qxs         , Qxs         , Qxs         , Qxs         , Uu^Cd       , Qxs         , Qxs         , Qxs         , Qxs         , Qxs         , Qxs         , Qxs         , Qxs         , Qxs         , Qxs         , Qxs         , Qxs         , Qxs         , Qxs         , Qxs         , Qxs         , Qxs         , Qxs         , Qxs         , Qxs         , Qxs         , Qxs         , Qxs         , Qxs         , Qxs         , Qxs         , Qxs         , Qxs         , Qxs         , Qxs         , Qxs         , Qxs         , Qxs         , Qxs         , Qxs         , Qxs         
Qxs         , Qxs         , Qxs         , Qxs         , Qxs         , Qxs         , Qxs         , Qxs         , Qxs         , Qxs         , Qxs         , Qxs         , Qxs         , Qxs         , Qxs         , Qxs         , Qxs         , Qxs         , Qxs         , Qxs         , Qxs         , Qxs         , Qxs         , Qxs         , Qxs         , Qxs         , Qxs         , Qxs         , Qxs         , Qxs         , Qxs         , Qxs         , Qxs         , Qxs         , Qxs         , Qxs         , Qxs         , Qxs         , Qxs         , Qxs         , Qxs         , Qxs         
Qxs         , Qxs         , Qxs         , Qxs         , Qxs         , Qxs         , Qxs         , Qxs         , Qxs         , Qxs         , Qxs         , Qxs         , Qxs         , Qxs         , Qxs         , Qxs         , Qxs         , Qxs         , Qxs         , Qxs         , Qxs         , Qxs         , Qxs         , Qxs         , Qxs         , Qxs         , Qxs         , Qxs         , Qxs         , Qxs         , Qxs         , Qxs         , Qxs         , Qxs         , Qxs         , Qxs         , Qxs         , Qxs         , Qxs         , Qxs         , Qxs         , Qxs         
Qxs         , Qxs         , Qxs         , Qxs         , Qxs         , Qxs         , Qxs         , Qxs         , Qxs         , Qxs         , Qxs         , Qxs         , Qxs         , Qxs         , Qxs         , Qxs         , Qxs         , Qxs         , Qxs         , Qxs         , Qxs         , Qxs         , Qxs         , Qxs         , Qxs         , Qxs         , Qxs         , Qxs         , Qxs         , Qxs         , Qxs         , Qxs         , Qxs         , Qxs         , Qxs         , Qxs         , Qxs         , Qxs         , Qxs         , Qxs         , Qxs         , Qxs         
Qxs         , Qxs         , Qxs         , Qxs         , Qxs         , Qxs         , Qxs         , Qxs         , Qxs         , Qxs         , Qxs         , Qxs         , Qxs         , Qxs         , Qxs         , Qxs         , Qxs         , Qxs         , Qxs         , Qxs         , Qxs         , Qxs         , Qxs         , Qxs         , Qxs         , Qxs         , Qxs         , Qxs         , Qxs         , Qxs         , Qxs         , Qxs         , Qxs         , Qxs         , Qxs         , Qxs         , Qxs         , Qxs         , Qxs         , Qxs         , Qxs         , Qxs         
Qxs         , Qxs         , Qxs         , Qxs         , Qxs         , Qxs         , Qxs         , Qxs         , Qxs         , Qxs         , Qxs         , Qxs         , Qxs         , Qxs         , Qxs         , Qxs         , Qxs         , Qxs         , Qxs         , Qxs         , Qxs         , Qxs         , Qxs         , Qxs         , Qxs         , Qxs         , Qxs         , Qxs         , Qxs         , Qxs         , Qxs         , Qxs         , Qxs         , Qxs         , Qxs         , Qxs         , Qxs         , Qxs         , Qxs         , Qxs         , Qxs         , Qxs         
Qxs         , Qxs         , Qxs         , Qxs         , Qxs         , Qxs         , Qxs         , Qxs         , Qxs         , Qxs         , Qxs         , Qxs         , Qxs         , Qxs         , Qxs         , Qxs         , Qxs         , Qxs         , Qxs         , Qxs         , Qxs         , Qxs         , Qxs         , Qxs         , Qxs         , Qxs         , Qxs         , Qxs         , Qxs         , Qxs         , Qxs         , Qxs         , Qxs         , Qxs         , Qxs         , Qxs         , Qxs         , Qxs         , Qxs         , Qxs         , Qxs         , Qxs         
Qxs         , Qxs         , Qxs         , Qxs         , Qxs         , Qxs         , Qxs         , Qxs         , Qxs         , Qxs         , Qxs         , Qxs         , Qxs         , Qxs         , Qxs         , Qxs         , Qxs         , Qxs         , Qxs         , Qxs         , Qxs         , Qxs         , Qxs         , Qxs         , Qxs         , Qxs         , Qxs         , Qxs         , Qxs         , Qxs         , Qxs         , Qxs         , Qxs         , Qxs         , Qxs         , Qxs         , Qxs         , Qxs         , Qxs         , Qxs         , Qxs         , Qxs         
Qxs         , Qxs         , Qxs         , Qxs         , Qxs         , Qxs         , Qxs         , Qxs         , Qxs         , Qxs         , Qxs         , Qxs         , Qxs         , Qxs         , Qxs         , Qxs         , Qxs         , Qxs         , Qxs         , Qxs         , Qxs         , Qxs         , Qxs         , Qxs         , Qxs         , Qxs         , Qxs         , Qxs         , Qxs         , Qxs         , Qxs         , Qxs         , Qxs         , Qxs         , Qxs         , Qxs         , Qxs         , Qxs         , Qxs         , Qxs         , Qxs         , Qxs         
Qxs         , Qxs         , Qxs         , Qxs         , Qxs         , Qxs         , Qxs         , Qxs         , Qxs         , Qxs         , Qxs         , Qxs         , Qxs         , Qxs         , Qxs         , Qxs         , Qxs         , Qxs         , Qxs         , Qxs         , Qxs         , Qxs         , Qxs         , Qxs         , Qxs         , Qxs         , Qxs         , Qxs         , Qxs         , Qxs         , Qxs         , Qxs         , Qxs         , Qxs         , Qxs         , Qxs         , Qxs         , Qxs         , Qxs         , Qxs         , Qxs         , Qxs         
Qxs         , Qxs         , Qxs         , Qxs         , Qxs         , Qxs         , Qxs         , Qxs         , Qxs         , Qxs         , Qxs         , Qxs         , Qxs         , Qxs         , Qxs         , Qxs         , Qxs         , Qxs         , Qxs         , Qxs         , Qxs         , Qxs         , Qxs         , Qxs         , Qxs         , Qxs         , Qxs         , Qxs         , Qxs         , Qxs         , Qxs         , Qxs         , Qxs         , Qxs         , Qxs         , Qxs         , Qxs         , Qxs         , Qxs         , Qxs         , Qxs         , Qxs         
Qxs^Zok     , Qxs         , Qxs^Zok     , Qxs         , Qxs^Zok     , Qxs         , Qxs^Zok     , Qxs         , Qxs^Zok     , Qxs         , Qxs^Zok     , Qxs         , Qxs^Zok     , Qxs         , Qxs^Zok     , Qxs         , Qxs^Zok     , Qxs         , Qxs^Zok     , Qxs         , Qxs^Zok     , Qxs         , Qxs^Zok     , Qxs         , Qxs^Zok     , Qxs         , Qxs^Zok     , Qxs         , Qxs^Zok     , Qxs         , Qxs^Zok     , Qxs         , Qxs^Zok     , Qxs         , Qxs^Zok     , Qxs         , Qxs^Zok     , Qxs         , Qxs^Zok     , Qxs         , Qxs^Zok     , Qxs         
Xu^Zok      , Xu^Zok      , Xu^Zok      , Xu^Zok      , Xu^Zok      , Xu^Zok      , Xu^Zok      , Xu^Zok      , Xu^Zok      , Xu^Zok      , Xu^Zok      , Xu^Zok      , Xu^Zok      , Xu^Zok      , Xu^Zok      , Xu^Zok      , Xu^Zok      , Xu^Zok      , Xu^Zok      , Xu^Zok      , Xu^Zok      , Xu^Zok      , Xu^Zok      , Xu^Zok      , Xu^Zok      , Xu^Zok      , Xu^Zok      , Xu^Zok      , Xu^Zok      , Xu^Zok      , Xu^Zok      , Xu^Zok      , Xu^Zok      , Xu^Zok      , Xu^Zok      , Xu^Zok      , Xu^Zok      , Xu^Zok      , Xu^Zok      , Xu^Zok      , Xu^Zok      , Xu^Zok      
Xu^Zok      , Xu^Zok      , Xu^Zok      , Xu^Zok      , Xu^Zok      , Xu^Zok      , Xu^Zok      , Xu^Zok      , Xu^Zok      , Xu^Zok      , Xu^Zok      , Xu^Zok      , Xu^Zok      , Xu^Zok      , Xu^Zok      , Xu^Zok      , Xu^Zok      , Xu^Zok      , Xu^Zok      , Xu^Zok      , Xu^Zok      , Xu^Zok      , Xu^Zok      , Xu^Zok      , Xu^Zok      , Xu^Zok      , Xu^Zok      , Xu^Zok      , Xu^Zok      , Xu^Zok      , Xu^Zok      , Xu^Zok      , Xu^Zok      , Xu^Zok      , Xu^Zok      , Xu^Zok      , Xu^Zok      , Xu^Zok      , Xu^Zok      , Xu^Zok      , Xu^Zok      , Xu^Zok      
Xu^Zok      , Xu^Zok      , Xu^Zok      , Xu^Zok      , Xu^Zok      , Xu^Zok      , Xu^Zok      , Xu^Zok      , Xu^Zok      , Xu^Zok      , Xu^Zok      , Xu^Zok      , Xu^Zok      , Xu^Zok      , Xu^Zok      , Xu^Zok      , Xu^Zok      , Xu^Zok      , Xu^Zok      , Xu^Zok      , Xu^Zok      , Xu^Zok      , Xu^Zok      , Xu^Zok      , Xu^Zok      , Xu^Zok      , Xu^Zok      , Xu^Zok      , Xu^Zok      , Xu^Zok      , Xu^Zok      , Xu^Zok      , Xu^Zok      , Xu^Zok      , Xu^Zok      , Xu^Zok      , Xu^Zok      , Xu^Zok      , Xu^Zok      , Xu^Zok      , Xu^Zok      , Xu^Zok      
Ai          , Ai          , Ai          , Ai          , Ai          , Ai          , Ai          , Ai          , Aa          , Ai          , Aa          , Ai          , Ai          , Ai          , Ai          , Ai          , Ai          , Ai          , Ai          , Ai          , Uu^Cd       , Ai          , Ai          , Ai          , Ai          , Ai          , Ai          , Ai          , Ai          , Ai          , Ai          , Ai          , Ai          , Ai          , Ai          , Xos         , Xos         , Xos         , Xos         , Xos         , Xos         , Xos         
Ai          , Ai          , Ai          , Ai          , Ai          , Ai          , Ai          , Aa          , Ai          , Aa          , Uu^Cd       , Ai          , Ai          , Ai          , Ai          , Ai          , Ai          , Ai          , Ai          , Uu^Cd       , Uu^Cd       , Uu^Cd       , Ai          , Ai          , Ai          , Ai          , Ai          , Ai          , Ai          , Ai          , Ai          , Ai          , Ai          , Uu^Cd       , Ai          , Xos         , Xos         , Xos         , Xos         , Xos         , Xos         , Xos         
Ai          , Ai          , Aa          , Aa          , Ai          , Ai          , Ai          , Ai          , Ai          , Uu^Cd       , Uu^Cd       , Ai          , Ai          , Ai          , Ai          , Ai          , Ai          , Ai          , Aa          , Ai          , Ai          , Ai          , Ai          , Ai          , Aa          , Ai          , Uu^Cd       , Ai          , Aa          , Ai          , Ai          , Ai          , Ai          , Ai          , Xos         , Xos         , Xos         , Xos         , Xos         , Xos         , Xos         , Xos         
Uu^Cd       , Ai          , Aa          , Uu^Cd       , Uu^Cd       , Ai          , Ai          , Ai          , Aa          , Ai          , Aa          , Uu^Cd       , Aa          , Ai          , Ai          , Ai          , Aa          , Ai          , Aa          , Ai          , Ai          , Ai          , Ai          , Ai          , Aa          , Aa          , Uu^Cd       , Uu^Cd       , Ai          , Aa          , Ai          , Ai          , Aa          , Aa          , Xos         , Xos         , Xos         , Xos         , Xos         , Xos         , Xos         , Xos         
Ai          , Uu^Cd       , Ai          , Ai          , Ai          , Uu^Cd       , Ai          , Aa          , Ai          , Aa          , Aa          , Aa          , Aa          , Ai          , Ai          , Ai          , Aa          , Aa          , Aa          , Ai          , Ai          , Ai          , Ai          , Aa          , Ai          , Ai          , Aa          , Uu^Cd       , Ai          , Ai          , Aa          , Aa          , Aa          , Aa          , Xos         , Xos         , Xos         , Xos         , Xos         , Xos         , Xos         , Xos         
Ai          , Ai          , Ai          , Ai          , Ai          , Ai          , Ai          , Ai          , Ai          , Ai          , Aa          , Aa          , Aa          , Aa          , Uu^Cd       , Ai          , Ai          , Ai          , Ai          , Aa          , Uu^Cd       , Ai          , Ai          , Ai          , Ai          , Aa          , Aa          , Aa          , Aa          , Aa          , Ai          , Aa          , Xos         , Xos         , Xos         , Xos         , Xos         , Xos         , Xos         , Xos         , Xos         , Xos         
Ai          , Ai          , Ai          , Ai          , Ai          , Ai          , Aa          , Ai          , Ai          , Ai          , Aa          , Ai          , Qxs         , Aa          , Ai          , Ai          , Ai          , Ai          , Ai          , Aa          , Uu^Cd       , Uu^Cd       , Ai          , Ai          , Ai          , Aa          , Aa          , Aa          , Aa          , Aa          , Ai          , Ai          , Xos         , Xos         , Xos         , Xos         , Xos         , Xos         , Xos         , Xos         , Xos         , Xos         
Uu^Cd       , Uu^Cd       , Ai          , Ai          , Aa          , Aa          , Ai          , Ai          , Ai          , Ai          , Qxs         , Qxs         , Qxs         , Qxs         , Qxs         , Ai          , Ai          , Ai          , Ai          , Ai          , Ai          , Ai          , Ai          , Ai          , Ai          , Ai          , Ai          , Aa          , Ai          , Ai          , Xos         , Xos         , Xos         , Xos         , Xos         , Xos         , Xos         , Xos         , Xos         , Xos         , Xos         , Xos         
Ai          , Ai          , Ai          , Aa          , Aa          , Ai          , Ai          , Ai          , Qxs         , Qxs         , Cud         , Qxs         , Cud         , Qxs         , Cud         , Qxs         , Qxs         , Ai          , Ai          , Aa          , Aa          , Ai          , Ai          , Uu^Cd       , Ai          , Ai          , Ai          , Ai          , Aa          , Ai          , Xos         , Xos         , Xos         , Xos         , Xos         , Xos         , Xos         , Xos         , Xos         , Xos         , Xos         , Xos         
Ai          , Aa          , Ai          , Ai          , Aa          , Ai          , Qxs         , Qxs         , Cud         , Cud         , Qxs         , Cud         , Qxs         , Cud         , Qxs         , Cud         , Cud         , Qxs         , Qxs         , Ai          , Aa          , Aa          , Ai          , Ai          , Ryd         , Ai          , Ai          , Ai          , Aa          , Ai          , Xos         , Xos         , Xos         , Xos         , Xos         , Xos         , Xos         , Xos         , Xos         , Xos         , Xos         , Xos         
Ai          , Aa          , Aa          , Ai          , Qxs         , Qxs         , Cud         , Xu          , Qxs         , Qxs         , Qxs         , Qxs         , Qxs         , Qxs         , Qxs         , Qxs         , Qxs         , Xu          , Cud         , Qxs         , Qxs         , Aa          , Aa          , Ryd         , Ai          , Ai          , Aa          , Aa          , Xos         , Xos         , Xos         , Xos         , Xos         , Xos         , Xos         , Xos         , Xos         , Xos         , Xos         , Xos         , Xos         , Xos         
Ai          , Uu^Cd       , Uu^Cd       , Ai          , Qxs         , Qxs         , Cud         , Qxs         , Qxs         , Qxs         , Ryd         , Qxs         , Ryd         , Qxs         , Ryd         , Qxs         , Qxs         , Qxs         , Cud         , Qxs         , Qxs         , Aa          , Ryd         , Ryd         , Ai          , Ai          , Xos         , Xos         , Xos         , Xos         , Xos         , Xos         , Xos         , Xos         , Xos         , Xos         , Xos         , Xos         , Xos         , Xos         , Xos         , Xos         
Ai          , Ai          , Ai          , Ai          , Qxs         , Cud         , Qxs         , Qxs         , Qxs         , Ryd         , Uu^Ii       , Ryd         , Ryd         , Ryd         , Uu^Ii       , Ryd         , Ryd         , Qxs         , Qxs         , Cud         , Qxs         , Ai          , Ryd         , Ai          , Ai          , Xos         , Xos         , Xos         , Xos         , Xos         , Xos         , Xos         , Xos         , Xos         , Xos         , Xos         , Xos         , Xos         , Xos         , Xos         , Xos         , Xos         
Ai          , Ai          , Ai          , Ai          , Qxs         , Cud         , Qxs         , Qxs         , Ryd         , Ryd         , Ryd         , Ryd         , Ryd         , Ryd         , Ryd         , Ryd         , Ryd         , Ryd         , Ryd         , Qxs         , Qxs         , Qxs         , Ryd         , Ai          , Xos         , Xos         , Xos         , Xos         , Xos         , Xos         , Xos         , Xos         , Xos         , Xos         , Xos         , Xos         , Xos         , Xos         , Xos         , Xos         , Xos         , Xos         
Ai          , Ai          , Uu^Cd       , Ai          , Qxs         , Cud         , Qxs         , Qxs         , Qxs         , Ryd         , Uu^Ii       , Ryd         , Ryd         , Ryd         , Uu^Ii       , Ryd         , Ryd         , Ryd         , Ryd         , Ryd         , Ryd         , Ryd         , Qxs         , Qxs         , Qxs         , Xos         , Xos         , Xos         , Xos         , Xos         , Xu          , Xu          , Xu          , Xos         , Xos         , Xos         , Xos         , Xos         , Xos         , Xos         , Xos         , Xos         
Ai          , Aa          , Uu^Cd       , Ai          , Qxs         , Cud         , Cud         , Qxs         , Qxs         , Ryd         , Ryd         , Ryd         , Ryd         , Ryd         , Ryd         , Ryd         , Qxs         , Qxs         , Qxs         , Ryd         , Ryd         , Ryd         , Ryd         , Qxs         , Qxs         , Qxs         , Qxs         , Xos         , Uu          , Yhl^Xp      , Xu          , Xu          , Xu          , Xu          , Xu          , Xos         , Xos         , Xos         , Xos         , Xos         , Xos         , Xos         
Aa          , Aa          , Ai          , Ai          , Qxs         , Qxs         , Cud         , Qxs         , Qxs         , Qxs         , Qxs         , Qxs         , Qxs         , Qxs         , Qxs         , Qxs         , Qxs         , Qxs         , Cud         , Qxs         , Qxs         , Ryd         , Ryd         , Ryd         , Ryd         , Cud         , Uu          , Uu          , Qxs         , Xu          , Uu          , Yhl^Xp      , Xu          , Xu          , Xu          , Xu          , Xu          , Xos         , Xos         , Xos         , Xos         , Xos         
Aa          , Aa          , Ai          , Ai          , Ai          , Qxs         , Qxs         , Xu          , Cud         , Qxs         , Qxs         , Qxs         , Qxs         , Qxs         , Qxs         , Qxs         , Cud         , Xu          , Qxs         , Qxs         , Ryd         , Ryd         , Qxs         , Ryd         , Ryd         , Ryd         , Ryd         , Cud         , Uu          , Uu          , Qxs         , Xu          , Uu          , Yhl^Xp      , Xu          , Xu          , Xu          , Xu          , Xu          , Xos         , Xos         , Xos         
Ai          , Uu^Cd       , Aa          , Ai          , Ai          , Ai          , Ai          , Qxs         , Qxs         , Cud         , Cud         , Cud         , Cud         , Cud         , Cud         , Cud         , Qxs         , Qxs         , Ryd         , Ryd         , Ai          , Qxs         , Qxs         , Cud         , Uu          , Ryd         , Ryd         , Ryd         , Ryd         , Cud         , Uu          , Uu          , Qxs         , Xu          , Xu          , Xu          , Xu          , Xu          , Xu          , Xu          , Xos         , Xos         
Ai          , Uu^Cd       , Ai          , Uu^Cd       , Uu^Cd       , Ai          , Ai          , Ai          , Ai          , Qxs         , Qxs         , Qxs         , Qxs         , Qxs         , Qxs         , Qxs         , Ai          , Ai          , Ryd         , Ai          , Xos         , Xos         , Uu          , Uu          , Qxs         , Cud         , Uu          , Ryd         , Ryd         , Ryd         , Ryd         , Qxs         , Cud         , Qxs         , Xu          , Xu          , Xu          , Xu          , Xos         , Xos         , Ryd         , Ryd         
Ai          , Ai          , Ai          , Ai          , Aa          , Ai          , Ai          , Ai          , Aa          , Ai          , Ai          , Qxs         , Qxs         , Qxs         , Ai          , Ai          , Uu^Cd       , Ai          , Ai          , Ai          , Xos         , Yhl^Xp      , Xu          , Xu          , Uu          , Uu          , Qxs         , Cud         , Qxs         , Ryd         , Ryd         , Ryd         , Ryd^Z/      , Xu          , Cud         , Xu          , Xos         , Xos         , Ryd         , Ryd         , Qxs         , Qxs         
Ai          , Ai          , Aa          , Ai          , Aa          , Aa          , Uu^Cd       , Aa          , Aa          , Aa          , Aa          , Aa          , Aa          , Ai          , Ai          , Uu^Cd       , Ai          , Aa          , Xos         , Xos         , Xu          , Xu          , Xu          , Yhl^Xp      , Xu          , Xu          , Xu          , Qxs         , Qxs         , Cud         , Ryd^Z/      , Ryd^Z/      , Zw          , Ryd         , Ryd         , Ryd         , Ryd         , Ryd         , Qxs         , Qxs         , Qxs         , Qxs         
Ai          , Ai          , Uu^Cd       , Uu^Cd       , Aa          , Aa          , Ai          , Aa          , Aa          , Uu^Cd       , Ai          , Aa          , Aa          , Ai          , Xos         , Ai          , Xos         , Xos         , Xos         , Xos         , Xos         , Xu          , Xu          , Xu          , Xu          , Xu          , Xu          , Xu          , Xu          , Xu          , Ryd         , Zw          , Zw          , Zw          , Zw          , Ryd         , Ryd         , Qxs         , Qxs         , Qxs         , Qxs         , Qxs         
Ai          , Ai          , Ai          , Ai          , Aa          , Aa          , Ai          , Uu^Cd       , Aa          , Ai          , Xos         , Aa          , Xos         , Xos         , Xos         , Xos         , Xos         , Xos         , Xos         , Xos         , Xos         , Xos         , Xos         , Xu          , Xu          , Xu          , Xu          , Xu          , Xu          , Cud         , Ryd         , Ryd         , Ryd         , Zw          , Zw          , Zw          , Zw          , Ryd         , Ryd         , Qxs         , Qxs         , Qxs         
Ai          , Ai          , Ai          , Ai          , Ai          , Ai          , Xos         , Ai          , Xos         , Xos         , Xos         , Xos         , Xos         , Xos         , Xos         , Xos         , Xos         , Xos         , Xos         , Xos         , Xos         , Xos         , Xos         , Xos         , Xos         , Xu          , Xu          , Xu          , Xos         , Xos         , Ryd         , Ryd         , Qxs         , Ryd         , Ryd         , Zw          , Zw          , Zw          , Zw          , Ryd         , Ryd         , Ryd         
Ai          , Ai          , Ai          , Ai          , Xos         , Xos         , Xos         , Xos         , Xos         , Xos         , Xos         , Xos         , Xos         , Xos         , Xos         , Xos         , Xos         , Xos         , Xos         , Xos         , Xos         , Xos         , Xos         , Xos         , Xos         , Xos         , Xos         , Xos         , Ryd         , Ryd         , Qxs         , Qxs         , Qxs         , Qxs         , Qxs         , Ryd         , Ryd         , Zw          , Zw          , Zw          , Zw          , Ryd         
