Xos, Xos, Xos, Xos, Xos, Xos, Xos, Xos, Xos, Xos, Xos, Xos, Xos, Xos, Xos, Xos, Xos, Xos, Xos, Xos, Xos, Xos, Xos, Xos, Xos, Xos, Xos, Xos, Xos, Xos, Ms^Xm, Ms^Xm, Ms^Xm, Ms^Xm, Ms^Xm, Ms^Xm, Ms^Xm, Ms^Xm, Ms^Xm, Ms^Xm, Ms^Xm, Ms^Xm, Ms, Ms, Ms^Xm, Ms^Xm, Ms^Xm, Ms, Ms, Ms, Ms, Ha, Ha, Ha, Ha, Ha, Ai, Ai, Ai, Aa, Ha, Ha, Ha, Ha, Aa, Aa, Ha, Aa, Aa, Aa, Aa, Aa, Aa, Aa, Ha, Ha, Ha, Ha^Fda, Aa, Ha, Ha, Aa
Xos, Xos, Xos, Xos, Xos, Xos, Xos, Xos, Xos, Xos, Xos, Xos, Xos, Xos, Xos, Xos, Xos, Xos, Xos, Xos, Xos, Xos, Xos, Xos, Xos, Xos, Xos, Xos, Xos, Xos, Ms^Xm, Ms^Xm, Ms^Xm, Ms^Xm, Ms^Xm, Ms^Xm, Ms^Xm, Ms^Xm, Ms, Ms^Xm, Ms^Xm, Ms, Ms, Ms, Ms, Ms, Ms, Ms, Ms, Ms, Ms, Ha, Ha^Fma, Ha, Aa, Aa, Ai, Ai, Aa, Aa, Ha, Ha^Fma, Ha, Ha, Qxua, Aa, Qxua, Ha, Qxua, Aa, Qxua, Qxua, Aa, Aa, Aa, Aa, Ha, Aa, Aa, Ha, Ha^Fda, Ha
Xos, Xos, Xos, Xos, Xos, Xos, Xos, Xos, Xos, Xos, Xos, Xos, Xos, Xos, Xos, Xos, Xos, Xos, Xos, Xos, Xos, Xos, Xos, Xos, Xos, Xos, Xos, Xos, Xos, Xos, Ms^Xm, Ms^Xm, Ms^Xm, Ms^Xm, Ms^Xm, Ms^Xm, Ms, Ms, Ms, Ms, Ms, Ms, Ms, Ha, Ms, Ms, Ms, Ms, Ha^Fma, Ha^Fma, Ha, Ha, Ha, Aa^Esa, Ai, Ai, Ai, Aa, Aa, Ha, Aa, Aa, Qxua, Aa, Qxua, Qxua, Qxua, Aa, Qxua, Qxua, Xos, Qxua, Qxua, Aa, Qxua, Aa, Aa, Aa, Ha, Aa, Ha, Ha^Fda
Xos, Xos, Xos, Xos, Xos, Xos, Xos, Xos, Xos, Xos, Xos, Xos, Xos, Xos, Xos, Xos, Xos, Xos, Xos, Xos, Xos, Xos, Xos, Xos, Xos, Xos, Xos, Xos, Xos, Xos, Ms^Xm, Ms^Xm, Ms^Xm, Ms^Xm, Ms^Xm, Ms^Xm, Ms^Xm, Ms^Xm, Ms^Xm, Ms, Ms, Ms, Ha, Ha, Ha, Ha, Aa, Ms, Ha, Ha^Fma, Ha, Aa, Aa, Aa, Ai, Ai, Ha, Aa, Ha, Aa, Aa, Aa, Aa, Qxua, Qxua, Qxua, Qxua, Qxua, Xor, Xor, Xos^Zok, Xor, Xor, Qxua, Qxua, Aa, Aa, Ha, Ha, Aa, Aa, Aa
Xos, Xos, Xos, Xos, Xos, Xos, Xos, Xos, Xos, Xos, Xos, Xos, Xos, Xos, Xos, Xos, Xos, Xos, Xos, Xos, Xos, Xos, Xos, Xos, Xos, Xos, Xos, Xos, Xos, Xos, Ms^Xm, Ms^Xm, Ms^Xm, Ms^Xm, Ms^Xm, Ms^Xm, Ms, Ms^Xm, Ms, Ms, Ms, Ms, Ms, Ha, Aa, Aa, Ha, Ha, Aa, Aa^Fda, Ha, Ha, Aa, Ai, Ai, Ha, Ha, Ha, Ha, Aa, Aa, Aa, Qxua, Qxua, Qxua, Qxua, Qxua, Xos, Xos, Xos^Zok, Rra^Zok, Xos^Zok, Xos^Zok, Xos, Xor, Qxua, Aa, Aa, Aa, Aa, Ha, Ha
Xos, Xos, Xos, Xos, Xos, Xos, Xos, Xos, Xos, Xos, Xos, Xos, Xos, Xos, Xos, Xos, Xos, Xos, Xos, Xos, Xos, Xos, Xos, Xos, Xos, Xos, Xos, Xos, Xos, Xos, Ms^Xm, Ms^Xm, Ms^Xm, Ms^Xm, Ms^Xm, Ms, Ms, Ms, Ms, Ms, Ms, Ms, Ha, Aa, Aa, Ha, Aa, Aa, Aa, Aa^Esa, Aa, Ha, Aa, Ai, Ai, Ai, Aa, Aa, Ha, Ha, Aa, Aa, Aa, Aa, Aa, Aa, Aa, Aa, Aa^Esa, Rra, Xos, Xos^Zok, Xos, Xor, Qxua, Qxua, Aa, Aa, Aa, Ha, Aa, Aa
Xos, Xos, Xos, Xos, Xos, Xos, Xos, Xos, Xos, Xos, Xos, Xos, Xos, Xos, Xos, Xos, Xos, Xos, Xos, Xos, Xos, Xos, Xos, Xos, Xos, Xos, Xos, Xos, Xos, Xos, Ms^Xm, Ms^Xm, Ms^Xm, Ms^Xm, Ms^Xm, Ms^Xm, Ms^Xm, Ms, Ms, Ms, Ms, Ha, Ha, Aa, Aa, Aa, Aa, Aa^Fda, Aa, Aa, Aa, Ha, Ha, Aa, Aa, Ai, Ai, Aa, Aa, Ha, Aa, Aa^Esa, Aa, Aa, Aa, Aa, Aa, Aa, Rra^Esa, Rra, Aa, Xos, Qxua, Qxua, Qxua, Aa, Qxua, Aa, Aa, Aa, Aa, Aa
Xos, Xos, Xos, Xos, Xos, Xos, Xos, Xos, Xos, Xos, Xos, Xos, Xos, Xos, Xos, Xos, Xos, Xos, Xos, Xos, Xos, Xos, Xos, Xos, Xos, Xos, Xos, Xos, Xos, Xos, Ms^Xm, Ms^Xm, Ms^Xm, Ms^Xm, Ms^Xm, Ms^Xm, Ms^Xm, Ms^Xm, Ms, Ms, Aa, Aa, Aa, Aa, Aa, Aa, Aa, Aa^Esa, Aa, Aa, Aa, Aa, Aa, Aa, Aa, Ai, Ai, Ai, Aa, Aa, Aa, Aa, Aa, Aa, Aa, Aa, Rra, 1 Rra, Aa, Aa, Aa, Aa, Qxua, Qxua, Qxua, Qxua, Aa, Aa, Ha, Aa, Ha, Ha
Xos, Xos, Xos, Xos, Xos, Xos, Xos, Xos, Xos, Xos, Xos, Xos, Xos, Xos, Xos, Xos, Xos, Xos, Xos, Xos, Xos, Xos, Xos, Xos, Xos, Xos, Xos, Xos, Xos, Xos, Ms^Xm, Ms^Xm, Ms^Xm, Ms^Xm, Ms^Xm, Ms^Xm, Ms, Ms, Ms, Ms, Ms, Aa, Ha, Aa, Aa^Fda, Aa^Esa, Aa, Aa, Aa, Aa^Fda, Aa^Fda, Aa, Ha, Aa, Aa, Aa, Ww, Ai, Ai, Aa, Aa, Aa, Aa, Aa, Aa, Aa, Rra^Esa, Aa, Aa, Aa, Aa, Qxua, Aa, Qxua, Qxua, Aa, Aa, Ha, Ha, Ha, Ha^Fda, Ha
Xos, Xos, Xos, Xos, Xos, Xos, Xos, Xos, Xos, Xos, Xos, Xos, Xos, Xos, Xos, Xos, Xos, Xos, Xos, Xos, Xos, Xos, Xos, Xos, Xos, Xos, Xos, Xos, Xos, Xos, Ms^Xm, Ms^Xm, Ms^Xm, Ms^Xm, Ms^Xm, Ms^Xm, Ms, Ms, Ms, Ms, Ha, Ha, Ha, Aa, Aa^Fda, Aa^Fma, Aa, Aa, Aa, Aa, Aa^Fda, Aa, Ha, Ha, Aa, Aa, Ai, Ai, Ai, Aa, Aa, Aa, Aa, Aa, Aa, Aa, Aa, Rra, Aa, Aa, Aa, Aa, Aa, Qxua, Qxua, Qxua, Aa, Aa, Aa, Aa, Ha, Ha
Xos, Xos, Xos, Xos, Xos, Xos, Xos, Xos, Xos, Xos, Xos, Xos, Xos, Xos, Xos, Xos, Xos, Xos, Xos, Xos, Xos, Xos, Xos, Xos, Xos, Xos, Xos, Xos, Xos, Xos, Ms^Xm, Ms^Xm, Ms^Xm, Ms^Xm, Ms^Xm, Ms^Xm, Ms, Ms, Ms, Ha, Ha, Ha, Aa, Aa, Aa^Esa, Aa^Fda, Aa, Aa, Aa, Aa^Fda, Aa^Esa, Aa, Aa, Aa, Aa, Ai, Ai, Ai, Aa, Aa, Aa, Aa, Aa, Aa, Aa, Aa, Aa, Rra^Esa, Aa, Aa^Esa, Aa, Aa, Aa, Aa, Qxua, Qxua, Aa, Aa, Aa, Aa, Ha, Ha
Xos, Xos, Xos, Xos, Xos, Xos, Xos, Xos, Xos, Xos, Xos, Xos, Xos, Xos, Xos, Xos, Xos, Xos, Xos, Xos, Xos, Xos, Xos, Xos, Xos, Xos, Xos, Xos, Xos, Xos, Xos, Ms^Xm, Ms^Xm, Ms^Xm, Ms^Xm, Ms^Xm, Ms^Xm, Ms, Ha, Ha, Ha, Aa, Aa, Aa, Aa, Aa, Aa, Aa, Aa, Aa, Aa, Aa, Aa, Aa, Aa, Ai, Ai, Aa, Aa, Aa, Aa, Aa, Aa, Aa, Aa, Aa, Rra^Esa, Aa, Aa, Aa, Aa, Aa, Aa, Aa, Aa, Aa, Aa, Aa, Aa^Esa, Aa, Aa, Aa
Xos, Xos, Xos, Xos, Xos, Xos, Xos, Xos, Xos, Xos, Xos, Xos, Xos, Xos, Xos, Xos, Xos, Xos, Xos, Xos, Xos, Xos, Xos, Xos, Xos, Xos, Xos, Xos, Xos, Xos, Xos, Xos, Xos, Ms, Ms^Xm, Ms, Ms^Xm, Ms^Xm, Ms^Xm, Ms, Ms^Xm, Ms, Ms, Ha, Ha, Aa, Aa, Aa, Aa^Fda, Aa, Aa, Ha, Ha, Ha, Ai, Ai, Ai, Ha, Ha, Ha, Ha, Ha, Ha, Ha, Aa, Aa, Aa, Aa, Aa, Aa, Aa, Aa, Aa, Ha, Ha, Aa, Ha, Aa, Ha, Ha^Fda, Ha, Aa
Xos, Xos, Xos, Xos, Xos, Xos, Xos, Xos, Xos, Xos, Xos, Xos, Wog, Xos, Xos, Xos, Xot, Xos, Yhl, Xos, Xos, Xos, Xos, Xos, Yhl, Xos, Xos^Xzm\, Xos, Xos, Xos, Xos, Xos, Xos, Xos, Xos, Ms^Xm, Ms^Xm, Ms^Xm, Ms^Xm, Ms^Xm, Ms, Ms, Ms, Ha, Ha, Aa, Aa, Aa, Aa, Aa, Aa, Ha, Ai, Ai, Ai, Ai, Aa, Ha, Ha, Ha, Ha, Aa, Aa, Aa, Aa, Aa, Rra, Aa, Aa, Aa, Aa, Aa, Aa, Aa, Aa, Aa, Aa, Aa, Ha, Ha, Ha, Ha
Xos, Xos, Xos, Xos, Yhl, Xos, Xos, Xos, Xos^Xzm/, Xos, Wog, Wog, Xos, Wog^Xo, Wog, Xos, Yhl^Xp, Yhl^Xo, Xos, Xos, Yhl, Xos, Yhl, Xos, Xos, Yhl^Xo, Yhl^Xp, Xos, Xos, Xos, Xos, Xos, Xos, Xos, Xuc, Xos, Xor, Ms^Xm, Ms, Ms, Ms^Xm, Ms^Xm, Ms, Ha, Ms, Ha, Ha, Aa, Aa, Aa, Aa, Ha, Ai, Ai, Ai, Aa, Aa, Ha, Aa, Ha, Aa^Fda, Aa^Esa, Aa, Aa, Aa, Aa, Aa, Rra, Aa, Aa, Aa, Aa, Ha, Aa, Aa, Ha, Ha, Ha, Aa, Ha, Aa^Fda, Ha
Xos, Xos, Xos, Xos, Xos, Yhl^Xo, Yhl^Xp, Xos, Wog, Wog^Xo, Xos, Xos, Xos, Xos, Xos, Wog, Wog, Xos^Xzm/, Yhl^Xp, Yhl^Xo, Xos, Xos, Xos, Yhl^Xo, Yhl^Xp, Xos^Xzm\, Aa^Edb, Xos, Xos, Xos, Xos, Xos, Xuc, Xuc, Yhl, Xor^Xzm/, Yhl, Yhl, Xos, Ms^Xm, Ms^Xm, Ms^Xm, Ms, Ha, Ms, Ms, Ha, Ha, Ha, Aa, Aa, Aa, Ai, Ai, Ai, Aa, Aa, Aa^Esa, Aa, Aa^Fma, Aa^Feza, Aa^Fda, Aa^Esa, Aa, Aa, Aa, Aa, Rra, Rra^Esa, Aa, Aa, Aa, Aa, Aa, Aa, Aa, Aa, Aa, Ha, Ha^Fda, Aa^Fda, Ha
Xos, Xos, Xos, Yhl, Yhl^Xo, Xos, Wog, Wog, Wog, Xos, Yhl, Yhl^Kov, Xos, Xos^Xzm/, Uh, Uh, Uh, Wog, Wog, Xot, Wog^Xo, Wog, Xos, Xos, Aa, Aa, Aa^Edb, Aa, Aa, Xos, Xos, Xos, Xos, Yhl, Yhl^Ii, Yhl, Xuc, Xos, Xos, Xos, Xos, Ms^Xm, Ms^Xm, Ms, Ms, Ms, Ms, Ha, Ms, Ha, Ha, Aa, Aa, Ai, Ai, Ww, Ai, Ai, Ai, Aa^Fda, Aa, Aa^Fda, Aa, Aa, Aa, Aa, Aa, Aa, Aa, Aa, Aa, Aa, Aa, Aa, Ha, Aa, Aa, Aa, Ha, Aa, Ha, Ha
Xos, Xos, Xos, Xos, Xos, Yhl^Xp, Wog, Wog, Yhl^Tf, Xos, Yhl^Xp, Xos, Xos, Yhl, Yhl, Tb^Tf, Yhl^Emf, Yhl^Xp, Yhl^Xp, Wog, Xos, Xos, Xos, Xos, Xos, Aa^Edb, Aa^Esa, Aa^Edb, Aa^Esa, Aa, Xos, Xos, Xuc, Yhl, Yhl, Yhl, Xuc, Xuc, Xos, Xos, Xos, Xos, Xos, Ms^Xm, Ms^Xm, Ms, Ms^Xm, Ms, Ms, Ha, Ha, Aa, Ha, Aa, Aa, Ai, Ai, Ai, Ai, Ww, Ai, Aa^Esa, Aa, Aa, Aa, Aa, Rra^Esa, Rra^Esa, Aa, Aa, Aa, Aa, Ha, Ha, Ha, Aa, Aa^Esa, Aa, Aa, Aa^Fda, Aa^Fda, Ha
Xos, Xos, Xos, Xos, Xos, Xos, Wog, Wog, Yhl, Yhl, Yhl, Xot, Xos, Yhl, Yhl, Xos, Yhl, Yhl, Yhl, Yhl, Yhl, Xos, Xos, Xos, Xos, Yhl^Esa, Yhl^Xp, Aa^Edb, Xos, Xos, Xos, Xos, Xos, Xuc, Xuc, Xuc, Xos, Xos, Xos, Xos, Xos, Xos, Xos, Xos, Xos, Ms^Xm, Ms^Xm, Ms, Ms, Ha, Ms, Ha, Aa, Aa, Aa, Aa, Aa, Aa, Ai, Ww, Ww, Aa, Aa, Aa, Aa, Aa, Aa, Aa, Aa, Aa, Aa, Aa, Aa, Aa, Ha, Ha^Fda, Ha, Aa, Aa, Aa^Esa, Ha, Ha^Fda
Xos, Xos, Xos, Xos, Wog, Wog^Xo, Xos, Xos, Xos, Yhl, Yhl, Yhl, Yhl, Yhl, Yhl, Xos, Xos^Xzm\, Yhl^Xp, Yhl, Yhl^Kov, Yhl, Xos, Xos, Xos, Xos^Xzm/, Xos, Yhl, Yhl^Esa, Yhl, Xot^Xzm\, Xos, Xos, Xos, Xos, Xos, Xos, Xos, Xos, Xos, Xos, Xos, Xos, Xos, Xos, Xos, Xos, Xos, Ms^Xm, Ms, Ms, Ha, Ha, Aa, Aa^Fda, Aa^Fpa, Aa^Esa, Aa, Aa, Ai, Ww, Ww, Aa, Aa, Aa, Rra, Rra^Esa, Aa, Aa, Aa, Aa, Aa, Aa, Aa, Aa, Ha, Ha, Aa, Aa, Aa, Ha^Fda, Ha, Aa^Fda
Xos, Xos, Wog, Wog, Xos, Xos, Xos, Xos^Xzm/, Yhl, Yhl, Yhl^Xp, Yhl, Xos, Yhl, Yhr^Xp, Yhr, Yhr, Xos, Xos^Xzm\, Yhl, Xos, Xos, Xot^Xzm/, Xot, Yhl, Yhl, Xos, Xos, Xos, Yhl, Yhl^Xp, Xos^Xzm\, Xos^Xzm\, Xos, Xos, Xos, Xos, Xos, Xos, Xos, Xos, Xos, Xos, Xos, Xos, Xos, Xos, Xos, Xos, Ms, Ha, Aa, Aa, Aa^Fma, Aa^Feza, Aa, Aa^Fpa, Aa, Aa, Ai, Ai, Aa, Aa, Aa, Rra, Aa, Aa, Aa, Aa, Aa, Aa, Aa, Aa, Aa, Aa, Aa, Aa, Aa, Aa, Ha, Aa, Ha
Xos, Xos, Xos, Xos, Xos, Xos^Xzm/, Yhl^Xp, Yhl, Xos, Xos, Xos, Xos, Xos, Xos, Yhr, Yhr, Yhr, Yhr, Uu, Xos, Xos, Xos, Xos, Yhl, Yhl^Xp, Yhl, Yhl^Kov, Xos, Xos^Xzm/, Xos, Yhl, Yhl, Xos, Xos, Xos, Xos, Xos, Xos, Xos, Xos, Xos, Xos, Xos, Xos, Xos, Xos, Xos, Xos, Xos, Xos, Xos, Aa, Aa, Aa^Fpa, Aa, Aa, Aa, Aa^Esa, Aa, Ai, Ai, Ww, Aa, Rra^Esa, Aa, Aa, Aa, Aa, Aa, Aa, Aa^Esa, Aa^Fma, Aa^Feza, Aa, Aa, Aa, Ha, Ha, Aa, Aa, Aa, Aa
Xos, Xos, Yhl, Xos, Xot, Xos, Yhl, Xos, Xot^Xzm\, Xos, Yhl^Xp, Xos, Xot^Xzm\, Xor, Yhl, Yhl, Xos^Xzm/, Xos, Uu, Xos, Xos, Xos, Xos, Yhl, Yhl, Yhl, Yhl, Xos^Exw, Yhl, Yhl^Xp, Xos, Xos, Xot, Xos, Yhl, Xos, Xos, Xos, Xos, Xos, Xos, Xos, Xos, Xos, Xos, Xos, Xos, Xos, Xos, Xos, Xos, Aa, Aa^Esa, Aa, Aa^Fpa, Aa, Aa, Aa, Aa, Ai, Ai, Ai, Ai^Bsa/, Rra, Aa, Aa, Aa, Aa, Aa, Aa^Fda, Ai, Aa^Fma, Aa^Fma, Aa^Esa, Aa, Aa, Aa, Ha, Ha, Aa, Aa, Aa
Xos, Xos, Xos, Yhl^Xo, Yhl, Xos, Uu, Yhl, Yhl, Xos^Xzm\, Xot^Xzm\, Yhl, Yhl, Xor, Yhr^Xp, Xos^Xzm/, Uh, Uu^Vud, Uu, Xos, Xot^Xzm\, Xos, Xos, Xos, Yhl^Xp, Yhl, Yhl, Yhl^Xp, Xos, Xos, Yhl, Xos^Xzm/, Yhl, Yhl^Xo, Xos^Xzm/, Xos, Yhl, Xos, Xos, Xos, Xos, Xos, Xos, Xos, Xos, Xos, Xos, Xos, Xos, Xos, Xos, Aa, Aa^Fda, Aa, Aa, Xos, Aa, Aa, Aa, Ww, Ww^Bsa/, Ai^Bsa/, Ai, Ai, Ai, Ai, Ww, Ai, Ai, Ai, Ai, Aa^Fma, Aa, Aa, Aa, Aa, Aa, Aa, Aa, Aa, Ms, Ha
Xos, Xos, Xot, Xos, Yhl, Yhl, Uu, Yhl^Xp, Yhl, Uu^Tf, Tb^Tf, Xos, Xos^Xzm\, Yhr, Uu^Tf, Xor, Uu^Emf, Uu, Yhl, Uu^Tf, Uu, Xos^Xzm\, Xos^Xzm/, Xos, Yhl, Yhl, Xos, Xos, Xos, Yhl, Yhl, Yhl, Yhl, Xos, Yhl, Yhl^Xo, Xot, Xos, Xos, Xos, Xos, Xos, Xos, Xos, Xos, Xos, Xos, Xos, Xos, Xos, Xos, Aa, Aa^Fpa, Aa^Fma, Aa, Aa, Aa, Aa, Rra, Rra, Aa, Ai, Ww, Ww, Ai, Ww, Ww, Ww, Ai, Ai, Ai, Ai, Ai, Aa, Aa^Fma, Aa, Ha, Ha, Ha, Ha, Ms, Ms
Xos, Xos, Xos, Yhl, Yhl^Xp, Yhl, Xos, Xos, Xos, Uu^Tf, Ur, Uu, Yhr, Yhr^Xp, Tb^Tf, Tb^Tf, Cte, Cte, Cte, Yhl, Yhl, Xor^Xzm/, Yhl, Yhl, Xos, Xos, Xos, Xos, Xos, Xos, Xos, Yhl, Yhl, Yhl, Xos, Xot, Yhl, Xos, Xos, Xos, Xos, Xos, Xos, Xos, Xos, Xos, Xos, Xos, Xos, Xos, Xos, Aa, Aa, Aa, Aa^Fpa, Aa, Aa, Rra^Esa, Aa, Aa, Aa, Aa, Aa, Aa, Aa, Ai, Aa^Feza, Aa^Fpa, Aa^Esa, Aa^Esa, Ai, Ww, Ww, Aa, Aa, Aa, Ha, Ha^Fma, Ms, Ms, Ms, Ms
Xos, Xos, Xos, Yhl, Yhl^Tf, Xos, Xos^Xzm\, Xos, Yhl^Xp, Xos, Uu, Ur, Yhl, Yhr^Xp, Uh, Tb^Emf, Cte, 6 Kte, Cte, Yhl, Yhl, Yhl, Yhl, Xos, Xos, Xos, Xos, Xos, Yhr, Xos, Xos, Xos, Yhl, Yhl, Yhl, Yhl^Xo, Xos, Xos, Xos, Xos, Xos, Xos, Xos, Xos, Xos, Xos, Xos, Xos, Xos, Xos, Cfa, Cfa^Esa, Cfa^Esa, Aa, Aa^Esa, Aa, Rra, Rra, Aa, Aa^Esa, Aa, Xos, Aa, Aa, Ha, Aa^Esa, Aa^Fpa, Aa^Fda, Aa, Aa, Ai, Ai, Ww, Aa, Aa, Aa, Aa, Ha, Ms, Ms, Ms, Ms
Xos, Xos, Xos, Yhl, Uu^Tf, Yhl, Yhl^Xp, Yhl, Xos^Xzm/, Xos, Yhl, Yhl, Xor, Xor, Uu^Vud, Uu, Yhl, Cte, Yhl, Yhl, Yhl^Xp, Yhl, Xos, Xos, Xos, Xos, Yhr, Xos, Xos, Yhr^Xp, Xos, Xos, Yhl, Yhl, Xos, Xos, Xos, Xos, Xos, Xos, Xos, Xos, Xos, Xos, Ww, Xos, Xos, Xos, Xos, Xos, Xos, Cfa^Esa, Aa, Aa, Rra^Esa, Rra, Aa, Aa, Aa, Aa, Aa^Fma, Aa^Esa, Aa, Aa, Aa, Aa, Aa^Esa, Aa^Fma, Aa, Ai, Ai, Ai, Aa, Aa, Ha, Ha, Aa^Esa, Ha, Ha, Ms, Ms, Ms
Xos, Xos, Xos, Xos, Ur, Ur, Xos^Xzm/, Xot, Ur, Yhl, Yhl, Yhl, Uh, Yhr^Xp, Yhr, Yhr, Xor, Yhl, Yhl, Yhl, Xor, Xos, Xos^Exw, Xos^Xzm/, Yhr, Xos^Xzm\, Xos, Yhr^Xp, Yhr, Yhr, Yhr, Xos^Xzm\, Xos^Efs, Yhl, Xos, Xos, Xos, Xos, Xos, Xos, Xos, Xos, Ww, Ww, Ww^Xo, Ww^Xo, Aa, Xos, Xos, Xos, Aa^Ebur, Rra^Esa, Rra, Rra, Rra, Rra, Cfa^Esa, Aa, Aa, Aa, Aa, Aa, Aa, Ha, Aa, Ha, Ha, Ha, Aa, Ww, Ai, Ai, Aa, Aa, Ha^Fda, Ha, Ha, Ha^Fda, Ha, Ms, Ms, Ms
Xos, Xos, Xos, Xos, Uu^Vu, Ur, Yhl, Uu, Ur, Ur, Xor, Xor, Yhr, Yhr, Uh, Yhl, Yhl^Xp, Yhl, Yhl, Xor, Xos^Xzm/, Xos^Exw, Yhr, Yhr, Xos, Yhr^Xp, Yhr, Yhr, Yhl, Yhr, Yhr, Yhl, Yhl, Xos^Efs, Xos, Xos, Xos, Xos, Xos, Xos, Xos, Xos, Xos, Ww^Xo, Aa^Fda, Aa^Fma, Aa^Fma, Aa, Rra, Rra^Ebme, Rra, Rra, Rra, Rra, Xos, Cfa^Esa, Cfa, Cfa^Esa, Xos, Aa, Xos, Aa^Esa, Xos, Aa, Xos, Ha, Xos, Ha, Xos, Ww, Ai, Ai, Xos, Aa, Ha, Ha, Ha, Aa, Ha, Ha, Ms, Ms
Xos, Xos, Xos, Xos, Xos, Yhl, Xor, Xos, Xos, Yhl, Xos, Xor, Yhr, Xos, Xos, Yhl, Yhl, Yhl, Yhl, Yhl, Yhl, Yhr^Xp, Xor, Xot, Yhl, Yhl, Xos, Xos, Xos, Yhl, Yhr, Yhr, Yhr, Xos, Urb, Uu, Uu^Eb, Xos^Xzm\, Xos, Xos, Xos, Xos, Xos, Xos, Xos, Aa^Fma, Rra, Rra^Esa, Rra, Rra^Esa, Aa, Aa, Xos, Xos, Xos, Xos, Xos, Xos, Xos, Xos, Xos, Xos, Xos, Xos, Xos, Xos, Xos, Xos, Xos, Ai, Ai, Ai, Xos, Xos, Xos, Ha, Xos, Ha, Xos, Ms, Ms, Ms
Xos, Xos, Xos, Xot, Yhl, Yhl, Xor, Xos, Xos, Yhl, Xos, Xos, Yhl, Xos, Xos, Yhl, Yhl, Xos, Xos, Yhl, Yhl, Yhl, Yhr, Yhl, Xos, Xos, Xos, Xos, Xos, Xos, Xos^Exw, Yhr, Urb, Urb, Urb, Xor, Uu, Urb, Yhr^Eb, Xot^Xzm\, Xos, Xos, Xos, Xos, Rra^Ebur, Rra, Rra, Rra, Rra^Esa, Rra, Aa, Aa, Aa^Fda, Xos, Xos, Xos, Xos, Xos, Xos, Xos, Xos, Xos, Xos, Xos, Xos, Xos, Xos, Xos, Xos, Ai, Ai, Ai, Ai, Xos, Xos, Xos, Xos, Xos, Xos, Xos, Xos, Xos
Xu, Xu, Xu, Yhl, Yhl, Xor, Xor, Xos^Xzm/, Uu, Yhl, Yhl, Xot^Xzm\, Yhl, Xos^Xzm/, Yhl, Yhl, Xos^Xzm/, Xot, Yhr, Yhr^Xp, Xos, Yhr, Yhr, Yhr, Yhr, Xot^Xzm\, Xot, Xos, Xor, Xos^Exw, Uh, Uu, Urb, Urb, Urb, Urb, Yhr, Yhr, Yhr, Yhr, Urb^Eb, Xos, Urb^Ebme, Urb^Pr\, Urb^Pr\, Rra, Rra, Rra, Xos, Aa, Aa, Aa^Fda, Aa^Fda, Aa^Fma, Ww^Xo, Xos, Xos, Xos, Xos, Xos, Xos, Xos, Xos, Xos, Xos, Xos, Xos, Xos, Xos, Xos, Xos, Ai, Ai^Xo, Ai^Xo, Ai, Xos, Xos, Xos, Xos, Xos, Xos, Xos
Xu, Xu, Xu, Xu, Xu, Yhl, Yhl, Uu, Uu, Xos, Xos, Yhl, Yhl, Yhl, Yhl, Xos, Xos, Yhr, Xot, Xos^Xzm/, Yhr, Yhr^Xp, Xos, Yhr, Yhr, Yhr, Yhr, Xor^Xzm/, Uu, Uu, Uu^Vu, Uu, Cud, Cud, Cud, Uu, Yhr, Yhr^Xp, Uu, Uh, Urb, Urb, Urb, Urb, Urb, Urb^Pr\, Xos, Xos, Xos, Xos, Xos, Aa^Fda, Ww^Xo, Ww^Xo, Ww, Ww, Xos, Xos, Xos, Xos, Xos, Xos, Xos, Xos, Xos, Xos, Xos, Xos, Xos, Xos, Xos, Xos, Xos, Ai, Xos, Xos, Xos, Xos, Xos, Xos, Xos, Xos
Xu, Xu, Xu, Xu, Xuc, Uu, Uu^Tf, Tb^Tf, Yhl, Xos^Xzm/, Yhr, Yhr, Xos, Yhl^Xp, Xos, Xos, Xos, Xos, Xos, Yhr, Xos, Xos, Xos, Xos, Xos, Yhr, Yhr, Urb, Urb, Uu, Urb, Uu, Cud, 4 Kud, Cud, Uu, Urb, Uu, Uu^Vu, Uh, Urb, Urb, Urb, Urb, Urb, Xos^Exw, Xos^Exw, Xos, Xos, Xos, Xos, Xos, Xos, Ww, Xos, Xos, Xos, Xos, Xos, Xos, Xos, Xos, Xos, Xos, Xos, Xos, Xos, Xos, Xos, Xos, Xos, Xos, Xos, Xos, Xos, Xos, Xos, Xos, Xos, Xos, Xos, Xos
Xos, Xu, Xu, Xu, Xu, Uu, Uu, Tb^Tf, Ur, Yhl, Yhr, Xos, Xos, Xos, Xos, Xos, Xos, Xos, Xos, Xos, Xos, Xos, Xos, Xos, Xos, Yhr, Yhr, Urb, Uh, Uu, Yhr^Xp, Urb, Urb, Cud, Urb, Urb, Urb, Urb, Urb, Uu, Urb, Urb, Urb, Urb, Urb, Urb^Eb, Uu, Xos, Xos^Xzm\, Xos, Xos, Xos, Xos, Xos, Xos, Xos, Xos, Xos, Xos, Xos, Xos, Xos, Xos, Xos, Xos, Xos, Xos, Xos, Xos, Xos, Xos, Xos, Xos, Xos, Xos, Xos, Xos, Xos, Xos, Xos, Xos, Xos
Xos, Xos, Xos, Xu, Xu, Xuc, Xuc, Uu, Ur, Yhr, Xos, Xos, Xos, Xos, Xos, Xos, Xuc, Xu, Xu, Xos, Xos, Xos, Xos, Xos, Xos, Xos, Xor, Uu, Urb, Urb, Yhr, Yhr, Urb, Urb, Urb, Urb, Urb, Urb, Urb, Urb, Urb, Urb, Urb, Urb, Urb, Yhr, Uh, Uu^Eb, Uh, Xot, Xot, Xos, Xos, Xos, Xos, Xos, Xos, Xos, Xos, Xos, Xos, Xos, Xos, Xos, Xos, Xos, Xos, Xos, Xos, Xos, Xos, Xos, Xos, Xos, Xos, Xos, Xos, Xos, Xos, Xos, Xos, Xos
Xos, Xos, Xos, Xos, Xos, Xu, Xu, Uu^Tf, Uu, Ur, Xos, Xos, Xos, Xos, Xu, Uu, Uh, Xu, Xuc, Xu, Xu, Xos, Xos, Xos, Xos, Xos, Xos, Xor, Uu, Urb, Yhr, Yhr, Yhr, Urb, Urb, Yhr, Yhr, Urb, Urb, Urb, Urb, Urb, Urb, Urb, Yhr, Yhr, Uu, Uu, Yhr^Xp, Uu^Eb, Uu, Xos, Xos^Xzm\, Xos, Xos, Xos, Xos, Xos, Xos, Xos, Xos, Xos, Xos, Xos, Xos, Xos, Xos, Xos, Xos, Xos, Xos, Xos, Xos, Xos, Xos, Xos, Xos, Xos, Xos, Xos, Xos, Xos
Xos, Xos, Xos, Xos, Xos, Xos, Xos, Yhl, Ur, Yhl, Yhl, Xom^Xzm\, Xom^Xzm\, Xu, Xu, Xu, Uu, Uu^Ii, Uu, Xuc, Xu, Xu, Xu, Xos, Xos, Xos, Xos^Xzm/, Xos, Yhr, Uu, Uu, Yhr^Xp, Yhr, Urb, Urb, Yhr, Yhr, Yhr, Yhr, Urb, Urb, Uu, Cud, Cud, Cud, Yhr^Xp, Uu^Vu, Urb, Yhr, Xor, Yhr, Uu, Xos, Xos, Xos, Xos, Xos, Xos, Xos, Xos, Xos, Xos, Xu, Xos, Xu, Xos, Xos, Xos, Xos, Xos, Xos, Xos, Xos, Xos, Xos, Xos, Xos, Xos, Xos, Xos, Xos, Xos
Xos, Xos, Xos, Xos, Xos, Xos, Xos, Yhl, Wwf, Wwf, Yhr, Yhr, Xor, Xu, Xu, Xu, Uu, Ur, Uu^Tf, Xuc, Xuc, Xu, Xu, Xu, Xor, Xor^Xzm/, Uu, Yhr, Ur, Urb, Uu, Yhr, Xos, Uu, Uu, Uh, Uu, Yhr^Xp, Yhr, Urb, Uu^Vud, Uu, Cud, 3 Kud, Cud, Uu, Urb, Urb, Urb, Yhr, Xos, Xos, Xos, Xos, Xos, Xos, Xos, Xos, Xos, Xos, Xu, Xu, Xoa, Xu, Xu, Xu, Xu, Xos, Xos, Xos, Xos, Xos, Xos, Xos, Xos, Xos, Xos, Xos, Xos, Xos, Xos, Xos
Xos, Xos, Xos, Xos, Xos, Xos, Xos, Xos, Xos, Wwf, Uu, Uu, Uu, Xu, Xu, Xu, Xu, Ur, Ur, Uu, Uh, Xu, Xuc, Xu, Ur, Uu, Ur, Uu, Ur, Uu, Xos, Xos, Xos^Xzm/, Xos, Yhr, Uu, Urb, Urb, Urb, Urb, Urb, Uu, Urb, Cud, Uu, Uu, Urb, Urb, Xos, Xos, Xos, Xos, Xos, Xos, Xos, Xos, Xos, Xos, Xos, Xu, Xu, Xu, Xu, Xoa, Xoa, Xu, Xu, Xos, Xos, Xos, Xos, Xos, Xos, Xos, Xos, Xos, Xos, Xos, Xos, Xos, Xos, Xos
Xos, Xos, Xos, Xos, Xos, Xos, Xos, Xos, Xos, Xos, Yhr, Yhr, Uu, Xuc, Xu, Xu, Xuc, Uu, Uu^Tf, Ur, Ur, Uu, Uu, Ur, Ur, Uu, Uu, Ur, Xos, Xos, Xos, Xos, Xos, Yhr, Yhr, Yhr, Urb, Urb, Urb, Urb, Urb, Urb, Yhr, Yhr, Yhr^Xp, Uu, Xos, Xos, Xos, Xos, Xos, Xos, Xos, Xos, Xos, Xos, Xos, Xos, Xu, Xu, Xu, Xu, Yhl, Yhl, Yhl, Xoa, Xoa, Xu, Xu, Xu, Xu, Xos, Xos, Xos, Xos, Xos, Xos, Xos, Xos, Xos, Xos, Xos
Xos, Xos, Xos, Xos, Xos, Xos, Xos, Xos, Xu, Xos, Uu, Uu, Xu, Xu, Xu, Xu, Xuc, Uu, Uu, Ur, Uh, Uu, Ur, Ur, Uu, Uh, Xos, Xos, Xos^Xzm/, Xot, Yhr^Xp, Yhr^Xp, Yhr, Xos, Xos, Yhr, Urb, Urb, Urb, Urb, Yhr, Xor, Yhr, Yhr^Xp, Xos, Xos, Xos, Xos, Xos, Xos, Xos, Xos, Xos, Xos, Xos, Xos, Xos, Xu, Xu, Xu, Xu, Xu, Yhl, Yhl^Ii, Yhl, Xu, Xu, Xu, Xoa, Xu, Xu, Xu, Xos, Xos, Xos, Xos, Xos, Xos, Xos, Xos, Xos, Xos
Xos, Xos, Xos, Xos, Xos, Xos, Xu, Xu, Xu, Xu, Urb^Em, Uu, Xuc, Xuc, Xuc, Xu, Ur, Ur, Uu, Uh, Xu, Xu, Xu, Uu, Xos, Xos, Xos, Xos, Xu, Yhl^Xp, Yhl, Yhr, Xos, Xos, Xos, Xos, Urb, Urb, Urb, Xos, Xos, Yhr^Xp, Xos, Xos, Xos, Xos, Xos, Xos, Xos, Xos, Xos, Xos, Xos, Xos, Xos, Xos, Xu, Xu, Xu, Xoa, Xu, Xu, Xu, Yhl, Xu, Xu, Xu, Xu, Yhl, Xoa, Xoa, Xu, Xu, Xos, Xos, Xos, Xos, Xos, Xos, Xos, Xos, Xos
Xos, Xos, Xos, Xos, Xos, Xos, Xu, Xu, Tb^Tf, Tb^Tf, Ur^Emf, Uu^Vud, Uu, Uu^Tf, Urb, Uu, Ur, Ur, Xu, Xu, Xu, Xu, Xos, Xos, Xos, Xos, Xu, Xu, Xu, Yhl, Yhl, Xos, Xos, Xos, Xos, Xos, Urb, Urb, Urb, Xos, Xos, Xos, Xos, Xos, Xos, Xos, Xos, Xos, Xos, Xos, Xos, Xos, Xos, Xos, Xos, Xu, Xu, Xu, Yhl, Yhl, Yhl, Xu, Xu, Ur, Xu, Xu, Xu, Yhl, Yhl^Ii, Yhl, Xu, Xoa, Xu, Xos, Xos, Xos, Xos, Xos, Xos, Xos, Xos, Xos
Xos, Xos, Xos, Xos, Xos, Xu, Xu, Xu, Tb^Tf, Tb^Tf, Urb^Em, Ur, Urb, Urb, Uu^Em, Uu, Xu, Xu, Xu, Xu, Xu, Xu, Xos, Xos, Xos, Xu, Xu, Xu, Xu, Yhl, Yhl, Xos, Xos, Xos, Xos, Xor, Urb, Urb, Urb, Xor, Xor, Xos, Xos, Xos, Xos, Xos, Xos, Xos, Xos, Xos, Xos, Xos, Xos, Xos, Xos, Xu, Xu, Xu, Yhl, Yhl^Ii, Yhl, Xu, Xuc, Uu, Uh, Xu, Xu, Yhl, Yhl, Yhl, Xu, Xu, Xu, Xos, Xos, Xos, Xos, Xos, Xos, Xos, Xos, Xos
Xos, Xos, Xos, Xos, Xos, Xu, Xu, Xu, Uu, Tb^Emf, Cte, Cte, Cte, Ur, Uu, Uu^Tf, Xu, Xu, Xu, Xu, Xu, Xu, Xos, Xos, Xos, Xu, Xu, Xu, Xu, Yhl, Yhl, Xos, Xos, Xos, Xos, Xor, Urb, Urb, Urb^Zz/, Urb^Zz/, Urb^Eb, Xos, Cud, Xos, Xos, Xos, Xor, Xor, Xos, Xos, Xos, Xos, Xos, Xos, Xos, Xu, Xu, Xu, Xu, Yhl, Xu, Uu, Ur, Ur, Uu, Xuc, Xuc, Xu, Ur, Xu, Xu, Xu, Xos, Xos, Xos, Xos, Xos, Xos, Xos, Xos, Xos, Xos
Xos, Xos, Xos, Xos, Xos, Xu, Xu, Uu, Uu^Tf, Uu, Cte, 7 Kte, Cte, Uu, Uu^Vud, Uu^Em, Xu, Xu, Xu, Xu, Xos, Xom, Xom, Xos, Xot, Xos, Xos, Xu, Xu, Yhl, Yhl, Xu, Xu, Xos, Xos, Xor, Xor, Urb^Zz/, Urb^Eb, Urb, Urb, Urb, Urb, Cud, Cud, Cud, Cud, Cud, Cud, Cud, Cud, Xor, Xor, Xos, Xos, Xos, Xu, Xu, Xu, Xu, Xuc, Uu, Urb, Ur, Ur, Uu, Uu, Ur, Xu, Xu, Xu, Xu, Xos, Xos, Xos, Xos, Xos, Xos, Xos, Xos, Xos, Xos
Xos, Xos, Xos, Xos, Xos, Xos, Xos, Uu, Tb^Tf, Tb^Tf, Uu, Cte, Uu, Ur, Ur, Uh, Xu, Xu, Xos, Xos, Xom^Xzm/, Xom^Xzm/, Yhl, Uh, Uu, Xos^Xzm\, Xuc, Xu, Xu, Yhl, Yhl, Xu, Xu, Xos, Xos, Xos, Xos, Xos, Xos, Urb, Urb, Urb, Urb, Urb, Urb, Urb, Urb, Uu, Urb, Urb, Urb, Cud, Cud, Xor, Xos, Xos, Xos, Xu, Xu, Xuc, Uu, Urb, Urb, Ur, Uu, Ur, Xu, Uu, Yhl, Yhl, Yhl, Xu, Xos, Xos, Xos, Xos, Xos, Xos, Xos, Xos, Xos, Xos
Xos, Xos, Xos, Xos, Xos, Xos, Xu, Xu, Xu, Tb^Tf, Uu, Uu, Uu, Uu, Uh, Urb, Xos, Xos, Xot^Xzm/, Xot, Yhl, Yhl, Xos, Uu, Uu, Yhl^Xp, Yhl, Xuc, Xu, Yhl, Yhl, Xu, Xu, Xos, Xos, Xos, Xos, Xos, Xos, Cud, Cud, Urb, Urb, Urb, Urb, Urb, Urb, Cud, Urb, Urb, Urb, Uu, Uh, Cud, Cud, Xor, Xor, Xos, Xos, Uu, Urb, Urb, Uu, Uu, Ur, Uh, Xu, Xu, Yhl, Yhl^Ii, Yhl, Xos, Xos, Xos, Xos, Xos, Xos, Xos, Xos, Xos, Xos, Xos
Xos, Xos, Xos, Xos, Xos, Xos, Xu, Xu, Xu, Wwf, Xu, Uu^Tf, Xu, Xu, Uu, Urb, Yhr, Xos^Exw, Yhl, Yhl, Yhl, Yhl, Tb^Tf, Xos, Xos^Xzm\, Yhl, Xos, Yhl, Yhl, Xu, Xu, Xu, Xu, Xu, Xos, Xos, Xos, Xos, Xos, Xos, Xor, Cud, Urb, Urb, Urb, Urb, Cud, Uu, Urb, Urb, Urb, Urb, Uu, Uu^Tf, Uh, Cud, Cud, Xor, Xos, Cud, Cud, Urb, Xos, Uu, Uu, Uu^Tf, Uu, Xos, Xos^Exw, Yhl, Xos, Xos, Xos, Xos, Xos, Xos, Xos, Xos, Xos, Xos, Xos, Xos
Xos, Xos, Xos, Xos, Xos, Xos, Xos, Xu, Xu, Xu, Xu, Xos, Xu, Xu, Xu, Uu, Yhr, Yhr, Yhl, Yhl, Yhl, Tb^Tf, Tb^Tf, Yhl, Yhl, Tb^Tf, Wwf, Xot^Xzm\, Xos, Yhl, Yhl, Xu, Xu, Xu, Xos, Xos, Xos, Xos, Xos, Xos, Xor, Cud, Cud, Urb, Cud, Uu, Urb, Urb, Cud, Cud, Cud, Uu, Uu^Tf, Uu^Vu, Uu, Uh, Uh, Cud, Urb, Urb, Urb, Cud, Xos, Xos, Xos, Ur, Xu, Uu, Uu, Xos^Exw, Xos, Xos, Xos, Xos, Uu, Uu, Uu^Br/, Xos, Xos, Xos, Xos, Xos
Xos, Xos, Xos, Xos, Xos, Xos, Xos, Xos, Xos, Xu, Xu, Xos, Xu, Xu, Xu, Xu, Xos, Yhr, Xos, Xos, Xor, Uu^Em, Yhr^Em, Yhl, Xot, Xos, Yhl, Wwf, Uh, Yhr^Xp, Yhr^Xp, Xuc, Xuc, Xu, Xos, Xos, Xos, Xos, Xos, Xos, Xos, Xor, Cud, Uu, Urb, Urb, Urb, Urb, Cud, 5 Kud, Cud, Uu, Urb^Em, Uu^Em, Uu, Tb^Tf, Tb^Tf, Urb, Urb, Urb, Urb, Urb, Xos, Xos, Xos, Uh, Uu, Uu^Br\, Uu^Br\, Uh, Uu, Xos^Exw, Uu, Uu^Pr\, Uu^Pr\, Uu^Br/, Uu, Uu, Xos, Xos, Xos, Xos
Xos, Xos, Xos, Xos, Xos, Xos, Xos, Xos, Xos, Qxu, Qxu, Qxu, Qxu, Xu, Xos, Xos, Xos, Xos, Xos^Xzm/, Xos, Tb^Tf, Uh, Tb^Tf, Yhr, Yhr, Yhl, Yhr^Xp, Xos, Xos^Xzm\, Yhr, Yhr, Yhl, Uu, Xos, Xos^Xzm\, Xos, Xos, Xos, Xos, Xos, Xos, Xor, Xos, Cud, Urb, Urb, Urb, Urb, Urb, Cud, Urb, Urb, Urb, Urb, Uu^Vu, Uu^Tf, Uh, Urb, Urb, Urb, Urb, Urb, Xos, Xos, Xos, Xos, Xos, Uu, Uh, Uu^Br\, Uu^Br\, Uu, Uu^Br/, Uu^Br/, Uu, Uu^Pr\, Xos, Xos, Xos, Xos, Xos, Xos
Xos, Xos, Xos, Xos, Xos, Xos, Xos, Xos, Xos, Qxu, Qxu, Qxu, Qxu^Xo, Xos, Xos, Xos, Xos, Xot, Uh, Tb^Tf, Tb^Tf, Xor, Xor, Yhr^Xp, Yhr, Yhr, Yhr, Yhr, Xos^Exw, Yhl, Yhl, Uu^Vu, Uh, Uu, Xos, Xos, Xos, Xos, Xos, Xos, Xos, Xos, Xos, Cud, Urb, Urb, Urb, Urb, Urb, Urb, Urb, Urb, Urb, Urb, Urb, Uh, Urb, Urb, Urb, Urb, Xos, Xos, Xos, Xos, Xos, Xos, Xos, Xos, Xos, Uh, Uu, Uu^Br/, Uh, Uh, Xos, Xos, Xos, Xos, Xos, Xos, Xos, Xos
Xos, Xos, Xos, Xos, Xos, Xos, Xos, Xos, Xos, Qxu, Qxu^Xo, Qxu^Xo, Qxu, Xos, Xom, Xos, Xu, Xu, Yhl, Uh, Yhl, Uh, Yhl, Xos, Yhl, Yhr, Yhr, Yhr, Yhl, Yhl, Yhl, Yhl, Uh, Yhl, Yhl^Xp, Xot, Xos, Xos, Xos, Xos, Xos, Xos, Xor, Cud, Uh, Uh, Uu^Vud, Urb, Urb, Urb, Uu^Tf, Urb, Uu^Tf, Urb, Urb, Urb, Urb, Urb, Urb, Urb^Eb, Xos^Exw, Xos, Xos, Xos, Xos, Xos, Yhl, Xos, Xos, Xos, Xos, Uu, Xu, Xu, Xu, Xos, Xos, Xos, Xos, Xos, Xos, Xos
Xos, Xos, Xos, Xos, Xos, Xos, Xos, Xos, Xos, Xu, Xu, Qxu, Xos, Yhl, Yhl, Xom, Xu, Xuc, Yhl, Xos, Xot^Xzm\, Yhl, Yhl, Yhl, Yhl, Xos, Xos^Xzm\, Yhl, Yhl, Yhl, Xos, Yhl, Yhl, Xos, Xos, Yhl^Xo, Yhl, Xos, Xos, Xos, Xos, Xos, Xor, Yhr, Uu^Tf, Uh, Uh, Uh, Uh, Uu^Vu, Tb^Tf, Tb^Tf, Urb, Urb, Urb, Urb, Urb, Urb, Urb, Urb, Urb^Zz/, Xos^Exw, Xot, Xos^Xzm/, Yhr, Yhl^Xo, Xos, Xos, Xos, Xos, Xos, Xos, Xos, Xu, Xu, Xu, Xos, Xos, Xos, Xos, Xos, Xos
Xos, Xos, Xos, Xos, Xos, Xos, Xos, Xos, Xu, Xu, Xu, Xos, Xos^Xzm/, Xos, Yhl, Yhl^Xp, Yhl, Yhl, Xu, Yhl, Yhl, Yhl, Tb^Tf, Yhl, Yhr^Xp, Yhr, Yhr, Yhl, Xot, Xos, Xos, Yhl^Vov, Yhl^Xp, Xos, Xos^Xzm\, Xos, Xos, Xos, Xos, Xos, Xot, Xos^Xzm/, Yhr^Xp, Yhr, Yhr, Tb^Tf, Uh, Uh, Urb, Uu^Tf, Uh, Uh, Urb, Urb, Urb, Urb^Eb, Xos, Urb, Urb^Zz/, Urb^Zz/, Urb, Urb, Urb, Yhr^Xp, Xor, Xos, Xos^Xzm/, Xos, Yhl^Xo, Yhl, Xos, Xos, Xos, Xos, Xos, Xos, Xos, Xos, Xos, Xos, Xos, Xos
Xos, Xos, Xos, Xos, Xos, Xos, Xu, Xu, Xu, Xu, Xos, Xot, Yhl, Yhl^Xp, Yhl, Xos, Xos, Xu, Xu, Xos, Xos, Xu, Xu, Uh, Yhr, Yhr, Yhr, Yhl, Yhl, Xos^Xzm/, Yhl, Yhl, Xos, Yhl^Xp, Yhl^Xo, Xos^Xzm\, Xos, Xos, Xos, Xos^Xzm/, Yhl^Xo, Yhl, Xos^Xzm/, Xos, Yhr^Xp, Yhr^Em, Yhr, Xos, Xos, Urb, Urb, Urb, Urb, Urb, Xos, Xos, Xos, Xos, Xos, Urb, Urb, Urb, Urb, Urb, Urb, Xor^Xzm/, Yhr^Xp, Yhr, Xos, Xos, Xos, Xos, Yhl, Xos, Xos, Xos, Xos, Xos, Xos, Xos, Xos, Xos
Xos, Xos, Xos, Xos, Xos, Xos, Xu, Xu, Xu, Xu, Qxu^Xo, Xos, Yhl, Yhl, Yhl, Xos, Xos, Xos, Xos, Xos, Xos, Xu, Yhl, Yhl, Xu, Xu, Xuc, Yhl, Yhl, Yhl, Yhl, Yhl, Xos, Xos, Xos, Yhl, Xos, Xos, Xos, Yhl, Xos, Xot, Yhl^Xo, Yhl, Xot, Xos, Yhr^Xp, Xos, Xos, Urb, Urb, Urb, Xos, Xos, Xos, Xos, Xor^Xzm/, Xot, Yhr, Yhr^Xp, Xos, Urb, Urb, Urb, Urb, Urb, Urb, Xos, Xor^Xzm\, Xor^Xzm/, Yhr, Yhl^Xo, Xos, Xos, Xos, Xos, Xos, Xos, Xos, Xos, Xos, Xos
Xos, Xos, Xos, Xos, Xos, Xos, Xu, Xu, Qxu, Qxu, Qxu^Xo, Qxu, Yhl, Yhl^Vov, Yhl, Xos, Xos, Xos, Xos, Xos^Xzm/, Yhl^Xo, Yhl^Xp, Xos, Xu, Xu, Xuc, Yhr, Yhr, Xuc, Yhl, Xuc, Yhl, Yhl^Xp, Xos, Xot^Xzm\, Xos, Xos, Xos, Xos, Xos, Xos, Yhl, Xos, Xos^Xzm/, Yhl^Xo, Yhl, Xos, Xos, Xos, Cud, Cud, Cud, Xos, Xos, Xos, Xor, Yhl, Yhl^Xo, Xos, Xos, Xos^Xzm/, Xos, Yhr^Xp, Urb, Urb, Urb, Urb, Urb, Urb, Yhr^Xp, Xor, Xos, Xos, Xos, Xos, Xos, Xos, Xos, Xos, Xos, Xos, Xos
Xos, Xos, Xos, Xos, Xos, Xos, Xu, Xu, Qxu, Qxu, Qxu^Xo, Qxu, Qxu, Yhl^Xp, Xos, Xos, Xos, Xos, Xos, Yhl, Xos, Xos, Xos, Xos, Xos, Xu, Yhr^Esa, Xuc, Xuc, Yhr, Xu, Xu, Xos, Yhl, Yhl, Xos, Xor^Xzm\, Xos, Xos, Xos, Xos, Xos, Xos, Yhl, Xos, Xos, Xos, Xos, Tb^Tf, Urb, Urb, Urb, Xos, Xos, Xos, Xos, Xos, Xos, Xos, Xot, Yhl^Xo, Yhr, Xos, Xos, Xos, Urb, Urb, Urb, Urb, Urb, Urb, Xos^Exw, Xos^Exw, Xos, Xos, Xos, Xos, Xos, Xos, Xos, Xos, Xos
Xos, Xos, Xos, Xos, Xos, Xos, Xu, Xu, Qxu, Qxu, Qxu, Qxu^Xo, Qxu^Xo, Qxu, Qxu^Xo, Xot, Xos, Xos, Xos, Xos, Xos, Xos, Xom, Xom^Xzm/, Aa^Edb, Yhr^Xp, Yhr^Esa, Xos, Yhr^Xp, Yhr, Xos, Xos, Xos, Yhl, Yhl^Vov, Yhl^Xp, Yhl^Xp, Xor, Xos, Xos, Xos, Xos, Xos, Xos, Xu, Xos, Uu, Tb^Emf, Tb^Tf, Tb^Tf, Urb, Urb, Xos, Xos, Xos, Xos, Xos, Xos, Xos, Yhl, Xos, Xos, Xor, Xor^Xzm/, Yhr, Yhr^Xp, Xos, Urb, Urb, Urb, Urb, Urb, Urb^Zok, Xos^Zok, Xos^Zok, Xos, Xos, Xos, Xos, Xos, Xos, Xos
Xos, Xos, Xos, Xos, Xos, Xos, Xu, Xu, Xu, Qxu, Qxu, Qxu, Qxu, Qxu^Xo, Qxu, Qxu, Xos, Xos, Xos, Xos, Xos, Xos, Yhr^Xp, Aa^Edb, Aa^Edb, Aa^Fda, Aa, Aa, Aa^Edb, Yhr^Xp, Xom, Xos, Xos, Yhl, Yhl, Yhl, Xos, Xos, Xos, Xos, Xos, Xos, Xos, Xu, Xu, Uu, Uh, Xu, Uu^Br\, Uu^Em, Urb, Urb, Uh, Xos, Xos, Xos, Xos, Xos, Xos, Xos, Xos, Xos, Yhl, Yhl^Xo, Xos, Xos, Xos, Xos, Xos, Urb, Urb^Zok, Urb^Zok, Urb^Zok, Urb^Zok, Urb^Zok, Xos^Zok, Xos^Zok, Xos, Xos, Xos, Xos, Xos
Xos, Xos, Xos, Xos, Xos, Xos, Xos, Xu, Xu, Xu, Xu, Qxu, Qxu, Qxu, Xu, Xu, Xos, Xos, Xos, Xos, Xos, Xos, Yhr^Xp, Aa^Edb, Xom, Aa^Edb, Aa^Fetd, Aa^Edb, Aa^Edb, Aa^Edb, Aa^Fda, Xos, Xos, Xos, Xos, Xos, Xos, Xos, Xos, Xos, Xos, Xos, Xos, Xu, Xu, Xu, Xoa, Uh, Uu, Uu^Br\, Uu^Br\, Uu^Br\, Uu^Br\, Uh, Xoa, Xos, Xos, Xos, Xos, Xos, Xos, Xos, Xos, Xos, Xos, Xos, Xos, Xos, Xos, Xos^Zok, Xos^Zok, Urb^Zok, Urb^Zok, Urb^Zok, Urb^Zok, Urb^Zok, Xos^Zok, Xos^Zok, Xos, Xos, Xos, Xos
Xos, Xos, Xos, Xos, Xos, Xos, Xos, Xos, Xos, Xu, Xu, Xu, Xu, Xu, Xu, Xu, Xos, Xos, Xos, Xos, Xos, Xos, Xos, Xom, Aa, Aa, Aa^Edb, Aa, Aa^Fda, Aa, Ai^Esa, Xos, Xos, Xos, Xos, Xos, Xos, Xos, Xos, Xos, Xos, Xos, Xos, Xos, Xos, Xos, Xoa, Wog, Wog, Uu^Tf, Uu, Uu^Br\, Uu^Br\, Uu^Br\, Uu^Br|, Xoa, Xoa, Xu, Xu, Xos, Xos, Xos, Xos, Xos, Xos, Xos, Xos, Xos, Xos, Xos, Xos, Xos^Zok, Xos^Zok, Urb^Zok, Xos^Zok, Xos^Zok, Xos, Xos, Xos, Xos, Xos, Xos
Xos, Xos, Xos, Xos, Xos, Xos, Xos, Xos, Xos, Xos, Xos, Xu, Xu, Xu, Xos, Xos, Xos, Xos, Xos, Xos, Xos, Xos, Xos, Yhr^Esa, Yhr^Xp, Aa^Edb, Aa^Edb, Aa^Fda, Ai^Esa, Ai, Ai, Ai, Xos, Xos, Xos, Xos, Xos, Xos, Xos, Xos, Xos, Xos, Xos, Xos, Xos, Xos, Xu, Wog, Wog, Wog, Wog, Uu^Vu, Uu, Uu^Br\, Uu^Br\, Uu, Uu^Pr/, Xu, Xu, Xu, Xu, Xos, Xos, Xos, Xos, Xos, Xos, Xos, Xos, Xos, Xos, Xos, Xos, Xos^Zok, Xos, Xos, Xos, Xos, Xos, Xos, Xos, Xos
Xos, Xos, Xos, Xos, Xos, Xos, Xos, Xos, Xos, Xos, Xos, Xos, Xos, Xos, Xos, Xos, Xos, Xos, Xos, Xos, Xos, Xos, Xos, Xos, Xos, Yhr^Xp, Xos, Xos, Xos, Ai, Xos, Xos, Xos, Xos, Xos, Xos, Xos, Xos, Xos, Xos, Xos, Xos, Xos, Xos, Xos, Xu, Xu, Xu, Xu, Wog, Wog, Wog, Xoa, Uu, Uu^Pr/, Uu^Pr/, Uu^Br\, Uu, Xu, Xu, Xu, Xos, Xos, Xos, Xos, Xos, Xos, Xos, Xos, Xos, Xos, Xos, Xos, Xos, Xos, Xos, Xos, Xos, Xos, Xos, Xos, Xos
Xos, Xos, Xos, Xos, Xos, Xos, Xos, Xos, Xos, Xos, Xos, Xos, Xos, Xos, Xos, Xos, Xos, Xos, Xos, Xos, Xos, Xos, Xos, Xos, Xos, Xos, Xos, Xos, Xos, Xos, Xos, Xos, Xos, Xos, Xos, Xos, Xos, Xos, Xos, Xos, Xos, Xos, Xos, Xos, Xos, Xos, Xos, Xu, Xos, Xoa, Xoa, Xoa, Xoa, Xoa, Xu, Uu, Xu, Xu, Xu, Xu, Xu, Xos, Xos, Xos, Xos, Xos, Xos, Xos, Xos, Xos, Xos, Xos, Xos, Xos, Xos, Xos, Xos, Xos, Xos, Xos, Xos, Xos
Xos, Xos, Xos, Xos, Xos, Xos, Xos, Xos, Xos, Xos, Xos, Xos, Xos, Xos, Xos, Xos, Xos, Xos, Xos, Xos, Xos, Xos, Xos, Xos, Xos, Xos, Xos, Xos, Xos, Xos, Xos, Xos, Xos, Xos, Xos, Xos, Xos, Xos, Xos, Xos, Xos, Xos, Xos, Xos, Xos, Xos, Xos, Xos, Xos, Xos, Xos, Xos, Xos, Xu, Xu, Xu, Xu, Xu, Xu, Xu, Xos, Xos, Xos, Xos, Xos, Xos, Xos, Xos, Xos, Xos, Xos, Xos, Xos, Xos, Xos, Xos, Xos, Xos, Xos, Xos, Xos, Xos
Xos, Xos, Xos, Xos, Xos, Xos, Xos, Xos, Xos, Xos, Xos, Xos, Xos, Xos, Xos, Xos, Xos, Xos, Xos, Xos, Xos, Xos, Xos, Xos, Xos, Xos, Xos, Xos, Xos, Xos, Xos, Xos, Xos, Xos, Xos, Xos, Xos, Xos, Xos, Xos, Xos, Xos, Xos, Xos, Xos, Xos, Xos, Xos, Xos, Xos, Xos, Xos, Xos, Xos, Xos, Xu, Xos, Xu, Xos, Xos, Xos, Xos, Xos, Xos, Xos, Xos, Xos, Xos, Xos, Xos, Xos, Xos, Xos, Xos, Xos, Xos, Xos, Xos, Xos, Xos, Xos, Xos
Xos, Xos, Xos, Xos, Xos, Xos, Xos, Xos, Xos, Xos, Xos, Xos, Xos, Xos, Xos, Xos, Xos, Xos, Xos, Xos, Xos, Xos, Xos, Xos, Xos, Xos, Xos, Xos, Xos, Xos, Xos, Xos, Xos, Xos, Xos, Xos, Xos, Xos, Xos, Xos, Xos, Xos, Xos, Xos, Xos, Xos, Xos, Xos, Xos, Xos, Xos, Xos, Xos, Xos, Xos, Xos, Xos, Xos, Xos, Xos, Xos, Xos, Xos, Xos, Xos, Xos, Xos, Xos, Xos, Xos, Xos, Xos, Xos, Xos, Xos, Xos, Xos, Xos, Xos, Xos, Xos, Xos
Xos, Xos, Xos, Xos, Xos, Xos, Xos, Xos, Xos, Xos, Xos, Xos, Xos, Xos, Xos, Xos, Xos, Xos, Xos, Xos, Xos, Xos, Xos, Xos, Xos, Xos, Xos, Xos, Xos, Xos, Xos, Xos, Xos, Xos, Xos, Xos, Xos, Xos, Xos, Xos, Xos, Xos, Xos, Xos, Xos, Xos, Xos, Xos, Xos, Xos, Xos, Xos, Xos, Xos, Xos, Xos, Xos, Xos, Xos, Xos, Xos, Xos, Xos, Xos, Xos, Xos, Xos, Xos, Xos, Xos, Xos, Xos, Xos, Xos, Xos, Xos, Xos, Xos, Xos, Xos, Xos, Xos
Xos, Xos, Xos, Xos, Xos, Xos, Xos, Xos, Xos, Xos, Xos, Xos, Xos, Xos, Xos, Xos, Xos, Xos, Xos, Xos, Xos, Xos, Xos, Xos, Xos, Xos, Xos, Xos, Xos, Xos, Xos, Xos, Xos, Xos, Xos, Xos, Xos, Xos, Xos, Xos, Xos, Xos, Xos, Xos, Xos, Xos, Xos, Xos, Xos, Xos, Xos, Xos, Xos, Xos, Xos, Xos, Xos, Xos, Xos, Xos, Xos, Xos, Xos, Xos, Xos, Xos, Xos, Xos, Xos, Xos, Xos, Xos, Xos, Xos, Xos, Xos, Xos, Xos, Xos, Xos, Xos, Xos
