Mdd, Hd, Hd, Hd, Hd, Dd, Dd, Dd, Dd, Dd, Cud, Ds, Ds, Ds, Re, Yhs, Yhs, Ds, Ds, Re, Ds, Cud, Ds, Ds, Re, Yhs, Ds^Edb, Dd, Hd, Dd, Dd, Hd, Hd, Hd, Dd, Dd, Hd, Hd, Dd^Edb, Dd, Dd, Rd, Rd, Dd
Hd, Hd, Hd, Hd, Dd, Dd, Dd, Dd^Edpp, Dd, Ds, Ds, Qxu, Ds, Ds, Yhs, Yhs, Ds, Ds^Es, Ds^Edb, Qxu, Qxu, Ds, Ds, Ds, Qxu, Ds^Edb, Dd^Edb, Dd, Hd, Dd, Dd^Edb, Hd, Hd, Hd, Dd, Hd, Hd, Dd^Edb, Dd^Edb, Dd^Edb, Rd, Rd, Rd^Edb, Dd^Edb
Hd, Hd, Hd, Hd, Qxu, Dd, Ds^Edb, Dd^Edb, Qxu, Ds, Qxu, Qxu, Qxu, Qxu, Ds, Yhs^Xp, Ds, Ds^Edb, Yhs, Qxu, Re, Qxu, Qxu, Yhs, Qxu, Qxu, Dd^Edb, Dd^Edb, Dd^Vdt, Hd, Dd^Edb, Dd, Dd, Dd, Co, Dd, Dd, Dd, Dd^Edb, Dd, Dd, Dd^Edb, Dd^Edb, Dd^Edb
Hd, Hd, Ds, Qxu, Qxu, Dd^Edb, Dd^Edb, Dd^Edb, Ds, Qxu, Qxu, Qxu, Yhs, Qxu, Qxu, Ds, Cud, Ds, Re^Es, Re^Es, Qxu, Qxu, Qxu, Re, Re, Ds^Edb, Dd, Hd, Dd, Dd^Edb, Dd^Edb, Co, Dd^Edb, Dd, Dd, Co, Dd, Dd^Vda, Rd, Rd, Dd^Edb, Dd^Edb, Dd^Edb, Dd^Edb
Dd, Dd, Co, Dd^Edb, Dd^Edb, Dd^Edb, Dd^Edb, Qxu, Qxu, Qxu, Qxu, Qxu, Qxu, Yhs, Qxu, Ds, Qxu, Ds, Re, Re, Qxu, Ds, Qxu, Qxu, Ds, Ds, Dd, Qxu, Ds, Dd^Edb, Dd, Dd, Ds^Edb, Dd^Edb, Dd^Vda, Dd, Dd^Edb, Rd, Dd, Rd, Dd^Edb, Hd, Dd^Edb, Dd^Edb
Dd, Co, Ds, Co, Dd, Dd^Edb, Ds^Edb, Dd, Ds, Qxu, Qxu, Qxu, Qxu, Qxu, Qxu, Qxu, Qxu, Qxu, Qxu, Qxu, Qxu, Qxu, Qxu, Qxu, Qxu, Qxu, Qxu, Qxu, Qxu, Qxu, Qxu, Dd, Qxu, Dd, Dd^Edb, Dd, Rd^Edb, Rd^Edb, Dd^Edb, Dd^Edb, Dd, Hd, Hd, Dd^Edb
Dd, Dd^Edt, Ds^Dr, Dd, Dd, Yhs^Xp, Ds, Qxu, Dd, Ds, Qxu, Qxu, Qxu, Qxu, Qxu, Qxu, Qxu, Qxu, Qxu, Qxu, Qxu, Qxu, Qxu, Qxu, Qxu, Qxu, Qxu, Qxu, Qxu, Qxu, Qxu, Qxu, Qxu, Ds, Dd^Edb, Dd^Edb, Re, Rd, Dd^Edb, Co^Edb, Co, Dd, Hd, Dd
Dd^Edb, Dd, Dd^Edb, Dd, Qxu, Qxu, Cud, Qxu, Qxu, Qxu, Qxu, Qxu, Qxu, Qxu, Qxu, Qxu, Qxu, Qxu, Qxu, Qxu, Cud, Qxu, Cud, Qxu, Cud, Qxu, Qxu, Qxu, Qxu, Qxu, Qxu, Cud, Qxu, Dd, Rr^Edb, Re^Edb, Dd, Dd^Edb, Dd^Edb, Ds^Edb, Co, Dd, Hd, Hd
Rr^Edb, Rr^Edb, Rr^Edb, Dd^Edb, Qxu, Qxu, Qxu, Qxu, Qxu, Qxu, Qxu, Qxu, Qxu, Qxu, Cud^Edb, Cud^Edb, Cud^Edb, Cud, Cud, Cud, Yhs, Cud, Uu, Cud, Uu, Cud, Cud, Qxu, Qxu, Qxu, Qxu, Qxu, Qxu, Qxu, Dd, Dd, Dd, Qxu, Dd^Vda, Dd, Ds, Dd, Hd, Hd
Dd, Dd^Edb, Dd, Rr^Edb, Rr, Qxu, Qxu, Qxu, Qxu, Qxu, Cud, Qxu, Cud, Cud^Edb, Uu^Edb, Uu^Edb, Uu, Yhs, Yhs, Yhs, Yhs^Xp, Yhs, Uu^Dr, Uu, Uu, Uu^Edb, Uu^Edb, Cud, Qxu, Qxu, Qxu, Qxu^Bcx/, Qxu, Qxu, Qxu, Cud, Qxu, Qxu, Qxu, Qxu, Dd, Hd, Hd, Dd
Dd^Dr, Ds^Edb, Cud, Ds, Qxu, Qxu^Bcx\, Qxu, Qxu, Qxu, Cud, Uu, Cud, Uu, Uu^Edb, Rr, Qxu, Qxu, Yhs^Xp, Rr, Cud, Uu, Uu, Uu, Uu, Cud^Edb, Uu^Edb, Uu^Edb, Uu^Edb, Rr^Edb, Qxu^Bcx/, Qxu, Qxu, Qxu, Qxu, Qxu, Qxu, Qxu, Qxu, Qxu, Qxu, Ds, Hd, Hd, Hd
Ds, Qxu, Qxu, Qxu, Qxu, Qxu, Qxu, Qxu^Bcx\, Rr, Uu, Uu^Dr, Uu, Rr, Rr^Edb, Uu, Qxu, Uu, Rr^Dr, Uu, Rr, Rr, Uu, Qxu, Cud, Kud^Edb, Cud^Edb, Uu^Edb, Rr^Edb, Uu^Edb, Uu, Qxu, Cud, Cud, Qxu, Qxu, Qxu, Qxu, Qxu, Ds, Ds, Qxu, Ds, Hd, Hd
Ds, Qxu, Qxu, Qxu, Qxu, Cud, Cud, Uu, Uu^Edb, Rr, Rr^Edb, Rr^Edb, Uu^Edb, Uu, Xos, Xos, Xos, Uu, Uu, Uu^Edt, Uu, Rr, Rr, Cud, Cud^Edb, Cud^Edb, Rr, Rr^Edb, Uu, Uu, Qxu, Uu, Uu^Es, Cud, Cud, Qxu, Qxu, Qxu, Qxu, Ds, Qxu, Qxu, Hd, Hd
Dd^Es, Ds, Ds, Qxu, Qxu, Qxu, Qxu, Cud, Uu, Rr^Edb, Rr^Edb, Uu^Edb, Uu, Xos, Xos^Zok, Xos^Zok, Xos^Zok, Xos, Qxu, Qxu, Qxu, Qxu, Uu, Rr, Rr^Edb, Rr^Edb, Uu^Vud, Uu, Qxu, Qxu, Cud, Uu, Rr, Rr, Cud^Edb, Qxu, Qxu, Qxu, Qxu, Qxu, Qxu, Qxu, Dd, Dd
Ds^Edt, Ds, Qxu, Qxu, Qxu, Qxu, Cud, Cud, Cud, Uu^Edb, Rr^Edb, Uu^Vud, Qxu, Xos, Xos^Zok, 9 Urb^Zok, Urb^Zok, Xos, Cud, Qxu, Qxu, Uu, Uu^Edt, Rr, Uu^Dr, Uu, Uu^Edb, Uu, Qxu, Qxu, Yhs^Edb, Uu^Edb, Qxu, Cud^Edb, Kud^Edb, Cud, Qxu, Qxu, Qxu, Qxu, Uu, Qxu, Qxu, Hd
Ds^Es, Ds^Edt, Qxu, Dd, Qxu, Qxu, Cud, Kud, Cud, Uu^Edb, Rr^Edb, Qxu, Qxu, Xos, Xos, Xos^Zok, Xos, Urb, Uu, Qxu, Qxu, Uu^Dr, Uu, Rr, Qxu, Uu, Rr^Edb, Rr, Qxu, Uu^Dr, Uu^Edb, Qxu, Qxu, Cud^Edb, Cud^Edb, Cud^Edb, Qxu, Qxu, Qxu, Qxu, Qxu, Qxu, Qxu, Dd
Qxu, Qxu, Qxu, Qxu, Dd, Qxu, Qxu, Cud, Uu, Uu, Rr, Qxu, Rr, Uu, Uu, Xos, Qxu, Cud, Qxu, Qxu^Bcx\, Qxu^Bcx\, 1 Uu, Uu, Qxu, Qxu, Rr^Edb, Uu^Edb, Qxu, Uu^Edb, Rr^Edb, Rr^Edb, Rr^Edb, Rr^Edb, Qxu, Rr, Cud, Cud, Qxu, Qxu, Qxu, Uu, Qxu, Uh, Uu
Qxu, Qxu, Dd, Qxu, Qxu, Qxu, Qxu, Uu, Rr^Dr, Rr, Uu^Dr, Uu, Yhs^Xp, Rr, Rr^Edb, Qxu, Qxu, Qxu, Qxu, Qxu, Uu, Rr, Rr, Rr^Edb, Uu^Edb, Uu, Qxu, Uu^Edb, Cud, Uu^Edb, Uu^Edt, Uu^Edb, Uu^Dr, Rr, Rr^Edb, Rr^Edb, Cud, Qxu, Qxu, Qxu, Qxu, Qxu, Uu, Uzw
Qxu, Dd^Es, Ds, Ds, Qxu, Qxu, Qxu, Rr, Uu, Uu, Qxu, Qxu, Yhs, Yhs, Yhs^Xp, Rr^Edb, Uu^Dr, Qxu, Qxu, Cud, Yhs^Edb, Uu^Edb, Uu^Vud, Rr^Edb, Uu^Edb, Uu, Yhs, Qxu, Uu^Edb, Uu^Edb, Qxu, Qxu, Yhs^Xp, Uu, Rr^Edb, Uu^Edb, Uu, Cud, Qxu, Qxu, Qxu, Qxu, Uu, Uu
Yhs, Yhs, Qxu, Cud, Qxu, Qxu, Qxu, Uu, Cud, Uu, Uu, Qxu, Qxu, Yhs^Xp, Yhs^Edb, Rr^Edb, Uu^Edb, Qxu, Qxu, Yhs^Edb, Uu^Edb, Uu^Edb, Uu, Rr^Edb, Uu^Edb, Yhs^Xp, Yhs^Xp, Qxu, Uu^Dr, Uu^Edt, Qxu, Qxu, Qxu, Qxu, Rr^Edb, Uu^Edb, Uu, Cud, Qxu, Qxu, Qxu, Qxu, Qxu, Qxu
Ds, Yhs^Xp, Qxu, Qxu, Qxu, Qxu, Qxu, Qxu, Qxu, Cud, Qxu, Qxu, Cud, Uu, Uu, Rr^Edb, Rr^Edb, Uu^Edb, Uu^Edb, Uu^Edb, Uu^Edb, Uu^Dr, Uu, Rr^Edb, Qxu, Yhs, Qxu, Uu, Uu, Uu, Uu, Qxu, Uu, Uu, Rr, Uu^Edb, Uu, Cud^Edb, Qxu, Qxu, Qxu, Uu, Qxu, Qxu
Uzw, Qxu, Yhs, Uu, Uu^Vd, Qxu, Uu, Qxu, Qxu, Qxu, Qxu, Cud, Qxu, Cud, Cud, Uu, Uu^Edb, Rr^Edb, Rr^Edb, Rr^Edb, Rr, Uu^Edt, Rr^Edt, Rr, Qxu, Qxu, Uu^Edt, Uu^Edt, Qxu, Cud, Uu, Qxu, Rr^Edb, Rr^Edb, Uu, Rr, Cud, Cud^Edb, Qxu, Qxu, Qxu, Uu^Vud, Yhs, Uh
Uu^Vu, Uzw, Yhs, Yhs, Uu, Uu, Qxu, Qxu, Qxu, Qxu, Qxu, Qxu, Qxu, Qxu, Qxu, Qxu, Qxu^Bcx/, Rr, Uu, Uu, Uu^Edt, Rr^Edt, Uu^Edt, Uu^Dr, Qxu, Rr, Rr^Edt, Uu^Edt, Rr, Uu, Rr^Dr, Rr^Edb, Uu^Edb, Uu^Edb, Qxu^Bcx\, Qxu, Qxu, Qxu, Qxu, Qxu, Qxu, Qxu, Qxu, Qxu
Qxu, Qxu, Qxu, Yhs^Xp, Uzw^Edb, Qxu, Qxu, Qxu, Qxu, Qxu, Qxu, Qxu, Qxu, Qxu, Qxu, Qxu^Bcx/, Qxu, Qxu, Cud, Uu^Edt, Qxu, Uu^Edt, Uu^Edt, Uu^Edt, Qxu, Qxu, Uu^Edb, Rr, Uu, Qxu, Cud, Uu, Cud, Qxu, Qxu, Qxu^Bcx\, Qxu^Bp\, Qxu, Qxu, Qxu, Qxu, Yhs, Qxu, Uu
Qxu, Qxu, Uzw^Edb, Uzw^Edb, Uzw^Edb, Qxu, Qxu, Yhs, Yhs^Xp, Cud, Yhs, Qxu, Qxu^Bcx/, Qxu, Qxu, Qxu, Qxu, Qxu, Qxu, Cud, Cud, Qxu, Qxu, Qxu, Uu^Edb, Uu, Cud^Edb, Uu, Cud, Qxu, Qxu, Cud, Qxu, Qxu, Qxu, Qxu, Qxu, Qxu, Qxu, Qxu, Qxu, Qxu, Uh, Yhs^Xp
Uu, Yhs, Yhs^Edb, Uzw^Edb, Yhs^Xp, Uzw, Qxu, Yhs, Yhs, Yhs, Re, Re, Qxu, Qxu, Qxu, Qxu, Cud, Qxu, Qxu, Qxu, Qxu, Qxu, Qxu, Cud, Cud, Cud^Edb, Qxu, Cud, Qxu, Qxu, Qxu, Qxu, Qxu, Qxu, Qxu, Qxu, Qxu, Qxu, Uu, Qxu, Qxu, Ds^Es, Uu, Uu
Uu^Vud, Yhs, Yhs^Xp, Uzw^Edb, Uu^Edb, Qxu, Qxu, Qxu, Uh, Yhs^Xp, Qxu, Qxu, Qxu, Qxu, Yhs, Qxu, Qxu, Yhs, Yhs, Qxu, Qxu, Qxu, Qxu, Qxu, Qxu, Qxu, Qxu, Qxu, Qxu, Qxu, Qxu, Qxu, Qxu, Qxu, Qxu, Uu, Uu, Qxu, Qxu, Qxu, Ds, Ds, Ds^Es, Ds
Yhs^Xp, Uu, Uh, Qxu, Uu^Edb, Uu^Edb, Uzw^Edb, Qxu, Uh, Qxu, Uu, Qxu, Uh, Qxu, Qxu, Qxu, Yhs, Qxu, Yhs, Qxu, Qxu, Qxu, Qxu, Qxu, Qxu, Qxu, Qxu, Qxu, Qxu, Qxu, Qxu, Uu, Uh, Qxu, Yhs, Yhs, Uh, Qxu, Uu, Uu, Uh, Yhs^Xp, Ds, Uzw
Ds, Ds, Qxu, Qxu, Uzw^Edb, Uzw^Edb, Uzw^Edb, Uh, Qxu, Uh, Uzw, Qxu, Uu, Uu^Edb, Uu^Edb, Uzw, Yhs, Uh, Yhs^Xp, Yhs, Qxu, Yhs, Yhs, Qxu, Qxu, Qxu, Qxu, Uu, Qxu, Qxu, Qxu, Uu, Qxu, Qxu, Yhs, Yhs^Xp, Qxu, Qxu, Qxu, Uh, Yhs, Yhs, Ds, Uzw
Uzw, Ds, Qxu, Qxu, Yhs, Yhs^Xp, Yhs, Qxu, Qxu, Qxu, Qxu, Yhs, Qxu, Uu^Edb, Uzw^Edb, Uh, Qxu, Qxu, Qxu, Ds^Es, Ds, Qxu, Qxu, Yhs^Xp, Qxu, Qxu, Qxu, Qxu, Qxu, Uh, Uu, Qxu, Qxu, Yhs^Edb, Yhs^Edb, Uh, Yhs, Uu^Edb, Yhs^Edb, Yhs, Uh, Uh, Qxu, Yhs
Uu, Uu^Es, Uu, Qxu, Uh, Uh, Qxu, Uh, Uh, Qxu, Uzw, Qxu, Qxu, Yhs^Xp, Uzw^Edb, Uzw^Edb, Qxu, Qxu, Qxu, Yhs, Yhs, Ds, Qxu, Qxu, Ds, Ds^Es, Ds^Edb, Ds, Qxu, Uu^Vd, Uh, Qxu, Qxu, Qxu, Yhs, Yhs^Edb, Yhs^Edb, Yhs^Edb, Uu, Uu^Edb, Uu^Edb, Qxu, Qxu, Yhs
Uu, Uu, Uzw, Uu, Yhs, Uh, Uh, Qxu, Uu, Uu, Uu, Qxu, Qxu, Yhs, Yhs, Uzw, Ds, Qxu, Qxu, Qxu, Yhs^Xp, Yhs, Ds, Qxu, Yhs^Edb, Ds^Edb, Ds^Edb, Ds^Edb, Uzw, Qxu, Uu, Qxu, Uh, Qxu, Yhs^Edb, Yhs^Edb, Qxu, Uh, Qxu, Uu^Vud, Uzw, Qxu, Qxu, Yhs
Uu, Uu, Yhs, Yhs^Xp, Yhs, Uh, Qxu, Qxu, Yhs, Uu, Yhs, Ds, Qxu, Qxu, Qxu, Uu, Ds, Ds^Es, Yhs, Qxu, Ds, Yhs, Uu, Uu, Yhs, Yhs^Edb, Qxu, Qxu, Uzw, Uu, Qxu, Qxu, Yhs, Yhs, Yhs, Qxu, Qxu, Qxu, Qxu, Yhs, Uzw, Uzw, Qxu, Yhs
Ds, Yhs, Yhs^Xp, Yhs^Xp, Uzw, Qxu, Qxu, Uzw, Yhs, Yhs^Xp, Yhs, Uu, Ds^Es, Ds, Ds, Ds, Ds, Uzw, Uzw, Yhs, Yhs, Yhs, Uu, Uu^Vu, Uu, Yhs^Xp, Yhs, Uzw, Uzw, Uzw, Qxu, Qxu, Qxu, Yhs^Xp, Uu, Uu, Qxu, Qxu, Yhs, Yhs, Uzw, Yhs, Ds, Ds
