border_size=1
usage=map

Qxu         , Qxu         , Qxu         , Qxu         , Dd          , Dd^Dr       , Hd          , Dd^Dc       , Dd          , Hd          , Hd          , Dd          , Qxu         , Dd^Dr       , Dd          , Ds          , Rd          , Dd          , Hd          , Dd          , Dd          , Dd          , Dd^Dr       , Dd          , Dd          , Gs^Ft       , Gs^Ft       , Gs          , Qxu         , Qxu         , Qxu         , Qxu         
Dd          , Dd          , Qxu         , Qxu         , Rd          , Dd          , Rd          , Hd          , Dd          , Hd          , Dd          , Dd          , Dd          , Dd          , Dd          , Dd          , Rd          , Dd          , Hd          , Hd          , Dd          , Dd^Dc       , Dd          , Dd          , Dd          , Qxu         , Qxu         , Gs          , Rd          , Qxu         , Gs          , Gs          
Rd          , Rd          , Qxu         , Qxu         , Qxu         , Qxu         , Qxu         , Rd          , Rd          , Dd          , Qxu         , Qxu         , Qxu         , Qxu         , Qxu         , Qxu         , Qxu         , Qxu         , Qxu         , Hd          , Dd          , Dd          , Dd          , Hd          , Dd^Dr       , Dd          , Qxu         , Qxu         , Qxu         , Qxu         , Hd          , Gs          
Qxu         , Ds          , Qxu         , Qxu         , Hd          , Qxu         , Qxu         , Qxu         , Qxu         , Qxu         , Qxu         , Qxu         , Chr         , Qxu         , Chr         , Qxu         , Qxu         , Qxu         , Qxu         , Qxu         , Qxu         , Qxu         , Qxu         , Dd          , Rd          , Rd          , Qxu         , Dd          , Qxu         , Qxu         , Hd          , Dd          
Qxu         , Qxu         , Qxu         , Qxu         , Hd          , Dd          , Dd          , Qxu         , Qxu         , Qxu         , Chr         , Qxu         , Qxu         , Chr         , Ds          , Chr         , Ryd         , Chr         , Chr         , Chr         , Chr         , Qxu         , Qxu         , Qxu         , Qxu         , Qxu         , Qxu         , Dd          , Dd^Dr       , Hd          , Hd          , Hd          
Rd          , Qxu         , Rd          , Dd          , Hd          , Dd          , Qxu         , Qxu         , Chr         , Chr         , Uu          , Qxu         , Qxu         , Ryd         , Uu          , Uu          , Ryd         , Ryd         , Dd^Dr       , Ds          , Qxu         , Qxu         , Chr         , Qxu         , Qxu         , Qxu         , Hd          , Dd          , Dd          , Dd^Dr       , Dd          , Gs^Ft       
Dd          , Rd          , Dd^Dc       , Rd          , Rd          , Dd          , Qxu         , Qxu         , Chr         , Uu          , Uu          , Uu          , Qxu         , Ryd         , Ryd         , Ryd         , Ryd         , Ryd         , Ryd         , Qxu         , Qxu         , Ds          , Ds          , Chr         , Qxu         , Qxu         , Hd          , Hd          , Hd          , Dd          , Dd          , Hd          
Qxu         , Dd          , Dd          , Dd^Dr       , Dd          , Qxu         , Qxu         , Qxu         , Chr         , Ds          , Uu          , Dd^Dr       , Qxu         , Ryd         , Ryd         , Ryd         , Dd^Dr       , Ryd         , Qxu         , Qxu         , Ryd         , Dd^Dr       , Ds          , Chr         , Qxu         , Qxu         , Qxu         , Hd          , Dd          , Dd          , Dd          , Hd          
Qxu         , Qxu         , Hd          , Hd          , Qxu         , Qxu         , Chr         , Qxu         , Ryd         , Ryd         , Ryd         , Dd^Dr       , Ryd         , Qxu         , Ds          , Dd^Dr       , Chr         , Ds          , Ds          , Qxu         , Ryd         , Uu          , Dd^Dr       , Chr         , Chr         , Qxu         , Qxu         , Hd          , Dd          , Dd          , Dd          , Dd          
Qxu         , Qxu         , Qxu         , Hd          , Qxu         , Chr         , Ds          , Ds          , Uu          , Ryd         , Ryd         , Ryd         , Qxu         , Qxu         , Chr         , Chr         , Ds          , Chr         , Chr         , Ryd         , Ryd         , Uu          , Ds          , Ds          , Ds          , Chr         , Qxu         , Qxu         , Dd          , Dd          , Hd          , Hd          
Dd          , Qxu         , Hd          , Dd^Dr       , Qxu         , Chr         , Ds          , Uu          , Uu          , Dd^Dr       , Ryd         , Qxu         , Chr         , Qxu         , Qxu         , Ds          , Ds          , Ds          , Ryd         , Chr         , Ryd         , Ryd         , Ryd         , Uu          , Uu          , Chr         , Chr         , Qxu         , Qxu         , Dd          , Qxu         , Qxu         
Rd          , Dd          , Dd          , Qxu         , Qxu         , Chr         , Ds          , Uu          , Uu          , Uu          , Ryd         , Qxu         , Chr         , Qxu         , Qxu         , Ryd         , Chr         , Ryd         , Ryd         , Ryd         , Chr         , Ryd         , Qxu         , Ryd         , Qxu         , Ds          , Chr         , Qxu         , Qxu         , Qxu         , Qxu         , Qxu         
Dd          , Rd          , Qxu         , Qxu         , Qxu         , Chr         , Dd^Dr       , Uu          , Dd^Dr       , Ds          , Ryd         , Qxu         , Chr         , Qxu         , Qxu         , Chr         , Khr         , Chr         , Qxu         , Qxu         , Chr         , Ds          , Dd^Dr       , Qxu         , Qxu         , Qxu         , Qxu         , Qxu         , Qxu         , Qxu         , Dd          , Dd          
Qxu         , Dd          , Qxu         , Qxu         , Qxu         , Chr         , Ds          , Uu          , Ryd         , Ryd         , Ryd         , Qxu         , Chr         , Qxu         , Qxu         , Chr         , Chr         , Chr         , Ryd         , Qxu         , Chr         , Ds          , Ds          , Qxu         , Ryd         , Chr         , Qxu         , Qxu         , Qxu         , Dd          , Dd          , Dd          
Qxu         , Dd          , Qxu         , Qxu         , Chr         , Ryd         , Ryd         , Ryd         , Ryd         , Ryd         , Qxu         , Qxu         , Qxu         , Qxu         , Chr         , Qxu         , Qxu         , Ryd         , Ryd         , Ryd         , Ryd         , Qxu         , Qxu         , Ryd         , Ryd         , Chr         , Qxu         , Qxu         , Dd          , Rd          , Rd          , Dd^Vdt      
Qxu         , Qxu         , Qxu         , Qxu         , Chr         , Ryd         , Ryd         , Ryd         , Ryd         , Qxu         , Uu^Cd       , Uu^Cd       , Uu^Cd       , Qxu         , Qxu         , Chr         , Qxu         , Qxu         , Chr         , Chr         , Dd^Dr       , Qxu         , Qxu         , Ryd         , Uu          , Chr         , Qxu         , Qxu         , Dd          , Dd^Dr       , Dd          , Rd          
Dd          , Qxu         , Qxu         , Chr         , Qxu         , Qxu         , Qxu         , Ryd         , Uu^Cd       , Uu^Cd       , Xu          , Xu          , Xu          , Uu^Cd       , Uu^Cd       , Qxu         , Ds          , Chr         , Ds          , Ds          , Ds          , Ryd         , Qxu         , Uu          , Ds          , Chr         , Qxu         , Qxu         , Dd          , Dd          , Dd          , Dd          
Dd^Dc       , Qxu         , Qxu         , Ch          , Qxu         , Qxu         , Qxu         , Qxu         , Uu^Cd       , Xu          , Uu^Cd       , Uu^Cd       , Uu^Cd       , Xu          , Xu          , Uu^Cd       , Dd^Dr       , Ds          , Ds          , Dd^Dr       , Uu          , Ryd         , Ryd         , Uu          , Ds          , Chr         , Qxu         , Qxu         , Hd          , Dd          , Dd          , Hd          
Dd          , Qxu         , Qxu         , Chr         , Qxu         , Qxu         , Qxu         , Qxu         , Uu^Cd       , Xu          , Uu^Cd       , 1 Uu        , Uu          , Xu          , Uu          , Uu^Cd       , Ryd         , Ds          , Ryd         , Uu          , Ryd         , Ryd         , Ryd         , Ds          , Chr         , Chr         , Qxu         , Qxu         , Hd          , Hd          , Dd^Dr       , Dd          
Dd^Dr       , Qxu         , Qxu         , Chr         , Qxu         , Qxu         , Ryd         , Ryd         , Uu^Cd       , Xu          , Uu^Cd       , Uu          , Uu          , Uu          , Uu          , Ryd         , Ryd         , Ryd         , Ryd         , Ryd         , Ryd         , Ryd         , Qxu         , Chr         , Qxu         , Qxu         , Qxu         , Dd          , Hd          , Hd          , Dd          , Dd          
Hd          , Qxu         , Qxu         , Chr         , Ch          , Ryd         , Ryd         , Ryd         , Uu^Cd       , Xu          , Xu          , Xu          , Xu          , Xu          , Uu^Cd       , Ryd         , Ryd         , Dd^Dr       , Qxu         , Qxu         , Chr         , Chr         , Qxu         , Qxu         , Qxu         , Qxu         , Dd          , Dd          , Dd          , Dd          , Ds          , Ds          
Qxu         , Dd          , Qxu         , Qxu         , Qxu         , Qxu         , Chr         , Dd^Dr       , Qxu         , Uu^Cd       , Uu^Cd       , Uu^Cd       , Uu^Cd       , Uu^Cd       , Qxu         , Ryd         , Ryd         , Qxu         , Qxu         , Chr         , Qxu         , Qxu         , Qxu         , Qxu         , Dd          , Rd          , Rd          , Dd          , Dd^Dr       , Dd          , Ds          , Ds          
Dd          , Dd^Dr       , Rd          , Qxu         , Qxu         , Qxu         , Chr         , Uu          , Uu          , Qxu         , Qxu         , Qxu         , Qxu         , Qxu         , Dd^Dr       , Ryd         , Ryd         , Ryd         , Qxu         , Chr         , Qxu         , Qxu         , Dd          , Dd          , Dd          , Dd          , Dd          , Rd          , Rd          , Rd          , Rd          , Ds          
Rd          , Rd          , Dd^Dr       , Dd          , Qxu         , Qxu         , Chr         , Uu          , Uu          , Uu          , Uu          , Uu          , Uu          , Qxu         , Chr         , Ryd         , Chr         , Chr         , Qxu         , Qxu         , Qxu         , Qxu         , Dd          , Dd^Dr       , Dd          , Dd^Dr       , Hd          , Hd          , Hd          , Dd          , Ds          , Rd          
Qxu         , Dd          , Qxu         , Dd^Dr       , Qxu         , Qxu         , Qxu         , Chr         , Chr         , Uu          , Uu          , Uu          , Chr         , Chr         , Qxu         , Qxu         , Qxu         , Qxu         , Qxu         , Qxu         , Hd          , Rd          , Rd          , Dd          , Dd          , Dd          , Dd^Dc       , Hd          , Qxu         , Ds          , Qxu         , Qxu         
Qxu         , Qxu         , Qxu         , Qxu         , Qxu         , Qxu         , Qxu         , Qxu         , Qxu         , Chr         , Ch          , Ch          , Qxu         , Qxu         , Qxu         , Qxu         , Qxu         , Qxu         , Dd          , Hd          , Hd          , Dd          , Dd          , Rd          , Rd          , Dd          , Dd          , Hd          , Qxu         , Qxu         , Qxu         , Qxu         
